BL51 BANKED LINKER/LOCATER V6.22.2.0                                                    11/29/2018  20:32:59  PAGE 1


BL51 BANKED LINKER/LOCATER V6.22.2.0, INVOKED BY:
E:\MDK\C51\BIN\BL51.EXE .\Objects\STARTUP.obj, .\Objects\bsp_pwm.obj, .\Objects\bsp_uart.obj, .\Objects\bsp_timer.obj, .
>> \Objects\TimeOut.obj, .\Objects\bsp_i2c_s.obj, .\Objects\bsp_i2c_port.obj, .\Objects\main.obj, .\Objects\app.obj, .\O
>> bjects\S_TouchKeyCFG.obj, ..\lib\SC93F8XXX_HighSensitive_Lib_T1_V0.0.2.LIB TO .\Objects\soc_pro PRINT (.\Listings\soc
>> _pro.m51) RAMSIZE (256)


MEMORY MODEL: SMALL


INPUT MODULES INCLUDED:
  .\Objects\STARTUP.obj (?C_STARTUP)
  .\Objects\bsp_pwm.obj (BSP_PWM)
  .\Objects\bsp_uart.obj (BSP_UART)
  .\Objects\bsp_timer.obj (BSP_TIMER)
  .\Objects\TimeOut.obj (TIMEOUT)
  .\Objects\bsp_i2c_s.obj (BSP_I2C_S)
  .\Objects\bsp_i2c_port.obj (BSP_I2C_PORT)
  .\Objects\main.obj (MAIN)
  .\Objects\app.obj (APP)
  .\Objects\S_TouchKeyCFG.obj (S_TOUCHKEYCFG)
  ..\lib\SC93F8XXX_HighSensitive_Lib_T1_V0.0.2.LIB (SENSORMETHOD)
  E:\MDK\C51\LIB\C51S.LIB (?C_INIT)
  E:\MDK\C51\LIB\C51S.LIB (?C?COPY)
  E:\MDK\C51\LIB\C51S.LIB (?C?CLDPTR)
  E:\MDK\C51\LIB\C51S.LIB (?C?CSTPTR)
  E:\MDK\C51\LIB\C51S.LIB (?C?IMUL)
  E:\MDK\C51\LIB\C51S.LIB (?C?UIDIV)
  E:\MDK\C51\LIB\C51S.LIB (?C?IILDX)
  E:\MDK\C51\LIB\C51S.LIB (?C?ILDIX)
  E:\MDK\C51\LIB\C51S.LIB (?C?ILDPTR)
  E:\MDK\C51\LIB\C51S.LIB (?C?LNOT)
  E:\MDK\C51\LIB\C51S.LIB (?C?ULCMP)
  E:\MDK\C51\LIB\C51S.LIB (?C?ULSHR)
  E:\MDK\C51\LIB\C51S.LIB (?C?LSHL)
  E:\MDK\C51\LIB\C51S.LIB (?C?LLDOPTR)
  E:\MDK\C51\LIB\C51S.LIB (?C?LSTPTR)
  E:\MDK\C51\LIB\C51S.LIB (?C?LSTOPTR)
  E:\MDK\C51\LIB\C51S.LIB (?C?LLDPTR0)
  E:\MDK\C51\LIB\C51S.LIB (?C?OFFXADD)
  E:\MDK\C51\LIB\C51S.LIB (?C?MEMSET)
  E:\MDK\C51\LIB\C51S.LIB (?C?LLDIDATA)
  E:\MDK\C51\LIB\C51S.LIB (?C?LLDXDATA)
  E:\MDK\C51\LIB\C51S.LIB (?C?LLDPDATA)
  E:\MDK\C51\LIB\C51S.LIB (?C?LLDCODE)
  E:\MDK\C51\LIB\C51S.LIB (?C?LLDIDATA0)
  E:\MDK\C51\LIB\C51S.LIB (?C?LLDXDATA0)
  E:\MDK\C51\LIB\C51S.LIB (?C?LLDPDATA0)
  E:\MDK\C51\LIB\C51S.LIB (?C?LLDCODE0)
  E:\MDK\C51\LIB\C51S.LIB (?C?LSTIDATA)
  E:\MDK\C51\LIB\C51S.LIB (?C?LSTXDATA)
  E:\MDK\C51\LIB\C51S.LIB (?C?LSTPDATA)


LINK MAP OF MODULE:  .\Objects\soc_pro (?C_STARTUP)


            TYPE    BASE      LENGTH    RELOCATION   SEGMENT NAME
BL51 BANKED LINKER/LOCATER V6.22.2.0                                                  11/29/2018  20:32:59  PAGE 2


            -----------------------------------------------------

            * * * * * * *   D A T A   M E M O R Y   * * * * * * *
            REG     0000H     0008H     ABSOLUTE     "REG BANK 0"
            DATA    0008H     0016H     UNIT         _DATA_GROUP_
                    001EH     0002H                  *** GAP ***
            BIT     0020H.0   0000H.2   UNIT         ?BI?SENSORMETHOD
            BIT     0020H.2   0000H.1   UNIT         _BIT_GROUP_
                    0020H.3   0000H.5                *** GAP ***
            DATA    0021H     000CH     UNIT         ?DT?BSP_UART
            DATA    002DH     0009H     UNIT         ?DT?SENSORMETHOD
            DATA    0036H     0008H     UNIT         ?DT?APP
            DATA    003EH     0006H     UNIT         ?DT?BSP_PWM
            DATA    0044H     0004H     UNIT         ?DT?_TIMEOUT_RECORD?TIMEOUT
            DATA    0048H     0004H     UNIT         ?DT?TIMEOUT
            DATA    004CH     0003H     UNIT         ?DT?_TIMEOUTDET_CHECK?TIMEOUT
            IDATA   004FH     0001H     UNIT         ?STACK

            * * * * * * *  X D A T A   M E M O R Y  * * * * * * *
            XDATA   0000H     005CH     UNIT         ?XD?S_TOUCHKEYCFG
            XDATA   005CH     003DH     UNIT         ?XD?APP
            XDATA   0099H     0009H     UNIT         ?XD?SENSORMETHOD

            * * * * * * *   C O D E   M E M O R Y   * * * * * * *
            CODE    0000H     0003H     ABSOLUTE     
            CODE    0003H     0008H     UNIT         ?PR?MAIN?MAIN
            CODE    000BH     0003H     ABSOLUTE     
            CODE    000EH     002DH     UNIT         ?PR?_GETCFGMSG?S_TOUCHKEYCFG
            CODE    003BH     0003H     ABSOLUTE     
            CODE    003EH     0003H     UNIT         ?PR?APP_KEY0HANDLE?APP
                    0041H     0002H                  *** GAP ***
            CODE    0043H     0003H     ABSOLUTE     
            CODE    0046H     0015H     UNIT         ?PR?_GETTKYZTHRESHOLD?S_TOUCHKEYCFG
            CODE    005BH     0003H     ABSOLUTE     
            CODE    005EH     039DH     UNIT         ?PR?_SENSORRENOVATE?SENSORMETHOD
            CODE    03FBH     0379H     UNIT         ?PR?APP_HANDLE?APP
            CODE    0774H     0377H     UNIT         ?C?LIB_CODE
            CODE    0AEBH     01A1H     UNIT         ?PR?APP_LOCKKEYHANDLE?APP
            CODE    0C8CH     0130H     UNIT         ?PR?TOUCHKEYSCAN?S_TOUCHKEYCFG
            CODE    0DBCH     011FH     UNIT         ?PR?_MULTIPLEDEAL?SENSORMETHOD
            CODE    0EDBH     0118H     UNIT         ?PR?SENSORMETHOD
            CODE    0FF3H     010AH     UNIT         ?PR?_IIC_WRITEDATA?BSP_I2C_S
            CODE    10FDH     00EDH     UNIT         ?PR?BSP_TIMER0IQRHANDLE?APP
            CODE    11EAH     00E4H     UNIT         ?PR?KEY_SCAN?APP
            CODE    12CEH     00BBH     UNIT         ?PR?_FILTERDATADEAL?SENSORMETHOD
            CODE    1389H     00A0H     UNIT         ?PR?_IIC_READDATA?BSP_I2C_S
            CODE    1429H     00A0H     UNIT         ?PR?APP_INIT?APP
            CODE    14C9H     009AH     UNIT         ?C_C51STARTUP
            CODE    1563H     0092H     UNIT         ?PR?CTK_ISR?SENSORMETHOD
            CODE    15F5H     0075H     UNIT         ?PR?_BSP_UARTSENDBUF?BSP_UART
            CODE    166AH     0071H     UNIT         ?PR?TOUCHKEYINIT?SENSORMETHOD
            CODE    16DBH     006EH     UNIT         ?PR?_IIC_NCK?BSP_I2C_S
            CODE    1749H     006DH     UNIT         ?PR?APP_KEY4HANDLE?APP
            CODE    17B6H     006BH     UNIT         ?PR?APP_HEATCOOLHANDLE?APP
            CODE    1821H     0068H     UNIT         ?PR?_IIC_START?BSP_I2C_S
            CODE    1889H     005EH     UNIT         ?PR?APP_LIGHTKEYHANDLE?APP
            CODE    18E7H     005DH     UNIT         ?PR?BSP_PWMHANDLE?BSP_PWM
BL51 BANKED LINKER/LOCATER V6.22.2.0                                                  11/29/2018  20:32:59  PAGE 3


            CODE    1944H     005BH     UNIT         ?PR?_IIC_STOP?BSP_I2C_S
            CODE    199FH     005AH     UNIT         ?PR?APP_MASSKEYHANDLE?APP
            CODE    19F9H     0058H     UNIT         ?PR?APP_WARMKEYHANDLE?APP
            CODE    1A51H     0053H     UNIT         ?PR?CURRENTSENSORCHOOSE?S_TOUCHKEYCFG
            CODE    1AA4H     0052H     UNIT         ?CO?S_TOUCHKEYCFG
            CODE    1AF6H     004CH     UNIT         ?PR?INITIALIZESENSORFLAG?SENSORMETHOD
            CODE    1B42H     004BH     UNIT         ?PR?_IIC_READ_DATA?BSP_I2C_S
            CODE    1B8DH     004AH     UNIT         ?PR?BSP_UART1IQRHANDLE?APP
            CODE    1BD7H     0043H     UNIT         ?PR?_IIC_WRITE_DATA?BSP_I2C_S
            CODE    1C1AH     0035H     UNIT         ?PR?_SYSTEM_SEND_MESSAGE?APP
            CODE    1C4FH     0033H     UNIT         ?PR?FILTERAVERGEDEAL?SENSORMETHOD
            CODE    1C82H     0030H     UNIT         ?PR?_TIMEOUTDET_CHECK?TIMEOUT
            CODE    1CB2H     002CH     UNIT         ?PR?_BSP_UARTINIT?BSP_UART
            CODE    1CDEH     002CH     UNIT         ?PR?_GETCURRFINGERVALUE?S_TOUCHKEYCFG
            CODE    1D0AH     0028H     UNIT         ?PR?_IIC_PORT_WRITE?BSP_I2C_PORT
            CODE    1D32H     0025H     UNIT         ?PR?FILTERCOMMCODE?SENSORMETHOD
            CODE    1D57H     0025H     UNIT         ?PR?SENSORKEYFLAG?SENSORMETHOD
            CODE    1D7CH     001FH     UNIT         ?PR?TOUCHKEYCFGINIT?S_TOUCHKEYCFG
            CODE    1D9BH     001EH     UNIT         ?PR?FILTERIIRINIT?SENSORMETHOD
            CODE    1DB9H     001DH     UNIT         ?PR?_IIC_DELAY_US?BSP_I2C_S
            CODE    1DD6H     001DH     UNIT         ?PR?APP_LEDINIT?APP
            CODE    1DF3H     001CH     UNIT         ?PR?_TIMEOUT_RECORD?TIMEOUT
            CODE    1E0FH     001CH     UNIT         ?PR?_IIC_PORT_READ?BSP_I2C_PORT
            CODE    1E2BH     001BH     UNIT         ?PR?INITIALIZEBASELINES?SENSORMETHOD
            CODE    1E46H     001AH     UNIT         ?PR?TIMEOUTDET_DECHANDLE?TIMEOUT
            CODE    1E60H     001AH     UNIT         ?PR?_IIC_PORT_SDA_SET?BSP_I2C_PORT
            CODE    1E7AH     0019H     UNIT         ?PR?BSP_PWNFULLON?BSP_PWM
            CODE    1E93H     0019H     UNIT         ?C_INITSEG
            CODE    1EACH     0018H     UNIT         ?PR?BSP_PWMOFF?BSP_PWM
            CODE    1EC4H     0018H     UNIT         ?PR?APP_CLOSEKEYHANDLE?APP
            CODE    1EDCH     0017H     UNIT         ?PR?APP_OPENKEYHANDLE?APP
            CODE    1EF3H     0013H     UNIT         ?PR?BSP_PWMINIT?BSP_PWM
            CODE    1F06H     0013H     UNIT         ?PR?BSP_TIMER0INIT?BSP_TIMER
            CODE    1F19H     0012H     UNIT         ?PR?_GETSCANTIMEVALUE?S_TOUCHKEYCFG
            CODE    1F2BH     0012H     UNIT         ?PR?_GETBASELINEADJUSTVALUE?S_TOUCHKEYCFG
            CODE    1F3DH     000FH     UNIT         ?PR?_IIC_PORT_INIT?BSP_I2C_PORT
            CODE    1F4CH     000CH     UNIT         ?PR?_USDELAY?SENSORMETHOD
            CODE    1F58H     000BH     UNIT         ?PR?SETONEKEYPUSHRESETTIME?S_TOUCHKEYCFG
            CODE    1F63H     000BH     UNIT         ?PR?GETBASELINEUPDATETHRESHOLD?S_TOUCHKEYCFG
            CODE    1F6EH     000AH     UNIT         ?PR?TIMEOUTDET_INIT?TIMEOUT
            CODE    1F78H     000AH     UNIT         ?PR?GETTKYZCNT?S_TOUCHKEYCFG
            CODE    1F82H     0009H     UNIT         ?PR?TIMEOUT_BASEVALUE?TIMEOUT
            CODE    1F8BH     0009H     UNIT         ?PR?_IIC_INIT?BSP_I2C_S
            CODE    1F94H     0008H     UNIT         ?PR?GETINITAUTOUPDATETIME?S_TOUCHKEYCFG
            CODE    1F9CH     0008H     UNIT         ?PR?ISDOUBLEKEYORSLIDEKEY?S_TOUCHKEYCFG
            CODE    1FA4H     0008H     UNIT         ?PR?GETUPCONFIRMCNT?S_TOUCHKEYCFG
            CODE    1FACH     0007H     UNIT         ?PR?BSP_PWMON?BSP_PWM
            CODE    1FB3H     0003H     UNIT         ?PR?APP_KEY2HANDLE?APP
            CODE    1FB6H     0003H     UNIT         ?PR?APP_KEY3HANDLE?APP
            CODE    1FB9H     0003H     UNIT         ?PR?APP_KEY5HANDLE?APP
            CODE    1FBCH     0003H     UNIT         ?PR?GETCSFUNCTION?S_TOUCHKEYCFG
            CODE    1FBFH     0003H     UNIT         ?PR?TOUCHKEYRESTART?SENSORMETHOD
            CODE    1FC2H     0003H     UNIT         ?PR?GETISNEEDUPDATEBASELINE?SENSORMETHOD
            CODE    1FC5H     0003H     UNIT         ?PR?SETNEEDUPDATEBASELINE?SENSORMETHOD



BL51 BANKED LINKER/LOCATER V6.22.2.0                                                  11/29/2018  20:32:59  PAGE 4


OVERLAY MAP OF MODULE:   .\Objects\soc_pro (?C_STARTUP)


SEGMENT                                             BIT_GROUP          DATA_GROUP 
  +--> CALLED SEGMENT                            START    LENGTH     START    LENGTH
------------------------------------------------------------------------------------
?C_C51STARTUP                                    -----    -----      -----    -----
  +--> ?PR?MAIN?MAIN
  +--> ?C_INITSEG

?PR?MAIN?MAIN                                    -----    -----      -----    -----
  +--> ?PR?APP_INIT?APP
  +--> ?PR?APP_HANDLE?APP

?PR?APP_INIT?APP                                 -----    -----      0008H    0002H
  +--> ?PR?APP_LEDINIT?APP
  +--> ?PR?BSP_PWMINIT?BSP_PWM
  +--> ?PR?BSP_PWMOFF?BSP_PWM
  +--> ?PR?_BSP_UARTINIT?BSP_UART
  +--> ?PR?BSP_TIMER0INIT?BSP_TIMER
  +--> ?PR?TIMEOUTDET_INIT?TIMEOUT
  +--> ?PR?_IIC_INIT?BSP_I2C_S
  +--> ?PR?_IIC_WRITE_DATA?BSP_I2C_S
  +--> ?PR?TOUCHKEYINIT?SENSORMETHOD

?PR?_BSP_UARTINIT?BSP_UART                       -----    -----      000AH    0002H

?PR?_IIC_INIT?BSP_I2C_S                          -----    -----      -----    -----
  +--> ?PR?_IIC_PORT_INIT?BSP_I2C_PORT

?PR?_IIC_WRITE_DATA?BSP_I2C_S                    -----    -----      000AH    0005H
  +--> ?PR?_IIC_START?BSP_I2C_S
  +--> ?PR?_IIC_WRITEDATA?BSP_I2C_S
  +--> ?PR?_IIC_STOP?BSP_I2C_S
  +--> ?PR?_IIC_NCK?BSP_I2C_S

?PR?_IIC_START?BSP_I2C_S                         -----    -----      0011H    0003H
  +--> ?PR?_IIC_PORT_WRITE?BSP_I2C_PORT
  +--> ?PR?_IIC_DELAY_US?BSP_I2C_S

?PR?_IIC_WRITEDATA?BSP_I2C_S                     -----    -----      0011H    0006H
  +--> ?PR?_IIC_PORT_WRITE?BSP_I2C_PORT
  +--> ?PR?_IIC_DELAY_US?BSP_I2C_S
  +--> ?PR?_IIC_PORT_SDA_SET?BSP_I2C_PORT
  +--> ?PR?_IIC_PORT_READ?BSP_I2C_PORT

?PR?_IIC_STOP?BSP_I2C_S                          -----    -----      0011H    0003H
  +--> ?PR?_IIC_PORT_WRITE?BSP_I2C_PORT
  +--> ?PR?_IIC_DELAY_US?BSP_I2C_S

?PR?_IIC_NCK?BSP_I2C_S                           -----    -----      0011H    0003H
  +--> ?PR?_IIC_PORT_WRITE?BSP_I2C_PORT
  +--> ?PR?_IIC_DELAY_US?BSP_I2C_S

?PR?TOUCHKEYINIT?SENSORMETHOD                    -----    -----      -----    -----
  +--> ?PR?TOUCHKEYCFGINIT?S_TOUCHKEYCFG
  +--> ?PR?_GETCFGMSG?S_TOUCHKEYCFG
BL51 BANKED LINKER/LOCATER V6.22.2.0                                                  11/29/2018  20:32:59  PAGE 5


  +--> ?PR?_GETSCANTIMEVALUE?S_TOUCHKEYCFG
  +--> ?PR?SENSORMETHOD
  +--> ?PR?INITIALIZESENSORFLAG?SENSORMETHOD
  +--> ?PR?FILTERAVERGEDEAL?SENSORMETHOD
  +--> ?PR?INITIALIZEBASELINES?SENSORMETHOD

?PR?TOUCHKEYCFGINIT?S_TOUCHKEYCFG                -----    -----      -----    -----
  +--> ?CO?S_TOUCHKEYCFG
  +--> ?PR?CURRENTSENSORCHOOSE?S_TOUCHKEYCFG

?PR?CURRENTSENSORCHOOSE?S_TOUCHKEYCFG            -----    -----      000AH    0004H

?PR?_GETCFGMSG?S_TOUCHKEYCFG                     -----    -----      -----    -----
  +--> ?CO?S_TOUCHKEYCFG

?PR?_GETSCANTIMEVALUE?S_TOUCHKEYCFG              -----    -----      -----    -----
  +--> ?CO?S_TOUCHKEYCFG

?PR?INITIALIZESENSORFLAG?SENSORMETHOD            -----    -----      -----    -----
  +--> ?PR?SENSORMETHOD

?PR?FILTERAVERGEDEAL?SENSORMETHOD                -----    -----      000AH    0002H
  +--> ?PR?FILTERCOMMCODE?SENSORMETHOD
  +--> ?PR?FILTERIIRINIT?SENSORMETHOD
  +--> ?PR?GETINITAUTOUPDATETIME?S_TOUCHKEYCFG
  +--> ?PR?_FILTERDATADEAL?SENSORMETHOD

?PR?FILTERCOMMCODE?SENSORMETHOD                  -----    -----      -----    -----
  +--> ?PR?_USDELAY?SENSORMETHOD

?PR?FILTERIIRINIT?SENSORMETHOD                   -----    -----      -----    -----
  +--> ?PR?SENSORMETHOD

?PR?GETINITAUTOUPDATETIME?S_TOUCHKEYCFG          -----    -----      -----    -----
  +--> ?CO?S_TOUCHKEYCFG

?PR?_FILTERDATADEAL?SENSORMETHOD                 -----    -----      0015H    0003H
  +--> ?PR?SENSORMETHOD
  +--> ?PR?_GETCURRFINGERVALUE?S_TOUCHKEYCFG

?PR?_GETCURRFINGERVALUE?S_TOUCHKEYCFG            -----    -----      -----    -----
  +--> ?CO?S_TOUCHKEYCFG

?PR?INITIALIZEBASELINES?SENSORMETHOD             -----    -----      -----    -----
  +--> ?PR?SENSORMETHOD

?PR?APP_HANDLE?APP                               -----    -----      0008H    0002H
  +--> ?PR?KEY_SCAN?APP
  +--> ?PR?_IIC_READ_DATA?BSP_I2C_S
  +--> ?PR?APP_KEY3HANDLE?APP
  +--> ?PR?APP_WARMKEYHANDLE?APP
  +--> ?PR?APP_KEY4HANDLE?APP
  +--> ?PR?APP_KEY5HANDLE?APP
  +--> ?PR?APP_KEY2HANDLE?APP
  +--> ?PR?_IIC_WRITE_DATA?BSP_I2C_S
  +--> ?PR?APP_LIGHTKEYHANDLE?APP
  +--> ?PR?APP_KEY0HANDLE?APP
BL51 BANKED LINKER/LOCATER V6.22.2.0                                                  11/29/2018  20:32:59  PAGE 6


  +--> ?PR?_SYSTEM_SEND_MESSAGE?APP
  +--> ?PR?BSP_PWMON?BSP_PWM
  +--> ?PR?BSP_PWMOFF?BSP_PWM

?PR?KEY_SCAN?APP                                 -----    -----      -----    -----
  +--> ?PR?TOUCHKEYSCAN?S_TOUCHKEYCFG
  +--> ?PR?APP_KEY5HANDLE?APP
  +--> ?PR?APP_KEY2HANDLE?APP
  +--> ?PR?APP_KEY3HANDLE?APP
  +--> ?PR?APP_WARMKEYHANDLE?APP
  +--> ?PR?APP_KEY4HANDLE?APP
  +--> ?PR?_IIC_WRITE_DATA?BSP_I2C_S
  +--> ?PR?TOUCHKEYRESTART?SENSORMETHOD

?PR?TOUCHKEYSCAN?S_TOUCHKEYCFG                   -----    -----      000AH    0009H
  +--> ?PR?GETISNEEDUPDATEBASELINE?SENSORMETHOD
  +--> ?PR?SENSORKEYFLAG?SENSORMETHOD
  +--> ?PR?SETNEEDUPDATEBASELINE?SENSORMETHOD
  +--> ?PR?ISDOUBLEKEYORSLIDEKEY?S_TOUCHKEYCFG
  +--> ?PR?SETONEKEYPUSHRESETTIME?S_TOUCHKEYCFG
  +--> ?CO?S_TOUCHKEYCFG
  +--> ?PR?_MULTIPLEDEAL?SENSORMETHOD

?PR?SENSORKEYFLAG?SENSORMETHOD                   -----    -----      0013H    0001H
  +--> ?PR?_FILTERDATADEAL?SENSORMETHOD
  +--> ?PR?_SENSORRENOVATE?SENSORMETHOD

?PR?_SENSORRENOVATE?SENSORMETHOD                 -----    -----      0014H    0009H
  +--> ?PR?SENSORMETHOD
  +--> ?PR?_GETCURRFINGERVALUE?S_TOUCHKEYCFG
  +--> ?PR?GETCSFUNCTION?S_TOUCHKEYCFG
  +--> ?PR?ISDOUBLEKEYORSLIDEKEY?S_TOUCHKEYCFG
  +--> ?PR?GETTKYZCNT?S_TOUCHKEYCFG
  +--> ?PR?_GETTKYZTHRESHOLD?S_TOUCHKEYCFG
  +--> ?PR?GETBASELINEUPDATETHRESHOLD?S_TOUC...
  +--> ?PR?GETUPCONFIRMCNT?S_TOUCHKEYCFG

?PR?ISDOUBLEKEYORSLIDEKEY?S_TOUCHKEYCFG          -----    -----      -----    -----
  +--> ?CO?S_TOUCHKEYCFG

?PR?_GETTKYZTHRESHOLD?S_TOUCHKEYCFG              -----    -----      -----    -----
  +--> ?PR?_GETCURRFINGERVALUE?S_TOUCHKEYCFG

?PR?GETBASELINEUPDATETHRESHOLD?S_TOUC...         -----    -----      -----    -----
  +--> ?CO?S_TOUCHKEYCFG

?PR?SETONEKEYPUSHRESETTIME?S_TOUCHKEYCFG         -----    -----      -----    -----
  +--> ?CO?S_TOUCHKEYCFG

?PR?_MULTIPLEDEAL?SENSORMETHOD                   -----    -----      0013H    0002H
  +--> ?PR?SENSORMETHOD
  +--> ?PR?INITIALIZESENSORFLAG?SENSORMETHOD
  +--> ?PR?FILTERIIRINIT?SENSORMETHOD
  +--> ?PR?_FILTERDATADEAL?SENSORMETHOD
  +--> ?PR?INITIALIZEBASELINES?SENSORMETHOD

?PR?APP_KEY5HANDLE?APP                           -----    -----      -----    -----
BL51 BANKED LINKER/LOCATER V6.22.2.0                                                  11/29/2018  20:32:59  PAGE 7


  +--> ?PR?APP_MASSKEYHANDLE?APP

?PR?APP_MASSKEYHANDLE?APP                        -----    -----      -----    -----
  +--> ?PR?_IIC_WRITE_DATA?BSP_I2C_S

?PR?APP_KEY2HANDLE?APP                           -----    -----      -----    -----
  +--> ?PR?APP_CLOSEKEYHANDLE?APP

?PR?APP_KEY3HANDLE?APP                           -----    -----      -----    -----
  +--> ?PR?APP_OPENKEYHANDLE?APP

?PR?APP_WARMKEYHANDLE?APP                        -----    -----      -----    -----
  +--> ?PR?_IIC_WRITE_DATA?BSP_I2C_S

?PR?APP_KEY4HANDLE?APP                           -----    -----      -----    -----
  +--> ?PR?APP_HEATCOOLHANDLE?APP

?PR?APP_HEATCOOLHANDLE?APP                       -----    -----      -----    -----
  +--> ?PR?BSP_PWMOFF?BSP_PWM
  +--> ?PR?BSP_PWNFULLON?BSP_PWM
  +--> ?PR?BSP_PWMON?BSP_PWM
  +--> ?PR?_IIC_WRITE_DATA?BSP_I2C_S

?PR?BSP_PWMON?BSP_PWM                            -----    -----      -----    -----
  +--> ?PR?BSP_PWMINIT?BSP_PWM

?PR?_IIC_READ_DATA?BSP_I2C_S                     -----    -----      000AH    0007H
  +--> ?PR?_IIC_START?BSP_I2C_S
  +--> ?PR?_IIC_WRITEDATA?BSP_I2C_S
  +--> ?PR?_IIC_STOP?BSP_I2C_S
  +--> ?PR?_IIC_READDATA?BSP_I2C_S
  +--> ?PR?_IIC_NCK?BSP_I2C_S

?PR?_IIC_READDATA?BSP_I2C_S                      -----    -----      0011H    0005H
  +--> ?PR?_IIC_PORT_SDA_SET?BSP_I2C_PORT
  +--> ?PR?_IIC_DELAY_US?BSP_I2C_S
  +--> ?PR?_IIC_PORT_WRITE?BSP_I2C_PORT
  +--> ?PR?_IIC_PORT_READ?BSP_I2C_PORT

?PR?APP_LIGHTKEYHANDLE?APP                       -----    -----      -----    -----
  +--> ?PR?BSP_PWMON?BSP_PWM
  +--> ?PR?BSP_PWMOFF?BSP_PWM
  +--> ?PR?_IIC_WRITE_DATA?BSP_I2C_S

?PR?APP_KEY0HANDLE?APP                           -----    -----      -----    -----
  +--> ?PR?APP_LOCKKEYHANDLE?APP

?PR?APP_LOCKKEYHANDLE?APP                        -----    -----      -----    -----
  +--> ?PR?_IIC_WRITE_DATA?BSP_I2C_S

?PR?_SYSTEM_SEND_MESSAGE?APP                     -----    -----      000AH    0007H
  +--> ?PR?_BSP_UARTSENDBUF?BSP_UART

?PR?_BSP_UARTSENDBUF?BSP_UART                    -----    -----      0011H    0006H

*** NEW ROOT ***************************************************

BL51 BANKED LINKER/LOCATER V6.22.2.0                                                  11/29/2018  20:32:59  PAGE 8


?PR?BSP_UART1IQRHANDLE?APP                       -----    -----      001DH    0001H

*** NEW ROOT ***************************************************

?PR?BSP_TIMER0IQRHANDLE?APP                      -----    -----      -----    -----
  +--> ?PR?TIMEOUTDET_DECHANDLE?TIMEOUT

*** NEW ROOT ***************************************************

?PR?CTK_ISR?SENSORMETHOD                         0020H.2  0000H.1    -----    -----
  +--> ?PR?SENSORMETHOD
  +--> ?PR?_GETSCANTIMEVALUE?S_TOUCHKEYCFG
  +--> ?PR?_GETBASELINEADJUSTVALUE?S_TOUCHKE...

?PR?_GETBASELINEADJUSTVALUE?S_TOUCHKE...         -----    -----      -----    -----
  +--> ?CO?S_TOUCHKEYCFG



SYMBOL TABLE OF MODULE:  .\Objects\soc_pro (?C_STARTUP)

  VALUE           TYPE          NAME
  ----------------------------------

  -------         MODULE        ?C_STARTUP
  C:14C9H         SEGMENT       ?C_C51STARTUP
  I:004FH         SEGMENT       ?STACK
  C:0000H         PUBLIC        ?C_STARTUP
  D:00E0H         SYMBOL        ACC
  D:00F0H         SYMBOL        B
  D:0083H         SYMBOL        DPH
  D:0082H         SYMBOL        DPL
  N:0000H         SYMBOL        IBPSTACK
  N:0100H         SYMBOL        IBPSTACKTOP
  N:0100H         SYMBOL        IDATALEN
  C:14CCH         SYMBOL        IDATALOOP
  N:0000H         SYMBOL        PBPSTACK
  N:0100H         SYMBOL        PBPSTACKTOP
  N:0000H         SYMBOL        PDATALEN
  N:0000H         SYMBOL        PDATASTART
  N:0000H         SYMBOL        PPAGE
  N:0000H         SYMBOL        PPAGEENABLE
  D:00A0H         SYMBOL        PPAGE_SFR
  D:0081H         SYMBOL        SP
  C:14C9H         SYMBOL        STARTUP1
  N:0000H         SYMBOL        XBPSTACK
  N:0000H         SYMBOL        XBPSTACKTOP
  N:0400H         SYMBOL        XDATALEN
  C:14D7H         SYMBOL        XDATALOOP
  N:0000H         SYMBOL        XDATASTART
  C:0000H         LINE#         126
  C:14C9H         LINE#         133
  C:14CBH         LINE#         134
  C:14CCH         LINE#         135
  C:14CDH         LINE#         136
  C:14CFH         LINE#         140
  C:14D2H         LINE#         141
BL51 BANKED LINKER/LOCATER V6.22.2.0                                                  11/29/2018  20:32:59  PAGE 9


  C:14D4H         LINE#         145
  C:14D6H         LINE#         147
  C:14D7H         LINE#         148
  C:14D8H         LINE#         149
  C:14D9H         LINE#         150
  C:14DBH         LINE#         151
  C:14DDH         LINE#         185
  C:14E0H         LINE#         196
  -------         ENDMOD        ?C_STARTUP

  -------         MODULE        BSP_PWM
  C:0000H         SYMBOL        _ICE_DUMMY_
  D:0080H         PUBLIC        P0
  D:0090H         PUBLIC        P1
  D:00A0H         PUBLIC        P2
  D:00D8H         PUBLIC        P5
  C:18E7H         PUBLIC        Bsp_PwmHandle
  D:00A8H         PUBLIC        IE
  C:1E7AH         PUBLIC        Bsp_PwnFullOn
  C:1EF3H         PUBLIC        Bsp_PWMInit
  D:00D6H         PUBLIC        PWMDTY1
  D:00B8H         PUBLIC        IP
  D:003EH         SYMBOL        Pwm_Para
  D:00D4H         PUBLIC        PWMDTYA
  D:0098H         PUBLIC        SCON
  D:0088H         PUBLIC        TCON
  D:00A9H         PUBLIC        IE1
  D:00D1H         PUBLIC        PWMCFG
  D:00D2H         PUBLIC        PWMCON
  C:1EACH         PUBLIC        Bsp_PwmOff
  C:1FACH         PUBLIC        Bsp_PwmON
  D:00D3H         PUBLIC        PWMPRD
  D:00C8H         PUBLIC        T2CON
  D:00D0H         PUBLIC        PSW
  -------         PROC          BSP_PWMINIT
  C:1EF3H         LINE#         7
  C:1EF3H         LINE#         8
  C:1EF6H         LINE#         9
  C:1EF9H         LINE#         10
  C:1EFCH         LINE#         11
  C:1EFFH         LINE#         12
  C:1F02H         LINE#         13
  C:1F05H         LINE#         14
  -------         ENDPROC       BSP_PWMINIT
  -------         PROC          BSP_PWMHANDLE
  C:18E7H         LINE#         16
  C:18F2H         LINE#         17
  C:18F5H         LINE#         18
  C:1908H         LINE#         19
  C:190EH         LINE#         21
  C:1913H         LINE#         22
  C:1916H         LINE#         23
  C:1918H         LINE#         24
  C:191EH         LINE#         25
  C:191EH         LINE#         27
  C:1925H         LINE#         28
  C:1927H         LINE#         29
BL51 BANKED LINKER/LOCATER V6.22.2.0                                                  11/29/2018  20:32:59  PAGE 10


  C:192AH         LINE#         30
  C:192FH         LINE#         31
  C:192FH         LINE#         33
  C:1933H         LINE#         34
  C:1935H         LINE#         35
  C:1939H         LINE#         36
  C:193BH         LINE#         37
  C:193BH         LINE#         38
  -------         ENDPROC       BSP_PWMHANDLE
  -------         PROC          BSP_PWMOFF
  C:1EACH         LINE#         40
  C:1EACH         LINE#         41
  C:1EBBH         LINE#         42
  C:1EBEH         LINE#         43
  C:1EC1H         LINE#         44
  C:1EC3H         LINE#         45
  -------         ENDPROC       BSP_PWMOFF
  -------         PROC          BSP_PWNFULLON
  C:1E7AH         LINE#         47
  C:1E7AH         LINE#         48
  C:1E89H         LINE#         49
  C:1E8CH         LINE#         50
  C:1E8FH         LINE#         51
  C:1E92H         LINE#         52
  -------         ENDPROC       BSP_PWNFULLON
  -------         PROC          BSP_PWMON
  C:1FACH         LINE#         54
  C:1FACH         LINE#         55
  C:1FAFH         LINE#         56
  C:1FB2H         LINE#         57
  -------         ENDPROC       BSP_PWMON
  -------         ENDMOD        BSP_PWM

  -------         MODULE        BSP_UART
  C:0000H         SYMBOL        _ICE_DUMMY_
  D:0080H         PUBLIC        P0
  D:009FH         PUBLIC        SSDAT
  D:0090H         PUBLIC        P1
  D:00A0H         PUBLIC        P2
  D:008FH         PUBLIC        OTCON
  D:00D8H         PUBLIC        P5
  D:00A8H         PUBLIC        IE
  D:00B8H         PUBLIC        IP
  B:0098H.1       PUBLIC        TI
  D:0099H         PUBLIC        SBUF
  B:00A0H.0       PUBLIC        P20
  D:0098H         PUBLIC        SCON
  D:0088H         PUBLIC        TCON
  D:009DH         PUBLIC        SSCON0
  D:009EH         PUBLIC        SSCON1
  D:0095H         PUBLIC        SSCON2
  C:1CB2H         PUBLIC        _Bsp_UartInit
  D:00A9H         PUBLIC        IE1
  D:0021H         PUBLIC        Tx_Buf
  C:15F5H         PUBLIC        _Bsp_UartSendBuf
  D:00A1H         PUBLIC        P2CON
  D:00C8H         PUBLIC        T2CON
BL51 BANKED LINKER/LOCATER V6.22.2.0                                                  11/29/2018  20:32:59  PAGE 11


  D:00D0H         PUBLIC        PSW
  -------         PROC          _BSP_UARTINIT
  D:0007H         SYMBOL        id
  -------         DO            
  D:000AH         SYMBOL        baud_set
  -------         ENDDO         
  C:1CB2H         LINE#         22
  C:1CB2H         LINE#         38
  C:1CB7H         LINE#         39
  C:1CBBH         LINE#         40
  C:1CBEH         LINE#         41
  C:1CC1H         LINE#         42
  C:1CC6H         LINE#         43
  C:1CC9H         LINE#         44
  C:1CCDH         LINE#         45
  C:1CD0H         LINE#         46
  C:1CD3H         LINE#         47
  C:1CD5H         LINE#         48
  C:1CD9H         LINE#         49
  C:1CD9H         LINE#         50
  C:1CDDH         LINE#         51
  -------         ENDPROC       _BSP_UARTINIT
  -------         PROC          _BSP_UARTSENDBUF
  D:0007H         SYMBOL        id
  D:0012H         SYMBOL        buf
  D:0015H         SYMBOL        len
  C:15F5H         LINE#         68
  C:15FBH         LINE#         69
  C:1600H         LINE#         70
  C:160DH         LINE#         71
  C:160FH         LINE#         72
  C:1622H         LINE#         73
  C:1627H         LINE#         74
  C:1627H         LINE#         75
  C:162CH         LINE#         76
  C:1630H         LINE#         77
  C:163BH         LINE#         79
  C:164AH         LINE#         80
  C:165DH         LINE#         81
  C:1663H         LINE#         82
  C:1666H         LINE#         84
  C:1669H         LINE#         85
  C:1669H         LINE#         86
  C:1669H         LINE#         87
  -------         ENDPROC       _BSP_UARTSENDBUF
  -------         ENDMOD        BSP_UART

  -------         MODULE        BSP_TIMER
  C:0000H         SYMBOL        _ICE_DUMMY_
  D:0080H         PUBLIC        P0
  D:0090H         PUBLIC        P1
  D:00A0H         PUBLIC        P2
  D:008EH         PUBLIC        TMCON
  D:00D8H         PUBLIC        P5
  D:00A8H         PUBLIC        IE
  D:00B8H         PUBLIC        IP
  D:0098H         PUBLIC        SCON
BL51 BANKED LINKER/LOCATER V6.22.2.0                                                  11/29/2018  20:32:59  PAGE 12


  D:0088H         PUBLIC        TCON
  D:0089H         PUBLIC        TMOD
  B:00A8H.1       PUBLIC        ET0
  D:008CH         PUBLIC        TH0
  D:008AH         PUBLIC        TL0
  C:1F06H         PUBLIC        Bsp_Timer0Init
  B:0088H.4       PUBLIC        TR0
  D:00C8H         PUBLIC        T2CON
  D:00D0H         PUBLIC        PSW
  -------         PROC          BSP_TIMER0INIT
  C:1F06H         LINE#         16
  C:1F06H         LINE#         17
  C:1F09H         LINE#         18
  C:1F0CH         LINE#         19
  C:1F0FH         LINE#         20
  C:1F12H         LINE#         21
  C:1F14H         LINE#         22
  C:1F16H         LINE#         23
  C:1F18H         LINE#         24
  -------         ENDPROC       BSP_TIMER0INIT
  -------         ENDMOD        BSP_TIMER

  -------         MODULE        TIMEOUT
  C:0000H         SYMBOL        _ICE_DUMMY_
  C:1DF3H         PUBLIC        _TimeOut_Record
  C:1E46H         PUBLIC        TimeOutDet_DecHandle
  C:1F82H         PUBLIC        TimeOut_BaseValue
  C:1C82H         PUBLIC        _TimeOutDet_Check
  D:0048H         PUBLIC        InsBaseNum
  C:1F6EH         PUBLIC        TimeOutDet_Init
  -------         PROC          TIMEOUTDET_INIT
  C:1F6EH         LINE#         6
  C:1F6EH         LINE#         7
  C:1F6EH         LINE#         8
  C:1F77H         LINE#         9
  -------         ENDPROC       TIMEOUTDET_INIT
  -------         PROC          TIMEOUTDET_DECHANDLE
  C:1E46H         LINE#         11
  C:1E46H         LINE#         12
  C:1E46H         LINE#         13
  C:1E5FH         LINE#         14
  -------         ENDPROC       TIMEOUTDET_DECHANDLE
  -------         PROC          TIMEOUT_BASEVALUE
  C:1F82H         LINE#         16
  C:1F82H         LINE#         17
  C:1F82H         LINE#         18
  C:1F8AH         LINE#         19
  -------         ENDPROC       TIMEOUT_BASEVALUE
  -------         PROC          _TIMEOUT_RECORD
  D:0001H         SYMBOL        TimeOutPara
  D:0044H         SYMBOL        timeoutvalue
  C:1DF3H         LINE#         21
  C:1DFBH         LINE#         23
  C:1DFBH         LINE#         24
  C:1E01H         LINE#         25
  -------         ENDPROC       _TIMEOUT_RECORD
  -------         PROC          _TIMEOUTDET_CHECK
BL51 BANKED LINKER/LOCATER V6.22.2.0                                                  11/29/2018  20:32:59  PAGE 13


  D:004CH         SYMBOL        TimeOutPara
  C:1C82H         LINE#         33
  C:1C88H         LINE#         34
  C:1C88H         LINE#         35
  C:1CB1H         LINE#         36
  -------         ENDPROC       _TIMEOUTDET_CHECK
  -------         ENDMOD        TIMEOUT

  -------         MODULE        BSP_I2C_S
  C:0000H         SYMBOL        _ICE_DUMMY_
  D:0080H         PUBLIC        P0
  D:0090H         PUBLIC        P1
  D:00A0H         PUBLIC        P2
  D:00D8H         PUBLIC        P5
  D:00A8H         PUBLIC        IE
  C:1B42H         PUBLIC        _IIC_Read_Data
  D:00B8H         PUBLIC        IP
  C:1BD7H         PUBLIC        _IIC_Write_Data
  C:1389H         SYMBOL        _IIC_ReadData
  D:0098H         PUBLIC        SCON
  D:0088H         PUBLIC        TCON
  C:0FF9H         SYMBOL        _IIC_WriteData
  C:1821H         SYMBOL        _IIC_Start
  C:1F8BH         PUBLIC        _IIC_Init
  C:16DBH         SYMBOL        _IIC_Nck
  C:1944H         SYMBOL        _IIC_Stop
  D:00C8H         PUBLIC        T2CON
  C:1DBCH         SYMBOL        _IIC_Delay_us
  D:00D0H         PUBLIC        PSW
  -------         PROC          L?0034
  -------         ENDPROC       L?0034
  -------         PROC          _IIC_DELAY_US
  D:0006H         SYMBOL        Delay
  -------         DO            
  D:0005H         SYMBOL        j
  -------         ENDDO         
  C:1DBCH         LINE#         7
  C:1DBCH         LINE#         9
  C:1DC6H         LINE#         10
  C:1DD5H         LINE#         11
  C:1DD5H         LINE#         12
  -------         ENDPROC       _IIC_DELAY_US
  -------         PROC          _IIC_INIT
  D:0001H         SYMBOL        p
  C:1F8BH         LINE#         14
  C:1F8BH         LINE#         16
  -------         ENDPROC       _IIC_INIT
  -------         PROC          _IIC_START
  D:0011H         SYMBOL        p
  C:1821H         LINE#         19
  C:1827H         LINE#         20
  C:1837H         LINE#         21
  C:183AH         LINE#         22
  C:1851H         LINE#         23
  C:1854H         LINE#         24
  C:1868H         LINE#         25
  C:186EH         LINE#         26
BL51 BANKED LINKER/LOCATER V6.22.2.0                                                  11/29/2018  20:32:59  PAGE 14


  C:1883H         LINE#         27
  -------         ENDPROC       _IIC_START
  -------         PROC          L?0035
  -------         ENDPROC       L?0035
  -------         PROC          _IIC_WRITEDATA
  D:0011H         SYMBOL        p
  D:0014H         SYMBOL        Data
  -------         DO            
  D:0015H         SYMBOL        i
  D:0016H         SYMBOL        AckStatus
  -------         ENDDO         
  C:0FF9H         LINE#         30
  C:1001H         LINE#         32
  C:100FH         LINE#         33
  C:101AH         LINE#         34
  C:1025H         LINE#         35
  C:1027H         LINE#         36
  C:1035H         LINE#         37
  C:1035H         LINE#         38
  C:103BH         LINE#         39
  C:1041H         LINE#         40
  C:1058H         LINE#         41
  C:105EH         LINE#         42
  C:1073H         LINE#         43
  C:1079H         LINE#         44
  C:107DH         LINE#         45
  C:108FH         LINE#         46
  C:10A6H         LINE#         47
  C:10ACH         LINE#         49
  C:10C2H         LINE#         50
  C:10C5H         LINE#         52
  C:10C7H         LINE#         53
  C:10CAH         LINE#         54
  C:10CAH         LINE#         55
  C:10DFH         LINE#         56
  C:10E5H         LINE#         57
  C:10F8H         LINE#         58
  C:10FCH         LINE#         59
  -------         ENDPROC       _IIC_WRITEDATA
  -------         PROC          _IIC_STOP
  D:0011H         SYMBOL        p
  C:1944H         LINE#         61
  C:194AH         LINE#         62
  C:1959H         LINE#         63
  C:195FH         LINE#         64
  C:1976H         LINE#         65
  C:197CH         LINE#         66
  C:1992H         LINE#         67
  C:1998H         LINE#         68
  -------         ENDPROC       _IIC_STOP
  -------         PROC          _IIC_NCK
  D:0011H         SYMBOL        p
  C:16DBH         LINE#         71
  C:16E1H         LINE#         72
  C:16F1H         LINE#         73
  C:16F7H         LINE#         74
  C:170EH         LINE#         75
BL51 BANKED LINKER/LOCATER V6.22.2.0                                                  11/29/2018  20:32:59  PAGE 15


  C:1714H         LINE#         76
  C:1729H         LINE#         77
  C:172FH         LINE#         78
  C:1743H         LINE#         79
  -------         ENDPROC       _IIC_NCK
  -------         PROC          _IIC_READDATA
  D:0011H         SYMBOL        p
  -------         DO            
  D:0014H         SYMBOL        Read
  D:0015H         SYMBOL        j
  -------         ENDDO         
  C:1389H         LINE#         94
  C:138FH         LINE#         95
  C:1392H         LINE#         96
  C:139EH         LINE#         97
  C:13A4H         LINE#         98
  C:13B2H         LINE#         99
  C:13C9H         LINE#         100
  C:13CFH         LINE#         101
  C:13E5H         LINE#         102
  C:13F4H         LINE#         103
  C:13F4H         LINE#         104
  C:1409H         LINE#         105
  C:140FH         LINE#         106
  C:1413H         LINE#         107
  C:1426H         LINE#         108
  C:1428H         LINE#         109
  -------         ENDPROC       _IIC_READDATA
  -------         PROC          _IIC_READ_DATA
  D:000AH         SYMBOL        p
  D:000DH         SYMBOL        Add
  D:000EH         SYMBOL        Read_Data
  C:1B42H         LINE#         111
  C:1B4AH         LINE#         112
  C:1B4DH         LINE#         113
  C:1B62H         LINE#         114
  C:1B65H         LINE#         115
  C:1B69H         LINE#         116
  C:1B69H         LINE#         117
  C:1B76H         LINE#         118
  C:1B7FH         LINE#         119
  C:1B88H         LINE#         120
  C:1B8CH         LINE#         121
  -------         ENDPROC       _IIC_READ_DATA
  -------         PROC          _IIC_WRITE_DATA
  D:000AH         SYMBOL        p
  D:000DH         SYMBOL        Add
  D:000EH         SYMBOL        Write_Data
  C:1BD7H         LINE#         123
  C:1BDFH         LINE#         124
  C:1BE2H         LINE#         125
  C:1BEBH         LINE#         126
  C:1BF1H         LINE#         127
  C:1BF3H         LINE#         128
  C:1BF3H         LINE#         129
  C:1C02H         LINE#         130
  C:1C05H         LINE#         131
BL51 BANKED LINKER/LOCATER V6.22.2.0                                                  11/29/2018  20:32:59  PAGE 16


  C:1C09H         LINE#         132
  C:1C09H         LINE#         133
  C:1C0CH         LINE#         134
  C:1C15H         LINE#         135
  C:1C19H         LINE#         136
  -------         ENDPROC       _IIC_WRITE_DATA
  -------         ENDMOD        BSP_I2C_S

  -------         MODULE        BSP_I2C_PORT
  C:0000H         SYMBOL        _ICE_DUMMY_
  D:0080H         PUBLIC        P0
  D:0090H         PUBLIC        P1
  D:00A0H         PUBLIC        P2
  D:00D8H         PUBLIC        P5
  D:00A8H         PUBLIC        IE
  D:00B8H         PUBLIC        IP
  C:1E60H         PUBLIC        _IIC_Port_SDA_Set
  D:0098H         PUBLIC        SCON
  B:0090H.4       PUBLIC        P14
  D:0088H         PUBLIC        TCON
  B:0090H.5       PUBLIC        P15
  C:1E0FH         PUBLIC        _IIC_Port_Read
  C:1D0AH         PUBLIC        _IIC_Port_Write
  C:1F3DH         PUBLIC        _IIC_Port_Init
  D:0091H         PUBLIC        P1CON
  D:00C8H         PUBLIC        T2CON
  D:00D0H         PUBLIC        PSW
  -------         PROC          _IIC_PORT_INIT
  D:0006H         SYMBOL        ID
  C:1F3DH         LINE#         11
  C:1F3DH         LINE#         12
  C:1F41H         LINE#         13
  C:1F44H         LINE#         14
  C:1F47H         LINE#         15
  C:1F47H         LINE#         16
  C:1F4BH         LINE#         17
  -------         ENDPROC       _IIC_PORT_INIT
  -------         PROC          _IIC_PORT_SDA_SET
  D:0006H         SYMBOL        ID
  D:0004H         SYMBOL        Func
  C:1E60H         LINE#         21
  C:1E60H         LINE#         22
  C:1E64H         LINE#         23
  C:1E68H         LINE#         24
  C:1E6BH         LINE#         25
  C:1E73H         LINE#         26
  C:1E76H         LINE#         27
  C:1E76H         LINE#         29
  C:1E76H         LINE#         30
  C:1E76H         LINE#         31
  C:1E79H         LINE#         33
  -------         ENDPROC       _IIC_PORT_SDA_SET
  -------         PROC          _IIC_PORT_WRITE
  D:0006H         SYMBOL        ID
  D:0004H         SYMBOL        Func
  D:0002H         SYMBOL        Data
  C:1D0AH         LINE#         38
BL51 BANKED LINKER/LOCATER V6.22.2.0                                                  11/29/2018  20:32:59  PAGE 17


  C:1D0AH         LINE#         39
  C:1D0EH         LINE#         40
  C:1D12H         LINE#         41
  C:1D1CH         LINE#         42
  C:1D24H         LINE#         43
  C:1D2EH         LINE#         44
  C:1D2EH         LINE#         46
  C:1D2EH         LINE#         47
  C:1D2EH         LINE#         48
  C:1D31H         LINE#         50
  -------         ENDPROC       _IIC_PORT_WRITE
  -------         PROC          _IIC_PORT_READ
  D:0006H         SYMBOL        ID
  D:0004H         SYMBOL        Func
  C:1E0FH         LINE#         52
  C:1E0FH         LINE#         53
  C:1E13H         LINE#         54
  C:1E17H         LINE#         55
  C:1E1BH         LINE#         56
  C:1E21H         LINE#         57
  C:1E27H         LINE#         58
  C:1E27H         LINE#         60
  C:1E27H         LINE#         61
  C:1E27H         LINE#         62
  C:1E2AH         LINE#         63
  -------         ENDPROC       _IIC_PORT_READ
  -------         ENDMOD        BSP_I2C_PORT

  -------         MODULE        MAIN
  C:0000H         SYMBOL        _ICE_DUMMY_
  D:0080H         PUBLIC        P0
  D:0090H         PUBLIC        P1
  D:00A0H         PUBLIC        P2
  D:00D8H         PUBLIC        P5
  D:00A8H         PUBLIC        IE
  D:00B8H         PUBLIC        IP
  C:0003H         PUBLIC        main
  D:0098H         PUBLIC        SCON
  D:0088H         PUBLIC        TCON
  D:00C8H         PUBLIC        T2CON
  D:00D0H         PUBLIC        PSW
  -------         PROC          MAIN
  C:0003H         LINE#         13
  C:0003H         LINE#         14
  C:0006H         LINE#         15
  C:0006H         LINE#         16
  C:0009H         LINE#         17
  -------         ENDPROC       MAIN
  -------         ENDMOD        MAIN

  -------         MODULE        APP
  C:0000H         SYMBOL        _ICE_DUMMY_
  D:0080H         PUBLIC        P0
  D:009FH         PUBLIC        SSDAT
  D:0090H         PUBLIC        P1
  D:00A0H         PUBLIC        P2
  D:0038H         PUBLIC        key_press_cnt
BL51 BANKED LINKER/LOCATER V6.22.2.0                                                  11/29/2018  20:32:59  PAGE 18


  D:00D8H         PUBLIC        P5
  B:00A8H.7       PUBLIC        EA
  X:005CH         SYMBOL        App_Para
  C:0AEBH         PUBLIC        App_LockKeyHandle
  D:00A8H         PUBLIC        IE
  C:11EAH         PUBLIC        Key_Scan
  C:1EDCH         PUBLIC        App_OpenKeyHandle
  C:199FH         PUBLIC        App_MassKeyHandle
  C:19F9H         PUBLIC        App_WarmKeyHandle
  C:1429H         PUBLIC        App_Init
  D:00B8H         PUBLIC        IP
  D:0092H         PUBLIC        P1PH
  D:00A2H         PUBLIC        P2PH
  C:1C1AH         SYMBOL        _System_Send_Message
  D:003AH         PUBLIC        HEAT_COOL_START
  D:003BH         PUBLIC        status
  C:003EH         PUBLIC        App_Key0Handle
  C:1FB3H         PUBLIC        App_Key2Handle
  C:1DD6H         SYMBOL        App_LedInit
  C:1FB6H         PUBLIC        App_Key3Handle
  B:0080H.1       PUBLIC        P01
  C:1749H         PUBLIC        App_Key4Handle
  B:00A0H.0       PUBLIC        P20
  C:1FB9H         PUBLIC        App_Key5Handle
  B:00A0H.2       PUBLIC        P22
  D:0098H         PUBLIC        SCON
  B:00D8H.0       PUBLIC        P50
  B:00A0H.3       PUBLIC        P23
  D:0088H         PUBLIC        TCON
  B:00D8H.1       PUBLIC        P51
  B:00A0H.4       PUBLIC        P24
  D:003CH         PUBLIC        key_static
  B:00A0H.5       PUBLIC        P25
  B:0090H.7       PUBLIC        P17
  D:009DH         PUBLIC        SSCON0
  B:00A0H.7       PUBLIC        P27
  C:10FDH         PUBLIC        Bsp_Timer0IqrHandle
  X:0092H         SYMBOL        I2c_Para
  D:008CH         PUBLIC        TH0
  D:008AH         PUBLIC        TL0
  D:00CFH         PUBLIC        WDTCON
  C:03FBH         PUBLIC        App_Handle
  C:1B8DH         PUBLIC        Bsp_Uart1IqrHandle
  C:1EC4H         PUBLIC        App_CLoseKeyHandle
  D:003DH         PUBLIC        key_press_flag
  D:009AH         PUBLIC        P0CON
  D:00A1H         PUBLIC        P2CON
  D:00D9H         PUBLIC        P5CON
  C:17B6H         PUBLIC        App_HeatCoolHandle
  D:00C8H         PUBLIC        T2CON
  X:0096H         SYMBOL        HEAT_COOL_ARR
  C:1889H         PUBLIC        App_LightKeyHandle
  D:00D0H         PUBLIC        PSW
  -------         PROC          APP_LEDINIT
  C:1DD6H         LINE#         47
  C:1DD6H         LINE#         48
  C:1DD9H         LINE#         49
BL51 BANKED LINKER/LOCATER V6.22.2.0                                                  11/29/2018  20:32:59  PAGE 19


  C:1DDCH         LINE#         50
  C:1DDFH         LINE#         51
  C:1DE2H         LINE#         52
  C:1DF0H         LINE#         54
  C:1DF2H         LINE#         55
  -------         ENDPROC       APP_LEDINIT
  -------         PROC          APP_HEATCOOLHANDLE
  C:17B6H         LINE#         70
  C:17B6H         LINE#         74
  C:17BEH         LINE#         76
  C:17C0H         LINE#         77
  C:17C2H         LINE#         78
  C:17C9H         LINE#         79
  C:17CCH         LINE#         80
  C:17CCH         LINE#         82
  C:17D6H         LINE#         84
  C:17D8H         LINE#         85
  C:17DFH         LINE#         86
  C:17E2H         LINE#         87
  C:17E5H         LINE#         88
  C:17F6H         LINE#         90
  C:17F8H         LINE#         92
  C:17FBH         LINE#         93
  C:1801H         LINE#         94
  C:1804H         LINE#         95
  C:1804H         LINE#         96
  C:1806H         LINE#         97
  C:1808H         LINE#         98
  C:1810H         LINE#         99
  C:1820H         LINE#         101
  C:1820H         LINE#         102
  -------         ENDPROC       APP_HEATCOOLHANDLE
  -------         PROC          APP_LOCKKEYHANDLE
  C:0AEBH         LINE#         105
  C:0AEBH         LINE#         106
  C:0AF4H         LINE#         107
  C:0AFAH         LINE#         109
  C:0B06H         LINE#         110
  C:0B0DH         LINE#         111
  C:0B0FH         LINE#         112
  C:0B11H         LINE#         113
  C:0B18H         LINE#         114
  C:0B1AH         LINE#         115
  C:0B1AH         LINE#         117
  C:0B23H         LINE#         118
  C:0B2AH         LINE#         119
  C:0B2CH         LINE#         120
  C:0B3CH         LINE#         121
  C:0B43H         LINE#         122
  C:0B45H         LINE#         123
  C:0B45H         LINE#         125
  C:0B4DH         LINE#         126
  C:0B4DH         LINE#         127
  C:0B4FH         LINE#         128
  C:0B56H         LINE#         129
  C:0B58H         LINE#         131
  C:0B58H         LINE#         132
BL51 BANKED LINKER/LOCATER V6.22.2.0                                                  11/29/2018  20:32:59  PAGE 20


  C:0B5AH         LINE#         133
  C:0B61H         LINE#         134
  C:0B61H         LINE#         136
  C:0B69H         LINE#         137
  C:0B69H         LINE#         138
  C:0B6BH         LINE#         139
  C:0B72H         LINE#         140
  C:0B74H         LINE#         142
  C:0B74H         LINE#         143
  C:0B76H         LINE#         144
  C:0B7DH         LINE#         145
  C:0B7DH         LINE#         147
  C:0B7FH         LINE#         150
  C:0B87H         LINE#         151
  C:0B97H         LINE#         152
  C:0B9AH         LINE#         153
  C:0BA0H         LINE#         154
  C:0BA2H         LINE#         155
  C:0BA7H         LINE#         156
  C:0BAEH         LINE#         157
  C:0BB2H         LINE#         158
  C:0BB6H         LINE#         159
  C:0BBEH         LINE#         160
  C:0BCEH         LINE#         161
  C:0BDAH         LINE#         162
  C:0BDDH         LINE#         164
  C:0BDDH         LINE#         165
  C:0BE5H         LINE#         167
  C:0BEEH         LINE#         168
  C:0BF5H         LINE#         169
  C:0BF7H         LINE#         171
  C:0C07H         LINE#         172
  C:0C0EH         LINE#         173
  C:0C10H         LINE#         174
  C:0C10H         LINE#         175
  C:0C1CH         LINE#         176
  C:0C23H         LINE#         177
  C:0C25H         LINE#         178
  C:0C27H         LINE#         179
  C:0C2EH         LINE#         180
  C:0C30H         LINE#         181
  C:0C30H         LINE#         183
  C:0C38H         LINE#         184
  C:0C38H         LINE#         185
  C:0C3AH         LINE#         186
  C:0C41H         LINE#         187
  C:0C43H         LINE#         189
  C:0C43H         LINE#         190
  C:0C45H         LINE#         191
  C:0C4CH         LINE#         192
  C:0C4CH         LINE#         194
  C:0C54H         LINE#         195
  C:0C54H         LINE#         196
  C:0C56H         LINE#         197
  C:0C5DH         LINE#         198
  C:0C5FH         LINE#         200
  C:0C5FH         LINE#         201
BL51 BANKED LINKER/LOCATER V6.22.2.0                                                  11/29/2018  20:32:59  PAGE 21


  C:0C61H         LINE#         202
  C:0C68H         LINE#         203
  C:0C68H         LINE#         205
  C:0C7CH         LINE#         214
  C:0C7EH         LINE#         217
  C:0C7EH         LINE#         218
  C:0C84H         LINE#         219
  C:0C8BH         LINE#         220
  -------         ENDPROC       APP_LOCKKEYHANDLE
  -------         PROC          APP_OPENKEYHANDLE
  C:1EDCH         LINE#         222
  C:1EDCH         LINE#         223
  C:1EE2H         LINE#         224
  C:1EE7H         LINE#         225
  C:1EEBH         LINE#         226
  C:1EF2H         LINE#         227
  C:1EF2H         LINE#         228
  -------         ENDPROC       APP_OPENKEYHANDLE
  -------         PROC          APP_CLOSEKEYHANDLE
  C:1EC4H         LINE#         230
  C:1EC4H         LINE#         231
  C:1ECAH         LINE#         232
  C:1ECFH         LINE#         233
  C:1ED4H         LINE#         234
  C:1EDBH         LINE#         235
  C:1EDBH         LINE#         236
  -------         ENDPROC       APP_CLOSEKEYHANDLE
  -------         PROC          APP_LIGHTKEYHANDLE
  C:1889H         LINE#         238
  C:1889H         LINE#         239
  C:188FH         LINE#         240
  C:1894H         LINE#         242
  C:189AH         LINE#         243
  C:18A1H         LINE#         244
  C:18A3H         LINE#         245
  C:18A9H         LINE#         246
  C:18AFH         LINE#         247
  C:18B2H         LINE#         248
  C:18B2H         LINE#         249
  C:18B4H         LINE#         250
  C:18BBH         LINE#         251
  C:18BDH         LINE#         252
  C:18C2H         LINE#         253
  C:18C8H         LINE#         254
  C:18CBH         LINE#         255
  C:18CBH         LINE#         256
  C:18CBH         LINE#         257
  C:18DFH         LINE#         258
  C:18E6H         LINE#         259
  C:18E6H         LINE#         260
  -------         ENDPROC       APP_LIGHTKEYHANDLE
  -------         PROC          APP_MASSKEYHANDLE
  C:199FH         LINE#         262
  C:199FH         LINE#         263
  C:19A5H         LINE#         264
  C:19AAH         LINE#         266
  C:19B5H         LINE#         267
BL51 BANKED LINKER/LOCATER V6.22.2.0                                                  11/29/2018  20:32:59  PAGE 22


  C:19B9H         LINE#         268
  C:19BFH         LINE#         269
  C:19C3H         LINE#         270
  C:19CAH         LINE#         271
  C:19CCH         LINE#         272
  C:19CEH         LINE#         273
  C:19D2H         LINE#         274
  C:19D4H         LINE#         275
  C:19D9H         LINE#         276
  C:19DDH         LINE#         277
  C:19DDH         LINE#         278
  C:19F1H         LINE#         279
  C:19F8H         LINE#         280
  C:19F8H         LINE#         281
  -------         ENDPROC       APP_MASSKEYHANDLE
  -------         PROC          APP_WARMKEYHANDLE
  C:19F9H         LINE#         283
  C:19F9H         LINE#         284
  C:19FFH         LINE#         285
  C:1A04H         LINE#         287
  C:1A0DH         LINE#         288
  C:1A11H         LINE#         289
  C:1A17H         LINE#         290
  C:1A1BH         LINE#         291
  C:1A22H         LINE#         292
  C:1A24H         LINE#         293
  C:1A26H         LINE#         294
  C:1A2AH         LINE#         295
  C:1A2CH         LINE#         296
  C:1A31H         LINE#         297
  C:1A35H         LINE#         298
  C:1A35H         LINE#         299
  C:1A49H         LINE#         300
  C:1A50H         LINE#         301
  C:1A50H         LINE#         302
  -------         ENDPROC       APP_WARMKEYHANDLE
  -------         PROC          APP_KEY0HANDLE
  C:003EH         LINE#         321
  C:003EH         LINE#         322
  -------         ENDPROC       APP_KEY0HANDLE
  -------         PROC          APP_KEY2HANDLE
  C:1FB3H         LINE#         378
  C:1FB3H         LINE#         379
  -------         ENDPROC       APP_KEY2HANDLE
  -------         PROC          APP_KEY3HANDLE
  C:1FB6H         LINE#         395
  C:1FB6H         LINE#         396
  -------         ENDPROC       APP_KEY3HANDLE
  -------         PROC          APP_KEY4HANDLE
  C:1749H         LINE#         413
  C:1749H         LINE#         436
  C:174FH         LINE#         437
  C:1754H         LINE#         438
  C:1758H         LINE#         439
  C:1758H         LINE#         440
  C:175BH         LINE#         441
  C:176CH         LINE#         442
BL51 BANKED LINKER/LOCATER V6.22.2.0                                                  11/29/2018  20:32:59  PAGE 23


  C:176CH         LINE#         443
  C:176CH         LINE#         444
  C:1774H         LINE#         445
  C:1777H         LINE#         446
  C:177CH         LINE#         447
  C:1780H         LINE#         448
  C:1780H         LINE#         449
  C:1782H         LINE#         450
  C:1782H         LINE#         451
  C:178AH         LINE#         452
  C:178DH         LINE#         453
  C:1791H         LINE#         454
  C:1798H         LINE#         455
  C:1798H         LINE#         456
  C:179AH         LINE#         457
  C:179AH         LINE#         463
  C:179AH         LINE#         464
  C:179FH         LINE#         465
  C:17A3H         LINE#         466
  C:17A7H         LINE#         467
  C:17ABH         LINE#         468
  C:17ABH         LINE#         469
  C:17ABH         LINE#         470
  C:17ABH         LINE#         471
  C:17AEH         LINE#         472
  C:17B5H         LINE#         473
  C:17B5H         LINE#         476
  -------         ENDPROC       APP_KEY4HANDLE
  -------         PROC          APP_KEY5HANDLE
  C:1FB9H         LINE#         494
  C:1FB9H         LINE#         495
  -------         ENDPROC       APP_KEY5HANDLE
  -------         PROC          _SYSTEM_SEND_MESSAGE
  D:0004H         SYMBOL        cont
  -------         DO            
  D:000AH         SYMBOL        TX_Buf
  -------         ENDDO         
  C:1C1AH         LINE#         499
  C:1C1EH         LINE#         501
  C:1C21H         LINE#         502
  C:1C24H         LINE#         503
  C:1C27H         LINE#         504
  C:1C2AH         LINE#         505
  C:1C34H         LINE#         507
  C:1C37H         LINE#         508
  C:1C3AH         LINE#         509
  C:1C4BH         LINE#         510
  C:1C4EH         LINE#         511
  -------         ENDPROC       _SYSTEM_SEND_MESSAGE
  -------         PROC          KEY_SCAN
  C:11EAH         LINE#         526
  C:11EAH         LINE#         527
  C:11F4H         LINE#         528
  C:11F4H         LINE#         529
  C:11F7H         LINE#         530
  C:11FFH         LINE#         531
  C:1216H         LINE#         532
BL51 BANKED LINKER/LOCATER V6.22.2.0                                                  11/29/2018  20:32:59  PAGE 24


  C:1216H         LINE#         533
  C:1221H         LINE#         534
  C:1224H         LINE#         535
  C:1227H         LINE#         536
  C:122AH         LINE#         537
  C:122AH         LINE#         538
  C:122DH         LINE#         539
  C:122DH         LINE#         541
  C:122DH         LINE#         542
  C:1238H         LINE#         543
  C:123BH         LINE#         544
  C:123EH         LINE#         545
  C:123EH         LINE#         546
  C:1241H         LINE#         547
  C:1241H         LINE#         549
  C:1241H         LINE#         550
  C:124CH         LINE#         551
  C:124FH         LINE#         552
  C:1252H         LINE#         554
  C:1252H         LINE#         555
  C:1254H         LINE#         556
  C:1254H         LINE#         558
  C:1254H         LINE#         559
  C:125CH         LINE#         560
  C:125FH         LINE#         561
  C:1262H         LINE#         562
  C:1262H         LINE#         563
  C:1264H         LINE#         564
  C:1264H         LINE#         566
  C:1264H         LINE#         567
  C:126CH         LINE#         568
  C:126FH         LINE#         569
  C:1272H         LINE#         570
  C:1272H         LINE#         571
  C:1274H         LINE#         572
  C:1274H         LINE#         574
  C:1274H         LINE#         575
  C:127CH         LINE#         576
  C:127FH         LINE#         577
  C:1282H         LINE#         578
  C:1282H         LINE#         579
  C:1284H         LINE#         580
  C:1284H         LINE#         581
  C:1284H         LINE#         582
  C:128AH         LINE#         583
  C:128CH         LINE#         584
  C:128FH         LINE#         585
  C:1291H         LINE#         586
  C:1295H         LINE#         587
  C:1297H         LINE#         589
  C:1299H         LINE#         590
  C:129BH         LINE#         593
  C:12A2H         LINE#         594
  C:12A6H         LINE#         596
  C:12B6H         LINE#         597
  C:12BBH         LINE#         598
  C:12C1H         LINE#         599
BL51 BANKED LINKER/LOCATER V6.22.2.0                                                  11/29/2018  20:32:59  PAGE 25


  C:12C5H         LINE#         600
  C:12CAH         LINE#         601
  C:12CAH         LINE#         602
  C:12CAH         LINE#         603
  C:12CAH         LINE#         604
  C:12CAH         LINE#         605
  C:12CAH         LINE#         606
  C:12CDH         LINE#         607
  C:12CDH         LINE#         608
  -------         ENDPROC       KEY_SCAN
  -------         PROC          APP_INIT
  -------         DO            
  D:0008H         SYMBOL        i
  -------         ENDDO         
  C:1429H         LINE#         623
  C:1429H         LINE#         625
  C:142CH         LINE#         626
  C:142FH         LINE#         627
  C:1432H         LINE#         628
  C:1437H         LINE#         629
  C:143AH         LINE#         630
  C:143DH         LINE#         631
  C:1442H         LINE#         632
  C:1460H         LINE#         633
  C:1464H         LINE#         634
  C:1471H         LINE#         635
  C:147EH         LINE#         636
  C:147EH         LINE#         637
  C:148BH         LINE#         638
  C:149EH         LINE#         639
  C:14A1H         LINE#         641
  C:14A9H         LINE#         642
  C:14B9H         LINE#         643
  C:14BCH         LINE#         644
  C:14C2H         LINE#         645
  C:14C6H         LINE#         646
  C:14C8H         LINE#         647
  -------         ENDPROC       APP_INIT
  -------         PROC          APP_HANDLE
  -------         DO            
  D:0008H         SYMBOL        SentData
  -------         ENDDO         
  C:03FBH         LINE#         662
  C:03FBH         LINE#         664
  C:03FEH         LINE#         669
  C:0401H         LINE#         674
  C:0407H         LINE#         675
  C:041EH         LINE#         677
  C:043AH         LINE#         678
  C:043AH         LINE#         679
  C:0445H         LINE#         680
  C:0448H         LINE#         681
  C:044BH         LINE#         682
  C:044BH         LINE#         683
  C:044EH         LINE#         684
  C:044EH         LINE#         686
  C:044EH         LINE#         687
BL51 BANKED LINKER/LOCATER V6.22.2.0                                                  11/29/2018  20:32:59  PAGE 26


  C:0459H         LINE#         688
  C:045CH         LINE#         689
  C:045FH         LINE#         690
  C:045FH         LINE#         691
  C:0462H         LINE#         692
  C:0462H         LINE#         694
  C:0462H         LINE#         695
  C:046DH         LINE#         696
  C:0470H         LINE#         697
  C:0473H         LINE#         698
  C:0473H         LINE#         699
  C:0475H         LINE#         700
  C:0475H         LINE#         702
  C:0475H         LINE#         703
  C:047DH         LINE#         704
  C:0480H         LINE#         705
  C:0482H         LINE#         706
  C:0484H         LINE#         707
  C:0484H         LINE#         708
  C:0486H         LINE#         709
  C:0486H         LINE#         711
  C:0486H         LINE#         712
  C:048EH         LINE#         713
  C:0491H         LINE#         714
  C:0494H         LINE#         715
  C:0494H         LINE#         716
  C:0496H         LINE#         717
  C:0496H         LINE#         719
  C:0496H         LINE#         720
  C:049EH         LINE#         721
  C:04A1H         LINE#         722
  C:04A4H         LINE#         723
  C:04A4H         LINE#         724
  C:04A6H         LINE#         725
  C:04A6H         LINE#         726
  C:04A6H         LINE#         727
  C:04ACH         LINE#         728
  C:04AEH         LINE#         729
  C:04B1H         LINE#         730
  C:04B3H         LINE#         731
  C:04B7H         LINE#         732
  C:04B9H         LINE#         734
  C:04BBH         LINE#         735
  C:04BDH         LINE#         738
  C:04C4H         LINE#         739
  C:04C8H         LINE#         741
  C:04D8H         LINE#         742
  C:04DDH         LINE#         743
  C:04E3H         LINE#         744
  C:04E7H         LINE#         745
  C:04ECH         LINE#         746
  C:04ECH         LINE#         747
  C:04ECH         LINE#         748
  C:04ECH         LINE#         749
  C:04ECH         LINE#         750
  C:04ECH         LINE#         751
  C:04ECH         LINE#         756
BL51 BANKED LINKER/LOCATER V6.22.2.0                                                  11/29/2018  20:32:59  PAGE 27


  C:04F8H         LINE#         757
  C:04F8H         LINE#         758
  C:04F8H         LINE#         759
  C:04FEH         LINE#         760
  C:04FEH         LINE#         761
  C:0501H         LINE#         762
  C:0501H         LINE#         763
  C:0503H         LINE#         764
  C:0503H         LINE#         765
  C:0509H         LINE#         766
  C:0509H         LINE#         767
  C:050CH         LINE#         768
  C:050FH         LINE#         769
  C:0511H         LINE#         770
  C:0515H         LINE#         771
  C:0515H         LINE#         772
  C:0520H         LINE#         773
  C:0520H         LINE#         774
  C:0523H         LINE#         775
  C:0528H         LINE#         776
  C:052EH         LINE#         777
  C:0530H         LINE#         778
  C:0532H         LINE#         779
  C:0537H         LINE#         780
  C:0537H         LINE#         781
  C:053AH         LINE#         782
  C:053AH         LINE#         784
  C:053CH         LINE#         785
  C:053CH         LINE#         786
  C:0542H         LINE#         787
  C:0542H         LINE#         788
  C:0544H         LINE#         789
  C:0546H         LINE#         790
  C:0546H         LINE#         791
  C:0546H         LINE#         792
  C:0546H         LINE#         793
  C:0546H         LINE#         794
  C:0546H         LINE#         799
  C:054CH         LINE#         800
  C:0560H         LINE#         801
  C:0565H         LINE#         802
  C:056BH         LINE#         803
  C:056BH         LINE#         808
  C:0574H         LINE#         809
  C:0579H         LINE#         810
  C:057AH         LINE#         815
  C:0583H         LINE#         816
  C:0586H         LINE#         817
  C:0589H         LINE#         818
  C:058EH         LINE#         819
  C:0591H         LINE#         820
  C:0594H         LINE#         821
  C:0594H         LINE#         828
  C:059EH         LINE#         829
  C:05A1H         LINE#         830
  C:05A4H         LINE#         831
  C:05A7H         LINE#         832
BL51 BANKED LINKER/LOCATER V6.22.2.0                                                  11/29/2018  20:32:59  PAGE 28


  C:05B2H         LINE#         833
  C:05B5H         LINE#         834
  C:05B8H         LINE#         835
  C:05BBH         LINE#         836
  C:05C2H         LINE#         837
  C:05C5H         LINE#         838
  C:05C8H         LINE#         839
  C:05CBH         LINE#         840
  C:05CBH         LINE#         859
  C:05D4H         LINE#         860
  C:05D7H         LINE#         861
  C:05DAH         LINE#         862
  C:05DDH         LINE#         863
  C:05E4H         LINE#         864
  C:05E7H         LINE#         865
  C:05EAH         LINE#         866
  C:05EDH         LINE#         867
  C:05EFH         LINE#         868
  C:05F2H         LINE#         869
  C:05F5H         LINE#         870
  C:05F8H         LINE#         871
  C:05F8H         LINE#         877
  C:0601H         LINE#         878
  C:0601H         LINE#         879
  C:0604H         LINE#         880
  C:0607H         LINE#         881
  C:0609H         LINE#         882
  C:060CH         LINE#         883
  C:060CH         LINE#         884
  C:060FH         LINE#         885
  C:0612H         LINE#         886
  C:0612H         LINE#         891
  C:061AH         LINE#         892
  C:061AH         LINE#         893
  C:061DH         LINE#         894
  C:0620H         LINE#         895
  C:0622H         LINE#         896
  C:0628H         LINE#         897
  C:0628H         LINE#         898
  C:062BH         LINE#         899
  C:062EH         LINE#         900
  C:062EH         LINE#         903
  C:0638H         LINE#         904
  C:063EH         LINE#         905
  C:063EH         LINE#         910
  C:0644H         LINE#         911
  C:0646H         LINE#         912
  C:064AH         LINE#         913
  C:0655H         LINE#         914
  C:0655H         LINE#         919
  C:066CH         LINE#         920
  C:066DH         LINE#         921
  C:0672H         LINE#         922
  C:0674H         LINE#         923
  C:0676H         LINE#         924
  C:0679H         LINE#         925
  C:067CH         LINE#         926
BL51 BANKED LINKER/LOCATER V6.22.2.0                                                  11/29/2018  20:32:59  PAGE 29


  C:0680H         LINE#         927
  C:0682H         LINE#         928
  C:0686H         LINE#         929
  C:068CH         LINE#         930
  C:068FH         LINE#         931
  C:0691H         LINE#         932
  C:0694H         LINE#         933
  C:0694H         LINE#         934
  C:069CH         LINE#         936
  C:06ACH         LINE#         937
  C:06ACH         LINE#         939
  C:06C3H         LINE#         940
  C:06C4H         LINE#         941
  C:06C9H         LINE#         942
  C:06CBH         LINE#         943
  C:06CDH         LINE#         944
  C:06D0H         LINE#         945
  C:06D3H         LINE#         946
  C:06D7H         LINE#         947
  C:06D9H         LINE#         948
  C:06DDH         LINE#         949
  C:06E3H         LINE#         950
  C:06E6H         LINE#         951
  C:06E8H         LINE#         952
  C:06EBH         LINE#         953
  C:06EBH         LINE#         954
  C:06F3H         LINE#         956
  C:0703H         LINE#         957
  C:0703H         LINE#         959
  C:071AH         LINE#         960
  C:071BH         LINE#         961
  C:0720H         LINE#         963
  C:0722H         LINE#         964
  C:072AH         LINE#         965
  C:073AH         LINE#         966
  C:073AH         LINE#         970
  C:0751H         LINE#         971
  C:0752H         LINE#         972
  C:0757H         LINE#         973
  C:0759H         LINE#         974
  C:075BH         LINE#         975
  C:0763H         LINE#         976
  C:0773H         LINE#         977
  C:0773H         LINE#         1010
  -------         ENDPROC       APP_HANDLE
  -------         PROC          BSP_UART1IQRHANDLE
  -------         DO            
  D:001DH         SYMBOL        crc
  -------         ENDDO         
  C:1B8DH         LINE#         1059
  C:1B9AH         LINE#         1060
  C:1B9DH         LINE#         1062
  C:1BA2H         LINE#         1063
  C:1BA5H         LINE#         1064
  C:1BB7H         LINE#         1065
  C:1BBAH         LINE#         1066
  C:1BBEH         LINE#         1068
BL51 BANKED LINKER/LOCATER V6.22.2.0                                                  11/29/2018  20:32:59  PAGE 30


  C:1BBEH         LINE#         1069
  C:1BCCH         LINE#         1070
  C:1BCCH         LINE#         1120
  -------         ENDPROC       BSP_UART1IQRHANDLE
  -------         PROC          BSP_TIMER0IQRHANDLE
  -------         DO            
  D:0036H         SYMBOL        base_time
  -------         ENDDO         
  C:10FDH         LINE#         1123
  C:111AH         LINE#         1125
  C:111DH         LINE#         1126
  C:1120H         LINE#         1127
  C:1123H         LINE#         1128
  C:1127H         LINE#         1129
  C:1127H         LINE#         1130
  C:112FH         LINE#         1131
  C:112FH         LINE#         1133
  C:1145H         LINE#         1134
  C:114BH         LINE#         1135
  C:1151H         LINE#         1136
  C:1166H         LINE#         1137
  C:116BH         LINE#         1138
  C:116FH         LINE#         1139
  C:116FH         LINE#         1140
  C:116FH         LINE#         1142
  C:1175H         LINE#         1143
  C:118AH         LINE#         1144
  C:118FH         LINE#         1145
  C:118FH         LINE#         1146
  C:118FH         LINE#         1154
  C:1195H         LINE#         1155
  C:1195H         LINE#         1156
  C:11AAH         LINE#         1157
  C:11AFH         LINE#         1158
  C:11AFH         LINE#         1159
  C:11AFH         LINE#         1161
  C:11B5H         LINE#         1162
  C:11B5H         LINE#         1163
  C:11CAH         LINE#         1164
  C:11CAH         LINE#         1165
  C:11CFH         LINE#         1166
  C:11CFH         LINE#         1167
  C:11CFH         LINE#         1169
  C:11CFH         LINE#         1183
  -------         ENDPROC       BSP_TIMER0IQRHANDLE
  -------         ENDMOD        APP

  -------         MODULE        S_TOUCHKEYCFG
  C:0000H         SYMBOL        _ICE_DUMMY_
  X:0000H         PUBLIC        ConfirmTouchCnt
  X:0001H         PUBLIC        BaseLine
  C:1D7CH         PUBLIC        TouchKeyCFGInit
  C:1F2BH         PUBLIC        _GetBaseLineAdjustValue
  X:000DH         PUBLIC        FloatAreaCnt
  B:00D0H.7       PUBLIC        TK_CY
  C:1CDEH         PUBLIC        _GetCurrFingerValue
  C:1FBCH         PUBLIC        GetCsFunction
BL51 BANKED LINKER/LOCATER V6.22.2.0                                                  11/29/2018  20:32:59  PAGE 31


  X:0013H         PUBLIC        CurrentChannel
  X:0019H         PUBLIC        RawData
  C:1F9CH         PUBLIC        IsDoubleKeyOrSlideKey
  X:0025H         PUBLIC        TouchCnt
  X:002BH         PUBLIC        LowFingerDataCnt
  C:0C8CH         PUBLIC        TouchKeyScan
  C:1F58H         PUBLIC        SetOneKeyPushResetTime
  C:1F19H         PUBLIC        _GetScanTimeValue
  C:1F78H         PUBLIC        GetTKYzCnt
  X:0031H         PUBLIC        DifferAccum
  X:003DH         PUBLIC        RestAreaCnt
  C:0046H         PUBLIC        _GetTKYzThreshold
  C:1A51H         PUBLIC        CurrentSensorChoose
  C:1F94H         PUBLIC        GetInitAutoUpdateTime
  X:0043H         PUBLIC        MultipleLNum
  C:000EH         PUBLIC        _GetCfgMsg
  X:0045H         PUBLIC        SOCAPI_TouchKeyStatus
  C:1FA4H         PUBLIC        GetUpConfirmCnt
  X:0046H         PUBLIC        UpdateBaseLNum
  X:0048H         PUBLIC        SetNoiseThreshold
  C:1F63H         PUBLIC        GetBaselineUpdateThreshold
  X:0049H         PUBLIC        FilterData
  X:0055H         PUBLIC        NoTouchCnt
  X:005BH         PUBLIC        MultipleDealTpye
  C:1AC6H         PUBLIC        TKChannelCfg
  C:1AA4H         PUBLIC        TKCFG
  D:00D0H         PUBLIC        TK_PSW
  -------         PROC          SETONEKEYPUSHRESETTIME
  C:1F58H         LINE#         94
  C:1F58H         LINE#         95
  C:1F58H         LINE#         96
  C:1F62H         LINE#         97
  -------         ENDPROC       SETONEKEYPUSHRESETTIME
  -------         PROC          GETBASELINEUPDATETHRESHOLD
  C:1F63H         LINE#         105
  C:1F63H         LINE#         106
  C:1F63H         LINE#         107
  C:1F6DH         LINE#         108
  -------         ENDPROC       GETBASELINEUPDATETHRESHOLD
  -------         PROC          GETINITAUTOUPDATETIME
  C:1F94H         LINE#         117
  C:1F94H         LINE#         118
  C:1F94H         LINE#         119
  C:1F9BH         LINE#         120
  -------         ENDPROC       GETINITAUTOUPDATETIME
  -------         PROC          GETCSFUNCTION
  C:1FBCH         LINE#         128
  C:1FBCH         LINE#         129
  C:1FBCH         LINE#         130
  C:1FBEH         LINE#         131
  -------         ENDPROC       GETCSFUNCTION
  -------         PROC          _GETCURRFINGERVALUE
  D:0005H         SYMBOL        i
  C:1CDEH         LINE#         139
  C:1CE0H         LINE#         140
  C:1CE0H         LINE#         141
  C:1D09H         LINE#         142
BL51 BANKED LINKER/LOCATER V6.22.2.0                                                  11/29/2018  20:32:59  PAGE 32


  -------         ENDPROC       _GETCURRFINGERVALUE
  -------         PROC          _GETSCANTIMEVALUE
  D:0007H         SYMBOL        i
  C:1F19H         LINE#         151
  C:1F19H         LINE#         152
  C:1F19H         LINE#         153
  C:1F2AH         LINE#         154
  -------         ENDPROC       _GETSCANTIMEVALUE
  -------         PROC          ISDOUBLEKEYORSLIDEKEY
  C:1F9CH         LINE#         162
  C:1F9CH         LINE#         163
  C:1F9CH         LINE#         164
  C:1FA3H         LINE#         165
  -------         ENDPROC       ISDOUBLEKEYORSLIDEKEY
  -------         PROC          _GETBASELINEADJUSTVALUE
  D:0007H         SYMBOL        i
  C:1F2BH         LINE#         174
  C:1F2BH         LINE#         175
  C:1F2BH         LINE#         176
  C:1F3CH         LINE#         177
  -------         ENDPROC       _GETBASELINEADJUSTVALUE
  -------         PROC          GETUPCONFIRMCNT
  C:1FA4H         LINE#         185
  C:1FA4H         LINE#         186
  C:1FA4H         LINE#         187
  C:1FABH         LINE#         188
  -------         ENDPROC       GETUPCONFIRMCNT
  -------         PROC          GETTKYZCNT
  C:1F78H         LINE#         197
  C:1F78H         LINE#         198
  C:1F78H         LINE#         199
  C:1F81H         LINE#         200
  -------         ENDPROC       GETTKYZCNT
  -------         PROC          _GETTKYZTHRESHOLD
  D:0007H         SYMBOL        i
  -------         DO            
  D:0006H         SYMBOL        SetFingerThresholdtmp
  -------         ENDDO         
  C:0046H         LINE#         209
  C:0046H         LINE#         210
  C:0046H         LINE#         213
  C:0049H         LINE#         214
  -------         ENDPROC       _GETTKYZTHRESHOLD
  -------         PROC          CURRENTSENSORCHOOSE
  -------         DO            
  D:0003H         SYMBOL        i
  D:0002H         SYMBOL        Ctk_Channel_mark
  D:000AH         SYMBOL        CurrentSensorKey
  -------         ENDDO         
  C:1A51H         LINE#         225
  C:1A51H         LINE#         226
  C:1A51H         LINE#         227
  C:1A53H         LINE#         228
  C:1A54H         LINE#         229
  C:1A5CH         LINE#         231
  C:1A65H         LINE#         233
  C:1A6FH         LINE#         234
BL51 BANKED LINKER/LOCATER V6.22.2.0                                                  11/29/2018  20:32:59  PAGE 33


  C:1A6FH         LINE#         235
  C:1A84H         LINE#         236
  C:1A87H         LINE#         237
  C:1A87H         LINE#         238
  C:1A93H         LINE#         239
  C:1A94H         LINE#         240
  C:1A9EH         LINE#         241
  C:1A9EH         LINE#         242
  C:1A9EH         LINE#         243
  C:1AA1H         LINE#         244
  C:1AA3H         LINE#         245
  -------         ENDPROC       CURRENTSENSORCHOOSE
  -------         PROC          _GETCFGMSG
  D:0007H         SYMBOL        i
  C:000EH         LINE#         254
  C:000EH         LINE#         255
  C:000EH         LINE#         256
  C:001FH         LINE#         257
  C:001FH         LINE#         258
  C:0024H         LINE#         259
  C:0029H         LINE#         260
  C:002CH         LINE#         261
  C:0030H         LINE#         262
  C:0038H         LINE#         263
  C:003AH         LINE#         264
  C:003AH         LINE#         265
  -------         ENDPROC       _GETCFGMSG
  -------         PROC          TOUCHKEYCFGINIT
  C:1D7CH         LINE#         274
  C:1D7CH         LINE#         275
  C:1D7CH         LINE#         276
  C:1D86H         LINE#         277
  C:1D90H         LINE#         278
  C:1D93H         LINE#         279
  C:1D9AH         LINE#         280
  -------         ENDPROC       TOUCHKEYCFGINIT
  -------         PROC          TOUCHKEYSCAN
  -------         DO            
  D:0003H         SYMBOL        t
  D:000AH         SYMBOL        MultipleCnt
  D:000BH         SYMBOL        Keyvalue
  D:000FH         SYMBOL        KeyData
  -------         ENDDO         
  C:0C8CH         LINE#         292
  C:0C8CH         LINE#         293
  C:0C8CH         LINE#         295
  C:0C8FH         LINE#         296
  C:0C97H         LINE#         297
  C:0C9FH         LINE#         299
  C:0CA7H         LINE#         300
  C:0CA7H         LINE#         301
  C:0CB2H         LINE#         302
  C:0CBAH         LINE#         303
  C:0CBAH         LINE#         304
  C:0CCFH         LINE#         305
  C:0CD2H         LINE#         306
  C:0CD2H         LINE#         307
BL51 BANKED LINKER/LOCATER V6.22.2.0                                                  11/29/2018  20:32:59  PAGE 34


  C:0CFCH         LINE#         308
  C:0CFEH         LINE#         309
  C:0CFEH         LINE#         310
  C:0D01H         LINE#         311
  C:0D0FH         LINE#         312
  C:0D0FH         LINE#         313
  C:0D11H         LINE#         314
  C:0D1AH         LINE#         315
  C:0D1AH         LINE#         316
  C:0D1DH         LINE#         317
  C:0D1FH         LINE#         319
  C:0D1FH         LINE#         320
  C:0D25H         LINE#         321
  C:0D25H         LINE#         322
  C:0D27H         LINE#         323
  C:0D27H         LINE#         324
  C:0D27H         LINE#         325
  C:0D27H         LINE#         327
  C:0D2AH         LINE#         328
  C:0D2AH         LINE#         329
  C:0D3DH         LINE#         330
  C:0D3DH         LINE#         331
  C:0D4BH         LINE#         332
  C:0D4DH         LINE#         334
  C:0D4DH         LINE#         335
  C:0D54H         LINE#         336
  C:0D54H         LINE#         337
  C:0D56H         LINE#         339
  C:0D56H         LINE#         341
  C:0D64H         LINE#         342
  C:0D6DH         LINE#         343
  C:0D6DH         LINE#         345
[...]
  D:000BH         SYMBOL        i
  -------         ENDDO         
  C:1C4FH         LINE#         233
  C:1C4FH         LINE#         234
BL51 BANKED LINKER/LOCATER V6.22.2.0                                                  11/29/2018  20:32:59  PAGE 38


  C:1C4FH         LINE#         237
  C:1C52H         LINE#         239
  C:1C52H         LINE#         240
  C:1C55H         LINE#         241
  C:1C5CH         LINE#         242
  C:1C5FH         LINE#         244
  C:1C64H         LINE#         246
  C:1C64H         LINE#         247
  C:1C67H         LINE#         248
  C:1C71H         LINE#         249
  C:1C71H         LINE#         250
  C:1C76H         LINE#         251
  C:1C7AH         LINE#         252
  C:1C81H         LINE#         253
  -------         ENDPROC       FILTERAVERGEDEAL
  -------         PROC          INITIALIZEBASELINES
  -------         DO            
  D:0007H         SYMBOL        i
  -------         ENDDO         
  C:1E2BH         LINE#         262
  C:1E2BH         LINE#         263
  C:1E2BH         LINE#         265
  C:1E33H         LINE#         266
  C:1E33H         LINE#         267
  C:1E42H         LINE#         268
  C:1E45H         LINE#         269
  -------         ENDPROC       INITIALIZEBASELINES
  -------         PROC          SENSORKEYFLAG
  -------         DO            
  D:0013H         SYMBOL        i
  -------         ENDDO         
  C:1D57H         LINE#         278
  C:1D57H         LINE#         279
  C:1D57H         LINE#         282
  C:1D5CH         LINE#         283
  C:1D65H         LINE#         284
  C:1D65H         LINE#         285
  C:1D6AH         LINE#         286
  C:1D6FH         LINE#         287
  C:1D73H         LINE#         288
  C:1D7BH         LINE#         289
  -------         ENDPROC       SENSORKEYFLAG
  -------         PROC          _SENSORRENOVATE
  D:0014H         SYMBOL        i
  -------         DO            
  D:0015H         SYMBOL        differData
  D:0017H         SYMBOL        result
  D:0018H         SYMBOL        j
  D:0019H         SYMBOL        RealConfirmTouchCnt
  D:001AH         SYMBOL        SetFingerThresholdtmp
  D:001CH         SYMBOL        testcount
  -------         ENDDO         
  C:005EH         LINE#         298
  C:0060H         LINE#         299
  C:0060H         LINE#         305
  C:0063H         LINE#         307
  C:007BH         LINE#         310
BL51 BANKED LINKER/LOCATER V6.22.2.0                                                  11/29/2018  20:32:59  PAGE 39


  C:0090H         LINE#         312
  C:0099H         LINE#         314
  C:00A5H         LINE#         315
  C:00A5H         LINE#         316
  C:00A8H         LINE#         317
  C:00AAH         LINE#         319
  C:00AAH         LINE#         320
  C:00ADH         LINE#         321
  C:00ADH         LINE#         324
  C:00B6H         LINE#         325
  C:00B6H         LINE#         326
  C:00C3H         LINE#         327
  C:00C3H         LINE#         328
  C:00CDH         LINE#         329
  C:00CDH         LINE#         331
  C:00DEH         LINE#         332
  C:00DEH         LINE#         333
  C:00E4H         LINE#         334
  C:00EAH         LINE#         335
  C:00EAH         LINE#         336
  C:00EDH         LINE#         337
  C:00F6H         LINE#         338
  C:00F6H         LINE#         339
  C:00FFH         LINE#         340
  C:0101H         LINE#         341
  C:0105H         LINE#         342
  C:010CH         LINE#         343
  C:010CH         LINE#         344
  C:0112H         LINE#         345
  C:0112H         LINE#         346
  C:0112H         LINE#         347
  C:0122H         LINE#         348
  C:0122H         LINE#         349
  C:0125H         LINE#         351
  C:012BH         LINE#         352
  C:012BH         LINE#         353
  C:0134H         LINE#         354
  C:0134H         LINE#         355
  C:013AH         LINE#         356
  C:013AH         LINE#         357
  C:0145H         LINE#         358
  C:0145H         LINE#         359
  C:0148H         LINE#         360
  C:014AH         LINE#         361
  C:014AH         LINE#         362
  C:014AH         LINE#         363
  C:014EH         LINE#         364
  C:0154H         LINE#         365
  C:0154H         LINE#         366
  C:0158H         LINE#         367
  C:0158H         LINE#         368
  C:0161H         LINE#         369
  C:0161H         LINE#         370
  C:0167H         LINE#         371
  C:0167H         LINE#         372
  C:0176H         LINE#         373
  C:0176H         LINE#         374
BL51 BANKED LINKER/LOCATER V6.22.2.0                                                  11/29/2018  20:32:59  PAGE 40


  C:0176H         LINE#         375
  C:0178H         LINE#         376
  C:0178H         LINE#         377
  C:0178H         LINE#         378
  C:017CH         LINE#         379
  C:017CH         LINE#         380
  C:017CH         LINE#         381
  C:017CH         LINE#         383
  C:017CH         LINE#         384
  C:0182H         LINE#         385
  C:0182H         LINE#         386
  C:0184H         LINE#         387
  C:018DH         LINE#         388
  C:018DH         LINE#         389
  C:0196H         LINE#         390
  C:0196H         LINE#         391
  C:0198H         LINE#         392
  C:0198H         LINE#         393
  C:019CH         LINE#         394
  C:01A3H         LINE#         395
  C:01A3H         LINE#         396
  C:01A6H         LINE#         397
  C:01A6H         LINE#         398
  C:01A6H         LINE#         399
  C:01A6H         LINE#         401
  C:01ABH         LINE#         402
  C:01ABH         LINE#         403
  C:01ADH         LINE#         404
  C:01ADH         LINE#         405
  C:01C8H         LINE#         406
  C:01C8H         LINE#         407
  C:01C8H         LINE#         410
  C:01CDH         LINE#         411
  C:01D2H         LINE#         412
  C:01D9H         LINE#         413
  C:01E2H         LINE#         414
  C:01E5H         LINE#         417
  C:01E5H         LINE#         418
  C:01EFH         LINE#         419
  C:01EFH         LINE#         420
  C:01EFH         LINE#         421
  C:01EFH         LINE#         422
  C:01F5H         LINE#         423
  C:01F5H         LINE#         424
  C:01F7H         LINE#         426
  C:01F7H         LINE#         427
  C:01FDH         LINE#         428
  C:0202H         LINE#         429
  C:0202H         LINE#         431
  C:021BH         LINE#         432
  C:021BH         LINE#         433
  C:021FH         LINE#         434
  C:0222H         LINE#         435
  C:022AH         LINE#         436
  C:022AH         LINE#         437
  C:0235H         LINE#         438
  C:0245H         LINE#         439
BL51 BANKED LINKER/LOCATER V6.22.2.0                                                  11/29/2018  20:32:59  PAGE 41


  C:0245H         LINE#         440
  C:024CH         LINE#         441
  C:024CH         LINE#         442
  C:024EH         LINE#         443
  C:0268H         LINE#         444
  C:0268H         LINE#         445
  C:0272H         LINE#         446
  C:0279H         LINE#         447
  C:0279H         LINE#         448
  C:0279H         LINE#         449
  C:027CH         LINE#         450
  C:0297H         LINE#         451
  C:0297H         LINE#         452
  C:029AH         LINE#         453
  C:029FH         LINE#         454
  C:02ACH         LINE#         455
  C:02ACH         LINE#         457
  C:02B2H         LINE#         458
  C:02B2H         LINE#         459
  C:02B7H         LINE#         460
  C:02B9H         LINE#         461
  C:02BEH         LINE#         462
  C:02C0H         LINE#         464
  C:02C0H         LINE#         465
  C:02E0H         LINE#         466
  C:02E0H         LINE#         467
  C:02E0H         LINE#         468
  C:02E8H         LINE#         469
  C:02E8H         LINE#         470
  C:02EBH         LINE#         471
  C:02EBH         LINE#         472
  C:02EEH         LINE#         473
  C:02F6H         LINE#         474
  C:02F6H         LINE#         475
  C:02F9H         LINE#         476
  C:02FEH         LINE#         477
  C:02FEH         LINE#         478
  C:0301H         LINE#         479
  C:0308H         LINE#         480
  C:0308H         LINE#         481
  C:030DH         LINE#         482
  C:0325H         LINE#         483
  C:0325H         LINE#         484
  C:0325H         LINE#         485
  C:0325H         LINE#         488
  C:0330H         LINE#         489
  C:0330H         LINE#         490
  C:034EH         LINE#         491
  C:034EH         LINE#         492
  C:0354H         LINE#         493
  C:0359H         LINE#         494
  C:0363H         LINE#         495
  C:0363H         LINE#         496
  C:036CH         LINE#         497
  C:036EH         LINE#         498
  C:0372H         LINE#         499
  C:0379H         LINE#         500
BL51 BANKED LINKER/LOCATER V6.22.2.0                                                  11/29/2018  20:32:59  PAGE 42


  C:0379H         LINE#         501
  C:037FH         LINE#         502
  C:037FH         LINE#         503
  C:0388H         LINE#         504
  C:0388H         LINE#         505
  C:038DH         LINE#         506
  C:03AFH         LINE#         507
  C:03BCH         LINE#         508
  C:03BCH         LINE#         509
  C:03BDH         LINE#         511
  C:03BDH         LINE#         512
  C:03C3H         LINE#         513
  C:03C3H         LINE#         514
  C:03C4H         LINE#         516
  C:03C4H         LINE#         517
  C:03CDH         LINE#         519
  C:03D4H         LINE#         520
  C:03D4H         LINE#         522
  C:03D4H         LINE#         524
  C:03DDH         LINE#         525
  C:03DDH         LINE#         527
  C:03DDH         LINE#         529
  C:03E7H         LINE#         530
  C:03E7H         LINE#         531
  C:03EDH         LINE#         532
  C:03EDH         LINE#         533
  C:03F0H         LINE#         534
  C:03F0H         LINE#         535
  C:03F4H         LINE#         536
  C:03F8H         LINE#         537
  C:03F8H         LINE#         538
  C:03FAH         LINE#         539
  C:03FAH         LINE#         540
  C:03FAH         LINE#         542
  C:03FAH         LINE#         543
  -------         ENDPROC       _SENSORRENOVATE
  -------         PROC          FILTERIIRINIT
  -------         DO            
  D:0007H         SYMBOL        i
  -------         ENDDO         
  C:1D9BH         LINE#         551
  C:1D9BH         LINE#         552
  C:1D9BH         LINE#         554
  C:1DA3H         LINE#         555
  C:1DA3H         LINE#         556
  C:1DB5H         LINE#         557
  C:1DB8H         LINE#         558
  -------         ENDPROC       FILTERIIRINIT
  -------         PROC          _FILTERDATADEAL
  D:0015H         SYMBOL        i
  -------         DO            
  D:0016H         SYMBOL        FilterTemp
  D:0004H         SYMBOL        SetFingerThresholdtmp
  -------         ENDDO         
  C:12CEH         LINE#         567
  C:12D0H         LINE#         568
  C:12D0H         LINE#         572
BL51 BANKED LINKER/LOCATER V6.22.2.0                                                  11/29/2018  20:32:59  PAGE 43


  C:12DDH         LINE#         574
  C:12E6H         LINE#         576
  C:12FBH         LINE#         577
  C:12FBH         LINE#         578
  C:1303H         LINE#         579
  C:1306H         LINE#         580
  C:131FH         LINE#         581
  C:131FH         LINE#         582
  C:1344H         LINE#         583
  C:1346H         LINE#         585
  C:1346H         LINE#         586
  C:137EH         LINE#         587
  C:137EH         LINE#         589
  C:1388H         LINE#         590
  -------         ENDPROC       _FILTERDATADEAL
  -------         PROC          GETISNEEDUPDATEBASELINE
  C:1FC2H         LINE#         599
  C:1FC2H         LINE#         600
  C:1FC2H         LINE#         601
  C:1FC4H         LINE#         602
  -------         ENDPROC       GETISNEEDUPDATEBASELINE
  -------         PROC          SETNEEDUPDATEBASELINE
  C:1FC5H         LINE#         611
  C:1FC5H         LINE#         612
  C:1FC5H         LINE#         613
  C:1FC7H         LINE#         614
  -------         ENDPROC       SETNEEDUPDATEBASELINE
  -------         PROC          INITIALIZESENSORFLAG
  -------         DO            
  D:0007H         SYMBOL        i
  -------         ENDDO         
  C:1AF6H         LINE#         623
  C:1AF6H         LINE#         624
  C:1AF6H         LINE#         626
  C:1AFEH         LINE#         627
  C:1AFEH         LINE#         628
  C:1B06H         LINE#         629
  C:1B0EH         LINE#         630
  C:1B16H         LINE#         631
  C:1B1EH         LINE#         632
  C:1B26H         LINE#         633
  C:1B29H         LINE#         635
  C:1B32H         LINE#         636
  C:1B38H         LINE#         637
  C:1B3FH         LINE#         638
  C:1B41H         LINE#         639
  -------         ENDPROC       INITIALIZESENSORFLAG
  -------         PROC          _MULTIPLEDEAL
  D:0013H         SYMBOL        CycleCnt
  -------         DO            
  X:0099H         SYMBOL        InitSensorCnt
  D:0004H         SYMBOL        FilterTemp
  D:0014H         SYMBOL        t
  -------         ENDDO         
  C:0DBCH         LINE#         648
  C:0DBEH         LINE#         649
  C:0DBEH         LINE#         655
BL51 BANKED LINKER/LOCATER V6.22.2.0                                                  11/29/2018  20:32:59  PAGE 44


  C:0DC7H         LINE#         656
  C:0DC7H         LINE#         657
  C:0DC9H         LINE#         658
  C:0DCFH         LINE#         659
  C:0DCFH         LINE#         660
  C:0DD8H         LINE#         661
  C:0DD8H         LINE#         662
  C:0DEDH         LINE#         663
  C:0DF1H         LINE#         664
  C:0DF1H         LINE#         665
  C:0DF4H         LINE#         666
  C:0DF6H         LINE#         667
  C:0DFCH         LINE#         669
  C:0DFCH         LINE#         671
  C:0E02H         LINE#         672
  C:0E06H         LINE#         673
  C:0E06H         LINE#         674
  C:0E09H         LINE#         675
  C:0E0EH         LINE#         676
  C:0E0EH         LINE#         678
  C:0E1AH         LINE#         679
  C:0E1AH         LINE#         680
  C:0E24H         LINE#         681
  C:0E24H         LINE#         682
  C:0E3DH         LINE#         683
  C:0E43H         LINE#         684
  C:0E43H         LINE#         685
  C:0E6AH         LINE#         686
  C:0E6CH         LINE#         689
  C:0E6CH         LINE#         690
  C:0E94H         LINE#         691
  C:0E94H         LINE#         692
  C:0E94H         LINE#         693
  C:0E99H         LINE#         694
  C:0E9EH         LINE#         696
  C:0EA3H         LINE#         697
  C:0EA3H         LINE#         698
  C:0EA9H         LINE#         699
  C:0EA9H         LINE#         701
  C:0EB6H         LINE#         702
  C:0EB6H         LINE#         703
  C:0EB8H         LINE#         704
  C:0EBAH         LINE#         705
  C:0EC0H         LINE#         706
  C:0ECDH         LINE#         707
  C:0ECDH         LINE#         708
  C:0ED2H         LINE#         709
  C:0ED5H         LINE#         710
  C:0ED8H         LINE#         711
  C:0EDAH         LINE#         712
  C:0EDAH         LINE#         713
  C:0EDAH         LINE#         714
  C:0EDAH         LINE#         715
  -------         ENDPROC       _MULTIPLEDEAL
  -------         ENDMOD        SENSORMETHOD

  -------         MODULE        ?C?COPY
BL51 BANKED LINKER/LOCATER V6.22.2.0                                                  11/29/2018  20:32:59  PAGE 45


  C:0844H         PUBLIC        ?C?COPY
  -------         ENDMOD        ?C?COPY

  -------         MODULE        ?C?CLDPTR
  C:086AH         PUBLIC        ?C?CLDPTR
  -------         ENDMOD        ?C?CLDPTR

  -------         MODULE        ?C?CSTPTR
  C:0883H         PUBLIC        ?C?CSTPTR
  -------         ENDMOD        ?C?CSTPTR

  -------         MODULE        ?C?IMUL
  C:0895H         PUBLIC        ?C?IMUL
  -------         ENDMOD        ?C?IMUL

  -------         MODULE        ?C?UIDIV
  C:08A7H         PUBLIC        ?C?UIDIV
  -------         ENDMOD        ?C?UIDIV

  -------         MODULE        ?C?IILDX
  C:08FCH         PUBLIC        ?C?IILDX
  -------         ENDMOD        ?C?IILDX

  -------         MODULE        ?C?ILDIX
  C:0912H         PUBLIC        ?C?ILDIX
  -------         ENDMOD        ?C?ILDIX

  -------         MODULE        ?C?ILDPTR
  C:0928H         PUBLIC        ?C?ILDPTR
  -------         ENDMOD        ?C?ILDPTR

  -------         MODULE        ?C?LNOT
  C:0953H         PUBLIC        ?C?LNOT
  -------         ENDMOD        ?C?LNOT

  -------         MODULE        ?C?ULCMP
  C:0960H         PUBLIC        ?C?ULCMP
  -------         ENDMOD        ?C?ULCMP

  -------         MODULE        ?C?ULSHR
  C:0971H         PUBLIC        ?C?ULSHR
  -------         ENDMOD        ?C?ULSHR

  -------         MODULE        ?C?LSHL
  C:0984H         PUBLIC        ?C?LSHL
  -------         ENDMOD        ?C?LSHL

  -------         MODULE        ?C?LLDOPTR
  C:0997H         PUBLIC        ?C?LLDOPTR
  -------         ENDMOD        ?C?LLDOPTR

  -------         MODULE        ?C?LSTPTR
  C:09C7H         PUBLIC        ?C?LSTPTR
  -------         ENDMOD        ?C?LSTPTR

  -------         MODULE        ?C?LSTOPTR
  C:09E1H         PUBLIC        ?C?LSTOPTR
BL51 BANKED LINKER/LOCATER V6.22.2.0                                                  11/29/2018  20:32:59  PAGE 46


  -------         ENDMOD        ?C?LSTOPTR

  -------         MODULE        ?C?LLDPTR0
  C:0A05H         PUBLIC        ?C?LLDPTR0
  -------         ENDMOD        ?C?LLDPTR0

  -------         MODULE        ?C?OFFXADD
  C:0A25H         PUBLIC        ?C?OFFXADD
  -------         ENDMOD        ?C?OFFXADD

  -------         MODULE        ?C?MEMSET
  C:0A31H         PUBLIC        ?C?MEMSET
  -------         ENDMOD        ?C?MEMSET

  -------         MODULE        ?C?LLDIDATA
  C:0A5DH         PUBLIC        ?C?LLDIDATA
  -------         ENDMOD        ?C?LLDIDATA

  -------         MODULE        ?C?LLDXDATA
  C:0A69H         PUBLIC        ?C?LLDXDATA
  -------         ENDMOD        ?C?LLDXDATA

  -------         MODULE        ?C?LLDPDATA
  C:0A75H         PUBLIC        ?C?LLDPDATA
  -------         ENDMOD        ?C?LLDPDATA

  -------         MODULE        ?C?LLDCODE
  C:0A81H         PUBLIC        ?C?LLDCODE
  -------         ENDMOD        ?C?LLDCODE

  -------         MODULE        ?C?LLDIDATA0
  C:0A91H         PUBLIC        ?C?LLDIDATA0
  -------         ENDMOD        ?C?LLDIDATA0

  -------         MODULE        ?C?LLDXDATA0
  C:0A9EH         PUBLIC        ?C?LLDXDATA0
  -------         ENDMOD        ?C?LLDXDATA0

  -------         MODULE        ?C?LLDPDATA0
  C:0AAAH         PUBLIC        ?C?LLDPDATA0
  -------         ENDMOD        ?C?LLDPDATA0

  -------         MODULE        ?C?LLDCODE0
  C:0AB7H         PUBLIC        ?C?LLDCODE0
  -------         ENDMOD        ?C?LLDCODE0

  -------         MODULE        ?C?LSTIDATA
  C:0AC7H         PUBLIC        ?C?LSTIDATA
  -------         ENDMOD        ?C?LSTIDATA

  -------         MODULE        ?C?LSTXDATA
  C:0AD3H         PUBLIC        ?C?LSTXDATA
  -------         ENDMOD        ?C?LSTXDATA

  -------         MODULE        ?C?LSTPDATA
  C:0ADFH         PUBLIC        ?C?LSTPDATA
  -------         ENDMOD        ?C?LSTPDATA
BL51 BANKED LINKER/LOCATER V6.22.2.0                                                  11/29/2018  20:32:59  PAGE 47



*** WARNING L16: UNCALLED SEGMENT, IGNORED FOR OVERLAY PROCESS
    SEGMENT: ?PR?_TIMEOUT_RECORD?TIMEOUT

*** WARNING L16: UNCALLED SEGMENT, IGNORED FOR OVERLAY PROCESS
    SEGMENT: ?PR?_TIMEOUTDET_CHECK?TIMEOUT

Program Size: data=77.3 xdata=162 code=8134
LINK/LOCATE RUN COMPLETE.  2 WARNING(S),  0 ERROR(S)
