BL51 BANKED LINKER/LOCATER V6.22.2.0                                                    03/24/2019  09:27:08  PAGE 1


BL51 BANKED LINKER/LOCATER V6.22.2.0, INVOKED BY:
E:\MDK\C51\BIN\BL51.EXE .\Objects\STARTUP.obj, .\Objects\bsp_pwm.obj, .\Objects\bsp_uart.obj, .\Objects\bsp_timer.obj, .
>> \Objects\TimeOut.obj, .\Objects\bsp_i2c_s.obj, .\Objects\bsp_i2c_port.obj, .\Objects\main.obj, .\Objects\app.obj, .\O
>> bjects\S_TouchKeyCFG.obj, ..\lib\SC93F8XXX_HighSensitive_Lib_T1_V0.0.2.LIB TO .\Objects\soc_pro PRINT (.\Listings\soc
>> _pro.m51) RAMSIZE (256)


MEMORY MODEL: SMALL


INPUT MODULES INCLUDED:
  .\Objects\STARTUP.obj (?C_STARTUP)
  .\Objects\bsp_pwm.obj (BSP_PWM)
  .\Objects\bsp_uart.obj (BSP_UART)
  .\Objects\bsp_timer.obj (BSP_TIMER)
  .\Objects\TimeOut.obj (TIMEOUT)
  .\Objects\bsp_i2c_s.obj (BSP_I2C_S)
  .\Objects\bsp_i2c_port.obj (BSP_I2C_PORT)
  .\Objects\main.obj (MAIN)
  .\Objects\app.obj (APP)
  .\Objects\S_TouchKeyCFG.obj (S_TOUCHKEYCFG)
  ..\lib\SC93F8XXX_HighSensitive_Lib_T1_V0.0.2.LIB (SENSORMETHOD)
  E:\MDK\C51\LIB\C51S.LIB (?C_INIT)
  E:\MDK\C51\LIB\C51S.LIB (?C?COPY)
  E:\MDK\C51\LIB\C51S.LIB (?C?CLDPTR)
  E:\MDK\C51\LIB\C51S.LIB (?C?CSTPTR)
  E:\MDK\C51\LIB\C51S.LIB (?C?IMUL)
  E:\MDK\C51\LIB\C51S.LIB (?C?UIDIV)
  E:\MDK\C51\LIB\C51S.LIB (?C?IILDX)
  E:\MDK\C51\LIB\C51S.LIB (?C?ILDIX)
  E:\MDK\C51\LIB\C51S.LIB (?C?ILDPTR)
  E:\MDK\C51\LIB\C51S.LIB (?C?LNOT)
  E:\MDK\C51\LIB\C51S.LIB (?C?ULCMP)
  E:\MDK\C51\LIB\C51S.LIB (?C?ULSHR)
  E:\MDK\C51\LIB\C51S.LIB (?C?LSHL)
  E:\MDK\C51\LIB\C51S.LIB (?C?LLDOPTR)
  E:\MDK\C51\LIB\C51S.LIB (?C?LSTPTR)
  E:\MDK\C51\LIB\C51S.LIB (?C?LSTOPTR)
  E:\MDK\C51\LIB\C51S.LIB (?C?LLDPTR0)
  E:\MDK\C51\LIB\C51S.LIB (?C?OFFXADD)
  E:\MDK\C51\LIB\C51S.LIB (?C?MEMSET)
  E:\MDK\C51\LIB\C51S.LIB (?C?LLDIDATA)
  E:\MDK\C51\LIB\C51S.LIB (?C?LLDXDATA)
  E:\MDK\C51\LIB\C51S.LIB (?C?LLDPDATA)
  E:\MDK\C51\LIB\C51S.LIB (?C?LLDCODE)
  E:\MDK\C51\LIB\C51S.LIB (?C?LLDIDATA0)
  E:\MDK\C51\LIB\C51S.LIB (?C?LLDXDATA0)
  E:\MDK\C51\LIB\C51S.LIB (?C?LLDPDATA0)
  E:\MDK\C51\LIB\C51S.LIB (?C?LLDCODE0)
  E:\MDK\C51\LIB\C51S.LIB (?C?LSTIDATA)
  E:\MDK\C51\LIB\C51S.LIB (?C?LSTXDATA)
  E:\MDK\C51\LIB\C51S.LIB (?C?LSTPDATA)


LINK MAP OF MODULE:  .\Objects\soc_pro (?C_STARTUP)


            TYPE    BASE      LENGTH    RELOCATION   SEGMENT NAME
BL51 BANKED LINKER/LOCATER V6.22.2.0                                                  03/24/2019  09:27:08  PAGE 2


            -----------------------------------------------------

            * * * * * * *   D A T A   M E M O R Y   * * * * * * *
            REG     0000H     0008H     ABSOLUTE     "REG BANK 0"
            DATA    0008H     0016H     UNIT         _DATA_GROUP_
                    001EH     0002H                  *** GAP ***
            BIT     0020H.0   0000H.2   UNIT         ?BI?SENSORMETHOD
            BIT     0020H.2   0000H.1   UNIT         _BIT_GROUP_
                    0020H.3   0000H.5                *** GAP ***
            DATA    0021H     000CH     UNIT         ?DT?BSP_UART
            DATA    002DH     0009H     UNIT         ?DT?SENSORMETHOD
            DATA    0036H     0008H     UNIT         ?DT?APP
            DATA    003EH     0006H     UNIT         ?DT?BSP_PWM
            DATA    0044H     0004H     UNIT         ?DT?_TIMEOUT_RECORD?TIMEOUT
            DATA    0048H     0004H     UNIT         ?DT?TIMEOUT
            DATA    004CH     0003H     UNIT         ?DT?_TIMEOUTDET_CHECK?TIMEOUT
            IDATA   004FH     0001H     UNIT         ?STACK

            * * * * * * *  X D A T A   M E M O R Y  * * * * * * *
            XDATA   0000H     005CH     UNIT         ?XD?S_TOUCHKEYCFG
            XDATA   005CH     003DH     UNIT         ?XD?APP
            XDATA   0099H     0009H     UNIT         ?XD?SENSORMETHOD

            * * * * * * *   C O D E   M E M O R Y   * * * * * * *
            CODE    0000H     0003H     ABSOLUTE     
            CODE    0003H     0008H     UNIT         ?PR?MAIN?MAIN
            CODE    000BH     0003H     ABSOLUTE     
            CODE    000EH     002DH     UNIT         ?PR?_GETCFGMSG?S_TOUCHKEYCFG
            CODE    003BH     0003H     ABSOLUTE     
            CODE    003EH     0003H     UNIT         ?PR?APP_KEY0HANDLE?APP
                    0041H     0002H                  *** GAP ***
            CODE    0043H     0003H     ABSOLUTE     
            CODE    0046H     0015H     UNIT         ?PR?_GETTKYZTHRESHOLD?S_TOUCHKEYCFG
            CODE    005BH     0003H     ABSOLUTE     
            CODE    005EH     039DH     UNIT         ?PR?_SENSORRENOVATE?SENSORMETHOD
            CODE    03FBH     0377H     UNIT         ?C?LIB_CODE
            CODE    0772H     0271H     UNIT         ?PR?APP_HANDLE?APP
            CODE    09E3H     01A1H     UNIT         ?PR?APP_LOCKKEYHANDLE?APP
            CODE    0B84H     0130H     UNIT         ?PR?TOUCHKEYSCAN?S_TOUCHKEYCFG
            CODE    0CB4H     011FH     UNIT         ?PR?_MULTIPLEDEAL?SENSORMETHOD
            CODE    0DD3H     0118H     UNIT         ?PR?SENSORMETHOD
            CODE    0EEBH     010AH     UNIT         ?PR?_IIC_WRITEDATA?BSP_I2C_S
            CODE    0FF5H     00EDH     UNIT         ?PR?BSP_TIMER0IQRHANDLE?APP
            CODE    10E2H     00E4H     UNIT         ?PR?KEY_SCAN?APP
            CODE    11C6H     00BBH     UNIT         ?PR?_FILTERDATADEAL?SENSORMETHOD
            CODE    1281H     00A0H     UNIT         ?PR?_IIC_READDATA?BSP_I2C_S
            CODE    1321H     00A0H     UNIT         ?PR?APP_INIT?APP
            CODE    13C1H     009AH     UNIT         ?C_C51STARTUP
            CODE    145BH     0092H     UNIT         ?PR?CTK_ISR?SENSORMETHOD
            CODE    14EDH     0075H     UNIT         ?PR?_BSP_UARTSENDBUF?BSP_UART
            CODE    1562H     0071H     UNIT         ?PR?TOUCHKEYINIT?SENSORMETHOD
            CODE    15D3H     006EH     UNIT         ?PR?_IIC_NCK?BSP_I2C_S
            CODE    1641H     006DH     UNIT         ?PR?APP_KEY4HANDLE?APP
            CODE    16AEH     006BH     UNIT         ?PR?APP_HEATCOOLHANDLE?APP
            CODE    1719H     0068H     UNIT         ?PR?_IIC_START?BSP_I2C_S
            CODE    1781H     005EH     UNIT         ?PR?APP_LIGHTKEYHANDLE?APP
            CODE    17DFH     005DH     UNIT         ?PR?BSP_PWMHANDLE?BSP_PWM
BL51 BANKED LINKER/LOCATER V6.22.2.0                                                  03/24/2019  09:27:08  PAGE 3


            CODE    183CH     005BH     UNIT         ?PR?_IIC_STOP?BSP_I2C_S
            CODE    1897H     005AH     UNIT         ?PR?APP_MASSKEYHANDLE?APP
            CODE    18F1H     0058H     UNIT         ?PR?APP_WARMKEYHANDLE?APP
            CODE    1949H     0058H     UNIT         ?PR?HEAT_AUTOCLOSE?APP
            CODE    19A1H     0058H     UNIT         ?PR?COOL_AUTOCLOSE?APP
            CODE    19F9H     0053H     UNIT         ?PR?CURRENTSENSORCHOOSE?S_TOUCHKEYCFG
            CODE    1A4CH     0052H     UNIT         ?CO?S_TOUCHKEYCFG
            CODE    1A9EH     004CH     UNIT         ?PR?INITIALIZESENSORFLAG?SENSORMETHOD
            CODE    1AEAH     004BH     UNIT         ?PR?_IIC_READ_DATA?BSP_I2C_S
            CODE    1B35H     004AH     UNIT         ?PR?BSP_UART1IQRHANDLE?APP
            CODE    1B7FH     0043H     UNIT         ?PR?_IIC_WRITE_DATA?BSP_I2C_S
            CODE    1BC2H     003AH     UNIT         ?PR?WARM_AUTOCLOSE?APP
            CODE    1BFCH     0038H     UNIT         ?PR?MASS_AUTOCLOSE?APP
            CODE    1C34H     0035H     UNIT         ?PR?_SYSTEM_SEND_MESSAGE?APP
            CODE    1C69H     0033H     UNIT         ?PR?FILTERAVERGEDEAL?SENSORMETHOD
            CODE    1C9CH     0030H     UNIT         ?PR?_TIMEOUTDET_CHECK?TIMEOUT
            CODE    1CCCH     002CH     UNIT         ?PR?_BSP_UARTINIT?BSP_UART
            CODE    1CF8H     002CH     UNIT         ?PR?_GETCURRFINGERVALUE?S_TOUCHKEYCFG
            CODE    1D24H     0028H     UNIT         ?PR?_IIC_PORT_WRITE?BSP_I2C_PORT
            CODE    1D4CH     0025H     UNIT         ?PR?FILTERCOMMCODE?SENSORMETHOD
            CODE    1D71H     0025H     UNIT         ?PR?SENSORKEYFLAG?SENSORMETHOD
            CODE    1D96H     001FH     UNIT         ?PR?TOUCHKEYCFGINIT?S_TOUCHKEYCFG
            CODE    1DB5H     001EH     UNIT         ?PR?FILTERIIRINIT?SENSORMETHOD
            CODE    1DD3H     001DH     UNIT         ?PR?_IIC_DELAY_US?BSP_I2C_S
            CODE    1DF0H     001DH     UNIT         ?PR?APP_LEDINIT?APP
            CODE    1E0DH     001CH     UNIT         ?PR?_TIMEOUT_RECORD?TIMEOUT
            CODE    1E29H     001CH     UNIT         ?PR?_IIC_PORT_READ?BSP_I2C_PORT
            CODE    1E45H     001BH     UNIT         ?PR?INITIALIZEBASELINES?SENSORMETHOD
            CODE    1E60H     001AH     UNIT         ?PR?TIMEOUTDET_DECHANDLE?TIMEOUT
            CODE    1E7AH     001AH     UNIT         ?PR?_IIC_PORT_SDA_SET?BSP_I2C_PORT
            CODE    1E94H     0019H     UNIT         ?PR?BSP_PWNFULLON?BSP_PWM
            CODE    1EADH     0019H     UNIT         ?C_INITSEG
            CODE    1EC6H     0018H     UNIT         ?PR?BSP_PWMOFF?BSP_PWM
            CODE    1EDEH     0018H     UNIT         ?PR?APP_CLOSEKEYHANDLE?APP
            CODE    1EF6H     0017H     UNIT         ?PR?APP_OPENKEYHANDLE?APP
            CODE    1F0DH     0013H     UNIT         ?PR?BSP_PWMINIT?BSP_PWM
            CODE    1F20H     0013H     UNIT         ?PR?BSP_TIMER0INIT?BSP_TIMER
            CODE    1F33H     0012H     UNIT         ?PR?_GETSCANTIMEVALUE?S_TOUCHKEYCFG
            CODE    1F45H     0012H     UNIT         ?PR?_GETBASELINEADJUSTVALUE?S_TOUCHKEYCFG
            CODE    1F57H     000FH     UNIT         ?PR?_IIC_PORT_INIT?BSP_I2C_PORT
            CODE    1F66H     000CH     UNIT         ?PR?_USDELAY?SENSORMETHOD
            CODE    1F72H     000BH     UNIT         ?PR?SETONEKEYPUSHRESETTIME?S_TOUCHKEYCFG
            CODE    1F7DH     000BH     UNIT         ?PR?GETBASELINEUPDATETHRESHOLD?S_TOUCHKEYCFG
            CODE    1F88H     000AH     UNIT         ?PR?TIMEOUTDET_INIT?TIMEOUT
            CODE    1F92H     000AH     UNIT         ?PR?GETTKYZCNT?S_TOUCHKEYCFG
            CODE    1F9CH     0009H     UNIT         ?PR?TIMEOUT_BASEVALUE?TIMEOUT
            CODE    1FA5H     0009H     UNIT         ?PR?_IIC_INIT?BSP_I2C_S
            CODE    1FAEH     0008H     UNIT         ?PR?GETINITAUTOUPDATETIME?S_TOUCHKEYCFG
            CODE    1FB6H     0008H     UNIT         ?PR?ISDOUBLEKEYORSLIDEKEY?S_TOUCHKEYCFG
            CODE    1FBEH     0008H     UNIT         ?PR?GETUPCONFIRMCNT?S_TOUCHKEYCFG
            CODE    1FC6H     0007H     UNIT         ?PR?BSP_PWMON?BSP_PWM
            CODE    1FCDH     0003H     UNIT         ?PR?APP_KEY2HANDLE?APP
            CODE    1FD0H     0003H     UNIT         ?PR?APP_KEY3HANDLE?APP
            CODE    1FD3H     0003H     UNIT         ?PR?APP_KEY5HANDLE?APP
            CODE    1FD6H     0003H     UNIT         ?PR?GETCSFUNCTION?S_TOUCHKEYCFG
            CODE    1FD9H     0003H     UNIT         ?PR?TOUCHKEYRESTART?SENSORMETHOD
            CODE    1FDCH     0003H     UNIT         ?PR?GETISNEEDUPDATEBASELINE?SENSORMETHOD
BL51 BANKED LINKER/LOCATER V6.22.2.0                                                  03/24/2019  09:27:08  PAGE 4


            CODE    1FDFH     0003H     UNIT         ?PR?SETNEEDUPDATEBASELINE?SENSORMETHOD



OVERLAY MAP OF MODULE:   .\Objects\soc_pro (?C_STARTUP)


SEGMENT                                             BIT_GROUP          DATA_GROUP 
  +--> CALLED SEGMENT                            START    LENGTH     START    LENGTH
------------------------------------------------------------------------------------
?C_C51STARTUP                                    -----    -----      -----    -----
  +--> ?PR?MAIN?MAIN
  +--> ?C_INITSEG

?PR?MAIN?MAIN                                    -----    -----      -----    -----
  +--> ?PR?APP_INIT?APP
  +--> ?PR?APP_HANDLE?APP

?PR?APP_INIT?APP                                 -----    -----      0008H    0002H
  +--> ?PR?APP_LEDINIT?APP
  +--> ?PR?BSP_PWMINIT?BSP_PWM
  +--> ?PR?BSP_PWMOFF?BSP_PWM
  +--> ?PR?_BSP_UARTINIT?BSP_UART
  +--> ?PR?BSP_TIMER0INIT?BSP_TIMER
  +--> ?PR?TIMEOUTDET_INIT?TIMEOUT
  +--> ?PR?_IIC_INIT?BSP_I2C_S
  +--> ?PR?_IIC_WRITE_DATA?BSP_I2C_S
  +--> ?PR?TOUCHKEYINIT?SENSORMETHOD

?PR?_BSP_UARTINIT?BSP_UART                       -----    -----      000AH    0002H

?PR?_IIC_INIT?BSP_I2C_S                          -----    -----      -----    -----
  +--> ?PR?_IIC_PORT_INIT?BSP_I2C_PORT

?PR?_IIC_WRITE_DATA?BSP_I2C_S                    -----    -----      000AH    0005H
  +--> ?PR?_IIC_START?BSP_I2C_S
  +--> ?PR?_IIC_WRITEDATA?BSP_I2C_S
  +--> ?PR?_IIC_STOP?BSP_I2C_S
  +--> ?PR?_IIC_NCK?BSP_I2C_S

?PR?_IIC_START?BSP_I2C_S                         -----    -----      0011H    0003H
  +--> ?PR?_IIC_PORT_WRITE?BSP_I2C_PORT
  +--> ?PR?_IIC_DELAY_US?BSP_I2C_S

?PR?_IIC_WRITEDATA?BSP_I2C_S                     -----    -----      0011H    0006H
  +--> ?PR?_IIC_PORT_WRITE?BSP_I2C_PORT
  +--> ?PR?_IIC_DELAY_US?BSP_I2C_S
  +--> ?PR?_IIC_PORT_SDA_SET?BSP_I2C_PORT
  +--> ?PR?_IIC_PORT_READ?BSP_I2C_PORT

?PR?_IIC_STOP?BSP_I2C_S                          -----    -----      0011H    0003H
  +--> ?PR?_IIC_PORT_WRITE?BSP_I2C_PORT
  +--> ?PR?_IIC_DELAY_US?BSP_I2C_S

?PR?_IIC_NCK?BSP_I2C_S                           -----    -----      0011H    0003H
  +--> ?PR?_IIC_PORT_WRITE?BSP_I2C_PORT
  +--> ?PR?_IIC_DELAY_US?BSP_I2C_S
BL51 BANKED LINKER/LOCATER V6.22.2.0                                                  03/24/2019  09:27:08  PAGE 5



?PR?TOUCHKEYINIT?SENSORMETHOD                    -----    -----      -----    -----
  +--> ?PR?TOUCHKEYCFGINIT?S_TOUCHKEYCFG
  +--> ?PR?_GETCFGMSG?S_TOUCHKEYCFG
  +--> ?PR?_GETSCANTIMEVALUE?S_TOUCHKEYCFG
  +--> ?PR?SENSORMETHOD
  +--> ?PR?INITIALIZESENSORFLAG?SENSORMETHOD
  +--> ?PR?FILTERAVERGEDEAL?SENSORMETHOD
  +--> ?PR?INITIALIZEBASELINES?SENSORMETHOD

?PR?TOUCHKEYCFGINIT?S_TOUCHKEYCFG                -----    -----      -----    -----
  +--> ?CO?S_TOUCHKEYCFG
  +--> ?PR?CURRENTSENSORCHOOSE?S_TOUCHKEYCFG

?PR?CURRENTSENSORCHOOSE?S_TOUCHKEYCFG            -----    -----      000AH    0004H

?PR?_GETCFGMSG?S_TOUCHKEYCFG                     -----    -----      -----    -----
  +--> ?CO?S_TOUCHKEYCFG

?PR?_GETSCANTIMEVALUE?S_TOUCHKEYCFG              -----    -----      -----    -----
  +--> ?CO?S_TOUCHKEYCFG

?PR?INITIALIZESENSORFLAG?SENSORMETHOD            -----    -----      -----    -----
  +--> ?PR?SENSORMETHOD

?PR?FILTERAVERGEDEAL?SENSORMETHOD                -----    -----      000AH    0002H
  +--> ?PR?FILTERCOMMCODE?SENSORMETHOD
  +--> ?PR?FILTERIIRINIT?SENSORMETHOD
  +--> ?PR?GETINITAUTOUPDATETIME?S_TOUCHKEYCFG
  +--> ?PR?_FILTERDATADEAL?SENSORMETHOD

?PR?FILTERCOMMCODE?SENSORMETHOD                  -----    -----      -----    -----
  +--> ?PR?_USDELAY?SENSORMETHOD

?PR?FILTERIIRINIT?SENSORMETHOD                   -----    -----      -----    -----
  +--> ?PR?SENSORMETHOD

?PR?GETINITAUTOUPDATETIME?S_TOUCHKEYCFG          -----    -----      -----    -----
  +--> ?CO?S_TOUCHKEYCFG

?PR?_FILTERDATADEAL?SENSORMETHOD                 -----    -----      0015H    0003H
  +--> ?PR?SENSORMETHOD
  +--> ?PR?_GETCURRFINGERVALUE?S_TOUCHKEYCFG

?PR?_GETCURRFINGERVALUE?S_TOUCHKEYCFG            -----    -----      -----    -----
  +--> ?CO?S_TOUCHKEYCFG

?PR?INITIALIZEBASELINES?SENSORMETHOD             -----    -----      -----    -----
  +--> ?PR?SENSORMETHOD

?PR?APP_HANDLE?APP                               -----    -----      0008H    0002H
  +--> ?PR?KEY_SCAN?APP
  +--> ?PR?_IIC_READ_DATA?BSP_I2C_S
  +--> ?PR?APP_KEY3HANDLE?APP
  +--> ?PR?APP_WARMKEYHANDLE?APP
  +--> ?PR?APP_KEY4HANDLE?APP
  +--> ?PR?APP_KEY5HANDLE?APP
BL51 BANKED LINKER/LOCATER V6.22.2.0                                                  03/24/2019  09:27:08  PAGE 6


  +--> ?PR?APP_KEY2HANDLE?APP
  +--> ?PR?_IIC_WRITE_DATA?BSP_I2C_S
  +--> ?PR?APP_LIGHTKEYHANDLE?APP
  +--> ?PR?APP_KEY0HANDLE?APP
  +--> ?PR?_SYSTEM_SEND_MESSAGE?APP
  +--> ?PR?COOL_AUTOCLOSE?APP
  +--> ?PR?MASS_AUTOCLOSE?APP
  +--> ?PR?WARM_AUTOCLOSE?APP
  +--> ?PR?HEAT_AUTOCLOSE?APP

?PR?KEY_SCAN?APP                                 -----    -----      -----    -----
  +--> ?PR?TOUCHKEYSCAN?S_TOUCHKEYCFG
  +--> ?PR?APP_KEY5HANDLE?APP
  +--> ?PR?APP_KEY2HANDLE?APP
  +--> ?PR?APP_KEY3HANDLE?APP
  +--> ?PR?APP_WARMKEYHANDLE?APP
  +--> ?PR?APP_KEY4HANDLE?APP
  +--> ?PR?_IIC_WRITE_DATA?BSP_I2C_S
  +--> ?PR?TOUCHKEYRESTART?SENSORMETHOD

?PR?TOUCHKEYSCAN?S_TOUCHKEYCFG                   -----    -----      000AH    0009H
  +--> ?PR?GETISNEEDUPDATEBASELINE?SENSORMETHOD
  +--> ?PR?SENSORKEYFLAG?SENSORMETHOD
  +--> ?PR?SETNEEDUPDATEBASELINE?SENSORMETHOD
  +--> ?PR?ISDOUBLEKEYORSLIDEKEY?S_TOUCHKEYCFG
  +--> ?PR?SETONEKEYPUSHRESETTIME?S_TOUCHKEYCFG
  +--> ?CO?S_TOUCHKEYCFG
  +--> ?PR?_MULTIPLEDEAL?SENSORMETHOD

?PR?SENSORKEYFLAG?SENSORMETHOD                   -----    -----      0013H    0001H
  +--> ?PR?_FILTERDATADEAL?SENSORMETHOD
  +--> ?PR?_SENSORRENOVATE?SENSORMETHOD

?PR?_SENSORRENOVATE?SENSORMETHOD                 -----    -----      0014H    0009H
  +--> ?PR?SENSORMETHOD
  +--> ?PR?_GETCURRFINGERVALUE?S_TOUCHKEYCFG
  +--> ?PR?GETCSFUNCTION?S_TOUCHKEYCFG
  +--> ?PR?ISDOUBLEKEYORSLIDEKEY?S_TOUCHKEYCFG
  +--> ?PR?GETTKYZCNT?S_TOUCHKEYCFG
  +--> ?PR?_GETTKYZTHRESHOLD?S_TOUCHKEYCFG
  +--> ?PR?GETBASELINEUPDATETHRESHOLD?S_TOUC...
  +--> ?PR?GETUPCONFIRMCNT?S_TOUCHKEYCFG

?PR?ISDOUBLEKEYORSLIDEKEY?S_TOUCHKEYCFG          -----    -----      -----    -----
  +--> ?CO?S_TOUCHKEYCFG

?PR?_GETTKYZTHRESHOLD?S_TOUCHKEYCFG              -----    -----      -----    -----
  +--> ?PR?_GETCURRFINGERVALUE?S_TOUCHKEYCFG

?PR?GETBASELINEUPDATETHRESHOLD?S_TOUC...         -----    -----      -----    -----
  +--> ?CO?S_TOUCHKEYCFG

?PR?SETONEKEYPUSHRESETTIME?S_TOUCHKEYCFG         -----    -----      -----    -----
  +--> ?CO?S_TOUCHKEYCFG

?PR?_MULTIPLEDEAL?SENSORMETHOD                   -----    -----      0013H    0002H
  +--> ?PR?SENSORMETHOD
BL51 BANKED LINKER/LOCATER V6.22.2.0                                                  03/24/2019  09:27:08  PAGE 7


  +--> ?PR?INITIALIZESENSORFLAG?SENSORMETHOD
  +--> ?PR?FILTERIIRINIT?SENSORMETHOD
  +--> ?PR?_FILTERDATADEAL?SENSORMETHOD
  +--> ?PR?INITIALIZEBASELINES?SENSORMETHOD

?PR?APP_KEY5HANDLE?APP                           -----    -----      -----    -----
  +--> ?PR?APP_MASSKEYHANDLE?APP

?PR?APP_MASSKEYHANDLE?APP                        -----    -----      -----    -----
  +--> ?PR?_IIC_WRITE_DATA?BSP_I2C_S

?PR?APP_KEY2HANDLE?APP                           -----    -----      -----    -----
  +--> ?PR?APP_CLOSEKEYHANDLE?APP

?PR?APP_KEY3HANDLE?APP                           -----    -----      -----    -----
  +--> ?PR?APP_OPENKEYHANDLE?APP

?PR?APP_WARMKEYHANDLE?APP                        -----    -----      -----    -----
  +--> ?PR?_IIC_WRITE_DATA?BSP_I2C_S

?PR?APP_KEY4HANDLE?APP                           -----    -----      -----    -----
  +--> ?PR?APP_HEATCOOLHANDLE?APP

?PR?APP_HEATCOOLHANDLE?APP                       -----    -----      -----    -----
  +--> ?PR?BSP_PWMOFF?BSP_PWM
  +--> ?PR?BSP_PWNFULLON?BSP_PWM
  +--> ?PR?BSP_PWMON?BSP_PWM
  +--> ?PR?_IIC_WRITE_DATA?BSP_I2C_S

?PR?BSP_PWMON?BSP_PWM                            -----    -----      -----    -----
  +--> ?PR?BSP_PWMINIT?BSP_PWM

?PR?_IIC_READ_DATA?BSP_I2C_S                     -----    -----      000AH    0007H
  +--> ?PR?_IIC_START?BSP_I2C_S
  +--> ?PR?_IIC_WRITEDATA?BSP_I2C_S
  +--> ?PR?_IIC_STOP?BSP_I2C_S
  +--> ?PR?_IIC_READDATA?BSP_I2C_S
  +--> ?PR?_IIC_NCK?BSP_I2C_S

?PR?_IIC_READDATA?BSP_I2C_S                      -----    -----      0011H    0005H
  +--> ?PR?_IIC_PORT_SDA_SET?BSP_I2C_PORT
  +--> ?PR?_IIC_DELAY_US?BSP_I2C_S
  +--> ?PR?_IIC_PORT_WRITE?BSP_I2C_PORT
  +--> ?PR?_IIC_PORT_READ?BSP_I2C_PORT

?PR?APP_LIGHTKEYHANDLE?APP                       -----    -----      -----    -----
  +--> ?PR?BSP_PWMON?BSP_PWM
  +--> ?PR?BSP_PWMOFF?BSP_PWM
  +--> ?PR?_IIC_WRITE_DATA?BSP_I2C_S

?PR?APP_KEY0HANDLE?APP                           -----    -----      -----    -----
  +--> ?PR?APP_LOCKKEYHANDLE?APP

?PR?APP_LOCKKEYHANDLE?APP                        -----    -----      -----    -----
  +--> ?PR?_IIC_WRITE_DATA?BSP_I2C_S

?PR?_SYSTEM_SEND_MESSAGE?APP                     -----    -----      000AH    0007H
BL51 BANKED LINKER/LOCATER V6.22.2.0                                                  03/24/2019  09:27:08  PAGE 8


  +--> ?PR?_BSP_UARTSENDBUF?BSP_UART

?PR?_BSP_UARTSENDBUF?BSP_UART                    -----    -----      0011H    0006H

?PR?COOL_AUTOCLOSE?APP                           -----    -----      -----    -----
  +--> ?PR?BSP_PWMON?BSP_PWM
  +--> ?PR?BSP_PWMOFF?BSP_PWM
  +--> ?PR?_IIC_WRITE_DATA?BSP_I2C_S

?PR?MASS_AUTOCLOSE?APP                           -----    -----      -----    -----
  +--> ?PR?_IIC_WRITE_DATA?BSP_I2C_S

?PR?WARM_AUTOCLOSE?APP                           -----    -----      -----    -----
  +--> ?PR?_IIC_WRITE_DATA?BSP_I2C_S

?PR?HEAT_AUTOCLOSE?APP                           -----    -----      -----    -----
  +--> ?PR?BSP_PWMON?BSP_PWM
  +--> ?PR?BSP_PWMOFF?BSP_PWM
  +--> ?PR?_IIC_WRITE_DATA?BSP_I2C_S

*** NEW ROOT ***************************************************

?PR?BSP_UART1IQRHANDLE?APP                       -----    -----      001DH    0001H

*** NEW ROOT ***************************************************

?PR?BSP_TIMER0IQRHANDLE?APP                      -----    -----      -----    -----
  +--> ?PR?TIMEOUTDET_DECHANDLE?TIMEOUT

*** NEW ROOT ***************************************************

?PR?CTK_ISR?SENSORMETHOD                         0020H.2  0000H.1    -----    -----
  +--> ?PR?SENSORMETHOD
  +--> ?PR?_GETSCANTIMEVALUE?S_TOUCHKEYCFG
  +--> ?PR?_GETBASELINEADJUSTVALUE?S_TOUCHKE...

?PR?_GETBASELINEADJUSTVALUE?S_TOUCHKE...         -----    -----      -----    -----
  +--> ?CO?S_TOUCHKEYCFG



SYMBOL TABLE OF MODULE:  .\Objects\soc_pro (?C_STARTUP)

  VALUE           TYPE          NAME
  ----------------------------------

  -------         MODULE        ?C_STARTUP
  C:13C1H         SEGMENT       ?C_C51STARTUP
  I:004FH         SEGMENT       ?STACK
  C:0000H         PUBLIC        ?C_STARTUP
  D:00E0H         SYMBOL        ACC
  D:00F0H         SYMBOL        B
  D:0083H         SYMBOL        DPH
  D:0082H         SYMBOL        DPL
  N:0000H         SYMBOL        IBPSTACK
  N:0100H         SYMBOL        IBPSTACKTOP
  N:0100H         SYMBOL        IDATALEN
BL51 BANKED LINKER/LOCATER V6.22.2.0                                                  03/24/2019  09:27:08  PAGE 9


  C:13C4H         SYMBOL        IDATALOOP
  N:0000H         SYMBOL        PBPSTACK
  N:0100H         SYMBOL        PBPSTACKTOP
  N:0000H         SYMBOL        PDATALEN
  N:0000H         SYMBOL        PDATASTART
  N:0000H         SYMBOL        PPAGE
  N:0000H         SYMBOL        PPAGEENABLE
  D:00A0H         SYMBOL        PPAGE_SFR
  D:0081H         SYMBOL        SP
  C:13C1H         SYMBOL        STARTUP1
  N:0000H         SYMBOL        XBPSTACK
  N:0000H         SYMBOL        XBPSTACKTOP
  N:0400H         SYMBOL        XDATALEN
  C:13CFH         SYMBOL        XDATALOOP
  N:0000H         SYMBOL        XDATASTART
  C:0000H         LINE#         126
  C:13C1H         LINE#         133
  C:13C3H         LINE#         134
  C:13C4H         LINE#         135
  C:13C5H         LINE#         136
  C:13C7H         LINE#         140
  C:13CAH         LINE#         141
  C:13CCH         LINE#         145
  C:13CEH         LINE#         147
  C:13CFH         LINE#         148
  C:13D0H         LINE#         149
  C:13D1H         LINE#         150
  C:13D3H         LINE#         151
  C:13D5H         LINE#         185
  C:13D8H         LINE#         196
  -------         ENDMOD        ?C_STARTUP

  -------         MODULE        BSP_PWM
  C:0000H         SYMBOL        _ICE_DUMMY_
  D:0080H         PUBLIC        P0
  D:0090H         PUBLIC        P1
  D:00A0H         PUBLIC        P2
  D:00D8H         PUBLIC        P5
  C:17DFH         PUBLIC        Bsp_PwmHandle
  D:00A8H         PUBLIC        IE
  C:1E94H         PUBLIC        Bsp_PwnFullOn
  C:1F0DH         PUBLIC        Bsp_PWMInit
  D:00D6H         PUBLIC        PWMDTY1
  D:00B8H         PUBLIC        IP
  D:003EH         SYMBOL        Pwm_Para
  D:00D4H         PUBLIC        PWMDTYA
  D:0098H         PUBLIC        SCON
  D:0088H         PUBLIC        TCON
  D:00A9H         PUBLIC        IE1
  D:00D1H         PUBLIC        PWMCFG
  D:00D2H         PUBLIC        PWMCON
  C:1EC6H         PUBLIC        Bsp_PwmOff
  C:1FC6H         PUBLIC        Bsp_PwmON
  D:00D3H         PUBLIC        PWMPRD
  D:00C8H         PUBLIC        T2CON
  D:00D0H         PUBLIC        PSW
  -------         PROC          BSP_PWMINIT
BL51 BANKED LINKER/LOCATER V6.22.2.0                                                  03/24/2019  09:27:08  PAGE 10


  C:1F0DH         LINE#         7
  C:1F0DH         LINE#         8
  C:1F10H         LINE#         9
  C:1F13H         LINE#         10
  C:1F16H         LINE#         11
  C:1F19H         LINE#         12
  C:1F1CH         LINE#         13
  C:1F1FH         LINE#         14
  -------         ENDPROC       BSP_PWMINIT
  -------         PROC          BSP_PWMHANDLE
  C:17DFH         LINE#         16
  C:17EAH         LINE#         17
  C:17EDH         LINE#         18
  C:1800H         LINE#         19
  C:1806H         LINE#         21
  C:180BH         LINE#         22
  C:180EH         LINE#         23
  C:1810H         LINE#         24
  C:1816H         LINE#         25
  C:1816H         LINE#         27
  C:181DH         LINE#         28
  C:181FH         LINE#         29
  C:1822H         LINE#         30
  C:1827H         LINE#         31
  C:1827H         LINE#         33
  C:182BH         LINE#         34
  C:182DH         LINE#         35
  C:1831H         LINE#         36
  C:1833H         LINE#         37
  C:1833H         LINE#         38
  -------         ENDPROC       BSP_PWMHANDLE
  -------         PROC          BSP_PWMOFF
  C:1EC6H         LINE#         40
  C:1EC6H         LINE#         41
  C:1ED5H         LINE#         42
  C:1ED8H         LINE#         43
  C:1EDBH         LINE#         44
  C:1EDDH         LINE#         45
  -------         ENDPROC       BSP_PWMOFF
  -------         PROC          BSP_PWNFULLON
  C:1E94H         LINE#         47
  C:1E94H         LINE#         48
  C:1EA3H         LINE#         49
  C:1EA6H         LINE#         50
  C:1EA9H         LINE#         51
  C:1EACH         LINE#         52
  -------         ENDPROC       BSP_PWNFULLON
  -------         PROC          BSP_PWMON
  C:1FC6H         LINE#         54
  C:1FC6H         LINE#         55
  C:1FC9H         LINE#         56
  C:1FCCH         LINE#         57
  -------         ENDPROC       BSP_PWMON
  -------         ENDMOD        BSP_PWM

  -------         MODULE        BSP_UART
  C:0000H         SYMBOL        _ICE_DUMMY_
BL51 BANKED LINKER/LOCATER V6.22.2.0                                                  03/24/2019  09:27:08  PAGE 11


  D:0080H         PUBLIC        P0
  D:009FH         PUBLIC        SSDAT
  D:0090H         PUBLIC        P1
  D:00A0H         PUBLIC        P2
  D:008FH         PUBLIC        OTCON
  D:00D8H         PUBLIC        P5
  D:00A8H         PUBLIC        IE
  D:00B8H         PUBLIC        IP
  B:0098H.1       PUBLIC        TI
  D:0099H         PUBLIC        SBUF
  B:00A0H.0       PUBLIC        P20
  D:0098H         PUBLIC        SCON
  D:0088H         PUBLIC        TCON
  D:009DH         PUBLIC        SSCON0
  D:009EH         PUBLIC        SSCON1
  D:0095H         PUBLIC        SSCON2
  C:1CCCH         PUBLIC        _Bsp_UartInit
  D:00A9H         PUBLIC        IE1
  D:0021H         PUBLIC        Tx_Buf
  C:14EDH         PUBLIC        _Bsp_UartSendBuf
  D:00A1H         PUBLIC        P2CON
  D:00C8H         PUBLIC        T2CON
  D:00D0H         PUBLIC        PSW
  -------         PROC          _BSP_UARTINIT
  D:0007H         SYMBOL        id
  -------         DO            
  D:000AH         SYMBOL        baud_set
  -------         ENDDO         
  C:1CCCH         LINE#         22
  C:1CCCH         LINE#         38
  C:1CD1H         LINE#         39
  C:1CD5H         LINE#         40
  C:1CD8H         LINE#         41
  C:1CDBH         LINE#         42
  C:1CE0H         LINE#         43
  C:1CE3H         LINE#         44
  C:1CE7H         LINE#         45
  C:1CEAH         LINE#         46
  C:1CEDH         LINE#         47
  C:1CEFH         LINE#         48
  C:1CF3H         LINE#         49
  C:1CF3H         LINE#         50
  C:1CF7H         LINE#         51
  -------         ENDPROC       _BSP_UARTINIT
  -------         PROC          _BSP_UARTSENDBUF
  D:0007H         SYMBOL        id
  D:0012H         SYMBOL        buf
  D:0015H         SYMBOL        len
  C:14EDH         LINE#         68
  C:14F3H         LINE#         69
  C:14F8H         LINE#         70
  C:1505H         LINE#         71
  C:1507H         LINE#         72
  C:151AH         LINE#         73
  C:151FH         LINE#         74
  C:151FH         LINE#         75
  C:1524H         LINE#         76
BL51 BANKED LINKER/LOCATER V6.22.2.0                                                  03/24/2019  09:27:08  PAGE 12


  C:1528H         LINE#         77
  C:1533H         LINE#         79
  C:1542H         LINE#         80
  C:1555H         LINE#         81
  C:155BH         LINE#         82
  C:155EH         LINE#         84
  C:1561H         LINE#         85
  C:1561H         LINE#         86
  C:1561H         LINE#         87
  -------         ENDPROC       _BSP_UARTSENDBUF
  -------         ENDMOD        BSP_UART

  -------         MODULE        BSP_TIMER
  C:0000H         SYMBOL        _ICE_DUMMY_
  D:0080H         PUBLIC        P0
  D:0090H         PUBLIC        P1
  D:00A0H         PUBLIC        P2
  D:008EH         PUBLIC        TMCON
  D:00D8H         PUBLIC        P5
  D:00A8H         PUBLIC        IE
  D:00B8H         PUBLIC        IP
  D:0098H         PUBLIC        SCON
  D:0088H         PUBLIC        TCON
  D:0089H         PUBLIC        TMOD
  B:00A8H.1       PUBLIC        ET0
  D:008CH         PUBLIC        TH0
  D:008AH         PUBLIC        TL0
  C:1F20H         PUBLIC        Bsp_Timer0Init
  B:0088H.4       PUBLIC        TR0
  D:00C8H         PUBLIC        T2CON
  D:00D0H         PUBLIC        PSW
  -------         PROC          BSP_TIMER0INIT
  C:1F20H         LINE#         16
  C:1F20H         LINE#         17
  C:1F23H         LINE#         18
  C:1F26H         LINE#         19
  C:1F29H         LINE#         20
  C:1F2CH         LINE#         21
  C:1F2EH         LINE#         22
  C:1F30H         LINE#         23
  C:1F32H         LINE#         24
  -------         ENDPROC       BSP_TIMER0INIT
  -------         ENDMOD        BSP_TIMER

  -------         MODULE        TIMEOUT
  C:0000H         SYMBOL        _ICE_DUMMY_
  C:1E0DH         PUBLIC        _TimeOut_Record
  C:1E60H         PUBLIC        TimeOutDet_DecHandle
  C:1F9CH         PUBLIC        TimeOut_BaseValue
  C:1C9CH         PUBLIC        _TimeOutDet_Check
  D:0048H         PUBLIC        InsBaseNum
  C:1F88H         PUBLIC        TimeOutDet_Init
  -------         PROC          TIMEOUTDET_INIT
  C:1F88H         LINE#         6
  C:1F88H         LINE#         7
  C:1F88H         LINE#         8
  C:1F91H         LINE#         9
BL51 BANKED LINKER/LOCATER V6.22.2.0                                                  03/24/2019  09:27:08  PAGE 13


  -------         ENDPROC       TIMEOUTDET_INIT
  -------         PROC          TIMEOUTDET_DECHANDLE
  C:1E60H         LINE#         11
  C:1E60H         LINE#         12
  C:1E60H         LINE#         13
  C:1E79H         LINE#         14
  -------         ENDPROC       TIMEOUTDET_DECHANDLE
  -------         PROC          TIMEOUT_BASEVALUE
  C:1F9CH         LINE#         16
  C:1F9CH         LINE#         17
  C:1F9CH         LINE#         18
  C:1FA4H         LINE#         19
  -------         ENDPROC       TIMEOUT_BASEVALUE
  -------         PROC          _TIMEOUT_RECORD
  D:0001H         SYMBOL        TimeOutPara
  D:0044H         SYMBOL        timeoutvalue
  C:1E0DH         LINE#         21
  C:1E15H         LINE#         23
  C:1E15H         LINE#         24
  C:1E1BH         LINE#         25
  -------         ENDPROC       _TIMEOUT_RECORD
  -------         PROC          _TIMEOUTDET_CHECK
  D:004CH         SYMBOL        TimeOutPara
  C:1C9CH         LINE#         33
  C:1CA2H         LINE#         34
  C:1CA2H         LINE#         35
  C:1CCBH         LINE#         36
  -------         ENDPROC       _TIMEOUTDET_CHECK
  -------         ENDMOD        TIMEOUT

  -------         MODULE        BSP_I2C_S
  C:0000H         SYMBOL        _ICE_DUMMY_
  D:0080H         PUBLIC        P0
  D:0090H         PUBLIC        P1
  D:00A0H         PUBLIC        P2
  D:00D8H         PUBLIC        P5
  D:00A8H         PUBLIC        IE
  C:1AEAH         PUBLIC        _IIC_Read_Data
  D:00B8H         PUBLIC        IP
  C:1B7FH         PUBLIC        _IIC_Write_Data
  C:1281H         SYMBOL        _IIC_ReadData
  D:0098H         PUBLIC        SCON
  D:0088H         PUBLIC        TCON
  C:0EF1H         SYMBOL        _IIC_WriteData
  C:1719H         SYMBOL        _IIC_Start
  C:1FA5H         PUBLIC        _IIC_Init
  C:15D3H         SYMBOL        _IIC_Nck
  C:183CH         SYMBOL        _IIC_Stop
  D:00C8H         PUBLIC        T2CON
  C:1DD6H         SYMBOL        _IIC_Delay_us
  D:00D0H         PUBLIC        PSW
  -------         PROC          L?0034
  -------         ENDPROC       L?0034
  -------         PROC          _IIC_DELAY_US
  D:0006H         SYMBOL        Delay
  -------         DO            
  D:0005H         SYMBOL        j
BL51 BANKED LINKER/LOCATER V6.22.2.0                                                  03/24/2019  09:27:08  PAGE 14


  -------         ENDDO         
  C:1DD6H         LINE#         7
  C:1DD6H         LINE#         9
  C:1DE0H         LINE#         10
  C:1DEFH         LINE#         11
  C:1DEFH         LINE#         12
  -------         ENDPROC       _IIC_DELAY_US
  -------         PROC          _IIC_INIT
  D:0001H         SYMBOL        p
  C:1FA5H         LINE#         14
  C:1FA5H         LINE#         16
  -------         ENDPROC       _IIC_INIT
  -------         PROC          _IIC_START
  D:0011H         SYMBOL        p
  C:1719H         LINE#         19
  C:171FH         LINE#         20
  C:172FH         LINE#         21
  C:1732H         LINE#         22
  C:1749H         LINE#         23
  C:174CH         LINE#         24
  C:1760H         LINE#         25
  C:1766H         LINE#         26
  C:177BH         LINE#         27
  -------         ENDPROC       _IIC_START
  -------         PROC          L?0035
  -------         ENDPROC       L?0035
  -------         PROC          _IIC_WRITEDATA
  D:0011H         SYMBOL        p
  D:0014H         SYMBOL        Data
  -------         DO            
  D:0015H         SYMBOL        i
  D:0016H         SYMBOL        AckStatus
  -------         ENDDO         
  C:0EF1H         LINE#         30
  C:0EF9H         LINE#         32
  C:0F07H         LINE#         33
  C:0F12H         LINE#         34
  C:0F1DH         LINE#         35
  C:0F1FH         LINE#         36
  C:0F2DH         LINE#         37
  C:0F2DH         LINE#         38
  C:0F33H         LINE#         39
  C:0F39H         LINE#         40
  C:0F50H         LINE#         41
  C:0F56H         LINE#         42
  C:0F6BH         LINE#         43
  C:0F71H         LINE#         44
  C:0F75H         LINE#         45
  C:0F87H         LINE#         46
  C:0F9EH         LINE#         47
  C:0FA4H         LINE#         49
  C:0FBAH         LINE#         50
  C:0FBDH         LINE#         52
  C:0FBFH         LINE#         53
  C:0FC2H         LINE#         54
  C:0FC2H         LINE#         55
  C:0FD7H         LINE#         56
BL51 BANKED LINKER/LOCATER V6.22.2.0                                                  03/24/2019  09:27:08  PAGE 15


  C:0FDDH         LINE#         57
  C:0FF0H         LINE#         58
  C:0FF4H         LINE#         59
  -------         ENDPROC       _IIC_WRITEDATA
  -------         PROC          _IIC_STOP
  D:0011H         SYMBOL        p
  C:183CH         LINE#         61
  C:1842H         LINE#         62
  C:1851H         LINE#         63
  C:1857H         LINE#         64
  C:186EH         LINE#         65
  C:1874H         LINE#         66
  C:188AH         LINE#         67
  C:1890H         LINE#         68
  -------         ENDPROC       _IIC_STOP
  -------         PROC          _IIC_NCK
  D:0011H         SYMBOL        p
  C:15D3H         LINE#         71
  C:15D9H         LINE#         72
  C:15E9H         LINE#         73
  C:15EFH         LINE#         74
  C:1606H         LINE#         75
  C:160CH         LINE#         76
  C:1621H         LINE#         77
  C:1627H         LINE#         78
  C:163BH         LINE#         79
  -------         ENDPROC       _IIC_NCK
  -------         PROC          _IIC_READDATA
  D:0011H         SYMBOL        p
  -------         DO            
  D:0014H         SYMBOL        Read
  D:0015H         SYMBOL        j
  -------         ENDDO         
  C:1281H         LINE#         94
  C:1287H         LINE#         95
  C:128AH         LINE#         96
  C:1296H         LINE#         97
  C:129CH         LINE#         98
  C:12AAH         LINE#         99
  C:12C1H         LINE#         100
  C:12C7H         LINE#         101
  C:12DDH         LINE#         102
  C:12ECH         LINE#         103
  C:12ECH         LINE#         104
  C:1301H         LINE#         105
  C:1307H         LINE#         106
  C:130BH         LINE#         107
  C:131EH         LINE#         108
  C:1320H         LINE#         109
  -------         ENDPROC       _IIC_READDATA
  -------         PROC          _IIC_READ_DATA
  D:000AH         SYMBOL        p
  D:000DH         SYMBOL        Add
  D:000EH         SYMBOL        Read_Data
  C:1AEAH         LINE#         111
  C:1AF2H         LINE#         112
  C:1AF5H         LINE#         113
BL51 BANKED LINKER/LOCATER V6.22.2.0                                                  03/24/2019  09:27:08  PAGE 16


  C:1B0AH         LINE#         114
  C:1B0DH         LINE#         115
  C:1B11H         LINE#         116
  C:1B11H         LINE#         117
  C:1B1EH         LINE#         118
  C:1B27H         LINE#         119
  C:1B30H         LINE#         120
  C:1B34H         LINE#         121
  -------         ENDPROC       _IIC_READ_DATA
  -------         PROC          _IIC_WRITE_DATA
  D:000AH         SYMBOL        p
  D:000DH         SYMBOL        Add
  D:000EH         SYMBOL        Write_Data
  C:1B7FH         LINE#         123
  C:1B87H         LINE#         124
  C:1B8AH         LINE#         125
  C:1B93H         LINE#         126
  C:1B99H         LINE#         127
  C:1B9BH         LINE#         128
  C:1B9BH         LINE#         129
  C:1BAAH         LINE#         130
  C:1BADH         LINE#         131
  C:1BB1H         LINE#         132
  C:1BB1H         LINE#         133
  C:1BB4H         LINE#         134
  C:1BBDH         LINE#         135
  C:1BC1H         LINE#         136
  -------         ENDPROC       _IIC_WRITE_DATA
  -------         ENDMOD        BSP_I2C_S

  -------         MODULE        BSP_I2C_PORT
  C:0000H         SYMBOL        _ICE_DUMMY_
  D:0080H         PUBLIC        P0
  D:0090H         PUBLIC        P1
  D:00A0H         PUBLIC        P2
  D:00D8H         PUBLIC        P5
  D:00A8H         PUBLIC        IE
  D:00B8H         PUBLIC        IP
  C:1E7AH         PUBLIC        _IIC_Port_SDA_Set
  D:0098H         PUBLIC        SCON
  B:0090H.4       PUBLIC        P14
  D:0088H         PUBLIC        TCON
  B:0090H.5       PUBLIC        P15
  C:1E29H         PUBLIC        _IIC_Port_Read
  C:1D24H         PUBLIC        _IIC_Port_Write
  C:1F57H         PUBLIC        _IIC_Port_Init
  D:0091H         PUBLIC        P1CON
  D:00C8H         PUBLIC        T2CON
  D:00D0H         PUBLIC        PSW
  -------         PROC          _IIC_PORT_INIT
  D:0006H         SYMBOL        ID
  C:1F57H         LINE#         11
  C:1F57H         LINE#         12
  C:1F5BH         LINE#         13
  C:1F5EH         LINE#         14
  C:1F61H         LINE#         15
  C:1F61H         LINE#         16
BL51 BANKED LINKER/LOCATER V6.22.2.0                                                  03/24/2019  09:27:08  PAGE 17


  C:1F65H         LINE#         17
  -------         ENDPROC       _IIC_PORT_INIT
  -------         PROC          _IIC_PORT_SDA_SET
  D:0006H         SYMBOL        ID
  D:0004H         SYMBOL        Func
  C:1E7AH         LINE#         21
  C:1E7AH         LINE#         22
  C:1E7EH         LINE#         23
  C:1E82H         LINE#         24
  C:1E85H         LINE#         25
  C:1E8DH         LINE#         26
  C:1E90H         LINE#         27
  C:1E90H         LINE#         29
  C:1E90H         LINE#         30
  C:1E90H         LINE#         31
  C:1E93H         LINE#         33
  -------         ENDPROC       _IIC_PORT_SDA_SET
  -------         PROC          _IIC_PORT_WRITE
  D:0006H         SYMBOL        ID
  D:0004H         SYMBOL        Func
  D:0002H         SYMBOL        Data
  C:1D24H         LINE#         38
  C:1D24H         LINE#         39
  C:1D28H         LINE#         40
  C:1D2CH         LINE#         41
  C:1D36H         LINE#         42
  C:1D3EH         LINE#         43
  C:1D48H         LINE#         44
  C:1D48H         LINE#         46
  C:1D48H         LINE#         47
  C:1D48H         LINE#         48
  C:1D4BH         LINE#         50
  -------         ENDPROC       _IIC_PORT_WRITE
  -------         PROC          _IIC_PORT_READ
  D:0006H         SYMBOL        ID
  D:0004H         SYMBOL        Func
  C:1E29H         LINE#         52
  C:1E29H         LINE#         53
  C:1E2DH         LINE#         54
  C:1E31H         LINE#         55
  C:1E35H         LINE#         56
  C:1E3BH         LINE#         57
  C:1E41H         LINE#         58
  C:1E41H         LINE#         60
  C:1E41H         LINE#         61
  C:1E41H         LINE#         62
  C:1E44H         LINE#         63
  -------         ENDPROC       _IIC_PORT_READ
  -------         ENDMOD        BSP_I2C_PORT

  -------         MODULE        MAIN
  C:0000H         SYMBOL        _ICE_DUMMY_
  D:0080H         PUBLIC        P0
  D:0090H         PUBLIC        P1
  D:00A0H         PUBLIC        P2
  D:00D8H         PUBLIC        P5
  D:00A8H         PUBLIC        IE
BL51 BANKED LINKER/LOCATER V6.22.2.0                                                  03/24/2019  09:27:08  PAGE 18


  D:00B8H         PUBLIC        IP
  C:0003H         PUBLIC        main
  D:0098H         PUBLIC        SCON
  D:0088H         PUBLIC        TCON
  D:00C8H         PUBLIC        T2CON
  D:00D0H         PUBLIC        PSW
  -------         PROC          MAIN
  C:0003H         LINE#         13
  C:0003H         LINE#         14
  C:0006H         LINE#         15
  C:0006H         LINE#         16
  C:0009H         LINE#         17
  -------         ENDPROC       MAIN
  -------         ENDMOD        MAIN

  -------         MODULE        APP
  C:0000H         SYMBOL        _ICE_DUMMY_
  D:0080H         PUBLIC        P0
  D:009FH         PUBLIC        SSDAT
  D:0090H         PUBLIC        P1
  D:00A0H         PUBLIC        P2
  D:0038H         PUBLIC        key_press_cnt
  C:19A1H         PUBLIC        Cool_AutoClose
  D:00D8H         PUBLIC        P5
  B:00A8H.7       PUBLIC        EA
  X:005CH         SYMBOL        App_Para
  C:09E3H         PUBLIC        App_LockKeyHandle
  C:1BFCH         PUBLIC        Mass_AutoClose
  D:00A8H         PUBLIC        IE
  C:1BC2H         PUBLIC        Warm_AutoClose
  C:10E2H         PUBLIC        Key_Scan
  C:1EF6H         PUBLIC        App_OpenKeyHandle
  C:1897H         PUBLIC        App_MassKeyHandle
  C:18F1H         PUBLIC        App_WarmKeyHandle
  C:1321H         PUBLIC        App_Init
  D:00B8H         PUBLIC        IP
  D:0092H         PUBLIC        P1PH
  D:00A2H         PUBLIC        P2PH
  C:1C34H         SYMBOL        _System_Send_Message
  D:003AH         PUBLIC        HEAT_COOL_START
  D:003BH         PUBLIC        status
  C:003EH         PUBLIC        App_Key0Handle
  C:1FCDH         PUBLIC        App_Key2Handle
  C:1DF0H         SYMBOL        App_LedInit
  C:1FD0H         PUBLIC        App_Key3Handle
  B:0080H.1       PUBLIC        P01
  C:1641H         PUBLIC        App_Key4Handle
  B:00A0H.0       PUBLIC        P20
  C:1FD3H         PUBLIC        App_Key5Handle
  B:00A0H.2       PUBLIC        P22
  D:0098H         PUBLIC        SCON
  B:00D8H.0       PUBLIC        P50
  B:00A0H.3       PUBLIC        P23
  D:0088H         PUBLIC        TCON
  B:00D8H.1       PUBLIC        P51
  B:00A0H.4       PUBLIC        P24
  D:003CH         PUBLIC        key_static
BL51 BANKED LINKER/LOCATER V6.22.2.0                                                  03/24/2019  09:27:08  PAGE 19


  B:00A0H.5       PUBLIC        P25
  B:0090H.7       PUBLIC        P17
  D:009DH         PUBLIC        SSCON0
  B:00A0H.7       PUBLIC        P27
  C:0FF5H         PUBLIC        Bsp_Timer0IqrHandle
  X:0092H         SYMBOL        I2c_Para
  D:008CH         PUBLIC        TH0
  D:008AH         PUBLIC        TL0
  D:00CFH         PUBLIC        WDTCON
  C:0772H         PUBLIC        App_Handle
  C:1B35H         PUBLIC        Bsp_Uart1IqrHandle
  C:1EDEH         PUBLIC        App_CLoseKeyHandle
  D:003DH         PUBLIC        key_press_flag
  D:009AH         PUBLIC        P0CON
  D:00A1H         PUBLIC        P2CON
  D:00D9H         PUBLIC        P5CON
  C:16AEH         PUBLIC        App_HeatCoolHandle
  D:00C8H         PUBLIC        T2CON
  X:0096H         SYMBOL        HEAT_COOL_ARR
  C:1949H         PUBLIC        Heat_AutoClose
  C:1781H         PUBLIC        App_LightKeyHandle
  D:00D0H         PUBLIC        PSW
  -------         PROC          APP_LEDINIT
  C:1DF0H         LINE#         47
  C:1DF0H         LINE#         48
  C:1DF3H         LINE#         49
  C:1DF6H         LINE#         50
  C:1DF9H         LINE#         51
  C:1DFCH         LINE#         52
  C:1E0AH         LINE#         54
  C:1E0CH         LINE#         55
  -------         ENDPROC       APP_LEDINIT
  -------         PROC          APP_HEATCOOLHANDLE
  C:16AEH         LINE#         70
  C:16AEH         LINE#         74
  C:16B6H         LINE#         76
  C:16B8H         LINE#         77
  C:16BAH         LINE#         78
  C:16C1H         LINE#         79
  C:16C4H         LINE#         80
  C:16C4H         LINE#         82
  C:16CEH         LINE#         84
  C:16D0H         LINE#         85
  C:16D7H         LINE#         86
  C:16DAH         LINE#         87
  C:16DDH         LINE#         88
  C:16EEH         LINE#         90
  C:16F0H         LINE#         92
  C:16F3H         LINE#         93
  C:16F9H         LINE#         94
  C:16FCH         LINE#         95
  C:16FCH         LINE#         96
  C:16FEH         LINE#         97
  C:1700H         LINE#         98
  C:1708H         LINE#         99
  C:1718H         LINE#         101
  C:1718H         LINE#         102
BL51 BANKED LINKER/LOCATER V6.22.2.0                                                  03/24/2019  09:27:08  PAGE 20


  -------         ENDPROC       APP_HEATCOOLHANDLE
  -------         PROC          APP_LOCKKEYHANDLE
  C:09E3H         LINE#         105
  C:09E3H         LINE#         106
  C:09ECH         LINE#         107
  C:09F2H         LINE#         109
  C:09FEH         LINE#         110
  C:0A05H         LINE#         111
  C:0A07H         LINE#         112
  C:0A09H         LINE#         113
  C:0A10H         LINE#         114
  C:0A12H         LINE#         115
  C:0A12H         LINE#         117
  C:0A1BH         LINE#         118
  C:0A22H         LINE#         119
  C:0A24H         LINE#         120
  C:0A34H         LINE#         121
  C:0A3BH         LINE#         122
  C:0A3DH         LINE#         123
  C:0A3DH         LINE#         125
  C:0A45H         LINE#         126
  C:0A45H         LINE#         127
  C:0A47H         LINE#         128
  C:0A4EH         LINE#         129
  C:0A50H         LINE#         131
  C:0A50H         LINE#         132
  C:0A52H         LINE#         133
  C:0A59H         LINE#         134
  C:0A59H         LINE#         136
  C:0A61H         LINE#         137
  C:0A61H         LINE#         138
  C:0A63H         LINE#         139
  C:0A6AH         LINE#         140
  C:0A6CH         LINE#         142
  C:0A6CH         LINE#         143
  C:0A6EH         LINE#         144
  C:0A75H         LINE#         145
  C:0A75H         LINE#         147
  C:0A77H         LINE#         150
  C:0A7FH         LINE#         151
  C:0A8FH         LINE#         152
  C:0A92H         LINE#         153
  C:0A98H         LINE#         154
  C:0A9AH         LINE#         155
  C:0A9FH         LINE#         156
  C:0AA6H         LINE#         157
  C:0AAAH         LINE#         158
  C:0AAEH         LINE#         159
  C:0AB6H         LINE#         160
  C:0AC6H         LINE#         161
  C:0AD2H         LINE#         162
  C:0AD5H         LINE#         164
  C:0AD5H         LINE#         165
  C:0ADDH         LINE#         167
  C:0AE6H         LINE#         168
  C:0AEDH         LINE#         169
  C:0AEFH         LINE#         171
BL51 BANKED LINKER/LOCATER V6.22.2.0                                                  03/24/2019  09:27:08  PAGE 21


  C:0AFFH         LINE#         172
  C:0B06H         LINE#         173
  C:0B08H         LINE#         174
  C:0B08H         LINE#         175
  C:0B14H         LINE#         176
  C:0B1BH         LINE#         177
  C:0B1DH         LINE#         178
  C:0B1FH         LINE#         179
  C:0B26H         LINE#         180
  C:0B28H         LINE#         181
  C:0B28H         LINE#         183
  C:0B30H         LINE#         184
  C:0B30H         LINE#         185
  C:0B32H         LINE#         186
  C:0B39H         LINE#         187
  C:0B3BH         LINE#         189
  C:0B3BH         LINE#         190
  C:0B3DH         LINE#         191
  C:0B44H         LINE#         192
  C:0B44H         LINE#         194
  C:0B4CH         LINE#         195
  C:0B4CH         LINE#         196
  C:0B4EH         LINE#         197
  C:0B55H         LINE#         198
  C:0B57H         LINE#         200
  C:0B57H         LINE#         201
  C:0B59H         LINE#         202
  C:0B60H         LINE#         203
  C:0B60H         LINE#         205
  C:0B74H         LINE#         214
  C:0B76H         LINE#         217
  C:0B76H         LINE#         218
  C:0B7CH         LINE#         219
  C:0B83H         LINE#         220
  -------         ENDPROC       APP_LOCKKEYHANDLE
  -------         PROC          APP_OPENKEYHANDLE
  C:1EF6H         LINE#         222
  C:1EF6H         LINE#         223
  C:1EFCH         LINE#         224
  C:1F01H         LINE#         225
  C:1F05H         LINE#         226
  C:1F0CH         LINE#         227
  C:1F0CH         LINE#         228
  -------         ENDPROC       APP_OPENKEYHANDLE
  -------         PROC          APP_CLOSEKEYHANDLE
  C:1EDEH         LINE#         230
  C:1EDEH         LINE#         231
  C:1EE4H         LINE#         232
  C:1EE9H         LINE#         233
  C:1EEEH         LINE#         234
  C:1EF5H         LINE#         235
  C:1EF5H         LINE#         236
  -------         ENDPROC       APP_CLOSEKEYHANDLE
  -------         PROC          APP_LIGHTKEYHANDLE
  C:1781H         LINE#         238
  C:1781H         LINE#         239
  C:1787H         LINE#         240
BL51 BANKED LINKER/LOCATER V6.22.2.0                                                  03/24/2019  09:27:08  PAGE 22


  C:178CH         LINE#         242
  C:1792H         LINE#         243
  C:1799H         LINE#         244
  C:179BH         LINE#         245
  C:17A1H         LINE#         246
  C:17A7H         LINE#         247
  C:17AAH         LINE#         248
  C:17AAH         LINE#         249
  C:17ACH         LINE#         250
  C:17B3H         LINE#         251
  C:17B5H         LINE#         252
  C:17BAH         LINE#         253
  C:17C0H         LINE#         254
  C:17C3H         LINE#         255
  C:17C3H         LINE#         256
  C:17C3H         LINE#         257
  C:17D7H         LINE#         258
  C:17DEH         LINE#         259
  C:17DEH         LINE#         260
  -------         ENDPROC       APP_LIGHTKEYHANDLE
  -------         PROC          APP_MASSKEYHANDLE
  C:1897H         LINE#         262
  C:1897H         LINE#         263
  C:189DH         LINE#         264
  C:18A2H         LINE#         266
  C:18ADH         LINE#         267
  C:18B1H         LINE#         268
  C:18B7H         LINE#         269
  C:18BBH         LINE#         270
  C:18C2H         LINE#         271
  C:18C4H         LINE#         272
  C:18C6H         LINE#         273
  C:18CAH         LINE#         274
  C:18CCH         LINE#         275
  C:18D1H         LINE#         276
  C:18D5H         LINE#         277
  C:18D5H         LINE#         278
  C:18E9H         LINE#         279
  C:18F0H         LINE#         280
  C:18F0H         LINE#         281
  -------         ENDPROC       APP_MASSKEYHANDLE
  -------         PROC          APP_WARMKEYHANDLE
  C:18F1H         LINE#         283
  C:18F1H         LINE#         284
  C:18F7H         LINE#         285
  C:18FCH         LINE#         287
  C:1905H         LINE#         288
  C:1909H         LINE#         289
  C:190FH         LINE#         290
  C:1913H         LINE#         291
  C:191AH         LINE#         292
  C:191CH         LINE#         293
  C:191EH         LINE#         294
  C:1922H         LINE#         295
  C:1924H         LINE#         296
  C:1929H         LINE#         297
  C:192DH         LINE#         298
BL51 BANKED LINKER/LOCATER V6.22.2.0                                                  03/24/2019  09:27:08  PAGE 23


  C:192DH         LINE#         299
  C:1941H         LINE#         300
  C:1948H         LINE#         301
  C:1948H         LINE#         302
  -------         ENDPROC       APP_WARMKEYHANDLE
  -------         PROC          APP_KEY0HANDLE
  C:003EH         LINE#         321
  C:003EH         LINE#         322
  -------         ENDPROC       APP_KEY0HANDLE
  -------         PROC          APP_KEY2HANDLE
  C:1FCDH         LINE#         378
  C:1FCDH         LINE#         379
  -------         ENDPROC       APP_KEY2HANDLE
  -------         PROC          APP_KEY3HANDLE
  C:1FD0H         LINE#         395
  C:1FD0H         LINE#         396
  -------         ENDPROC       APP_KEY3HANDLE
  -------         PROC          APP_KEY4HANDLE
  C:1641H         LINE#         413
  C:1641H         LINE#         436
  C:1647H         LINE#         437
  C:164CH         LINE#         438
  C:1650H         LINE#         439
  C:1650H         LINE#         440
  C:1653H         LINE#         441
  C:1664H         LINE#         442
  C:1664H         LINE#         443
  C:1664H         LINE#         444
  C:166CH         LINE#         445
  C:166FH         LINE#         446
  C:1674H         LINE#         447
  C:1678H         LINE#         448
  C:1678H         LINE#         449
  C:167AH         LINE#         450
  C:167AH         LINE#         451
  C:1682H         LINE#         452
  C:1685H         LINE#         453
  C:1689H         LINE#         454
  C:1690H         LINE#         455
  C:1690H         LINE#         456
  C:1692H         LINE#         457
  C:1692H         LINE#         463
  C:1692H         LINE#         464
  C:1697H         LINE#         465
  C:169BH         LINE#         466
  C:169FH         LINE#         467
  C:16A3H         LINE#         468
  C:16A3H         LINE#         469
  C:16A3H         LINE#         470
  C:16A3H         LINE#         471
  C:16A6H         LINE#         472
  C:16ADH         LINE#         473
  C:16ADH         LINE#         476
  -------         ENDPROC       APP_KEY4HANDLE
  -------         PROC          APP_KEY5HANDLE
  C:1FD3H         LINE#         494
  C:1FD3H         LINE#         495
BL51 BANKED LINKER/LOCATER V6.22.2.0                                                  03/24/2019  09:27:08  PAGE 24


  -------         ENDPROC       APP_KEY5HANDLE
  -------         PROC          _SYSTEM_SEND_MESSAGE
  D:0004H         SYMBOL        cont
  -------         DO            
  D:000AH         SYMBOL        TX_Buf
  -------         ENDDO         
  C:1C34H         LINE#         499
  C:1C38H         LINE#         501
  C:1C3BH         LINE#         502
  C:1C3EH         LINE#         503
  C:1C41H         LINE#         504
  C:1C44H         LINE#         505
  C:1C4EH         LINE#         507
  C:1C51H         LINE#         508
  C:1C54H         LINE#         509
  C:1C65H         LINE#         510
  C:1C68H         LINE#         511
  -------         ENDPROC       _SYSTEM_SEND_MESSAGE
  -------         PROC          KEY_SCAN
  C:10E2H         LINE#         526
  C:10E2H         LINE#         527
  C:10ECH         LINE#         528
  C:10ECH         LINE#         529
  C:10EFH         LINE#         530
  C:10F7H         LINE#         531
  C:110EH         LINE#         532
  C:110EH         LINE#         533
  C:1119H         LINE#         534
  C:111CH         LINE#         535
  C:111FH         LINE#         536
  C:1122H         LINE#         537
  C:1122H         LINE#         538
  C:1125H         LINE#         539
  C:1125H         LINE#         541
  C:1125H         LINE#         542
  C:1130H         LINE#         543
  C:1133H         LINE#         544
  C:1136H         LINE#         545
  C:1136H         LINE#         546
  C:1139H         LINE#         547
  C:1139H         LINE#         549
  C:1139H         LINE#         550
  C:1144H         LINE#         551
  C:1147H         LINE#         552
  C:114AH         LINE#         554
  C:114AH         LINE#         555
  C:114CH         LINE#         556
  C:114CH         LINE#         558
  C:114CH         LINE#         559
  C:1154H         LINE#         560
  C:1157H         LINE#         561
  C:115AH         LINE#         562
  C:115AH         LINE#         563
  C:115CH         LINE#         564
  C:115CH         LINE#         566
  C:115CH         LINE#         567
  C:1164H         LINE#         568
BL51 BANKED LINKER/LOCATER V6.22.2.0                                                  03/24/2019  09:27:08  PAGE 25


  C:1167H         LINE#         569
  C:116AH         LINE#         570
  C:116AH         LINE#         571
  C:116CH         LINE#         572
  C:116CH         LINE#         574
  C:116CH         LINE#         575
  C:1174H         LINE#         576
  C:1177H         LINE#         577
  C:117AH         LINE#         578
  C:117AH         LINE#         579
  C:117CH         LINE#         580
  C:117CH         LINE#         581
  C:117CH         LINE#         582
  C:1182H         LINE#         583
  C:1184H         LINE#         584
  C:1187H         LINE#         585
  C:1189H         LINE#         586
  C:118DH         LINE#         587
  C:118FH         LINE#         589
  C:1191H         LINE#         590
  C:1193H         LINE#         593
  C:119AH         LINE#         594
  C:119EH         LINE#         596
  C:11AEH         LINE#         597
  C:11B3H         LINE#         598
  C:11B9H         LINE#         599
  C:11BDH         LINE#         600
  C:11C2H         LINE#         601
  C:11C2H         LINE#         602
  C:11C2H         LINE#         603
  C:11C2H         LINE#         604
  C:11C2H         LINE#         605
  C:11C2H         LINE#         606
  C:11C5H         LINE#         607
  C:11C5H         LINE#         608
  -------         ENDPROC       KEY_SCAN
  -------         PROC          HEAT_AUTOCLOSE
  C:1949H         LINE#         610
  C:1949H         LINE#         611
  C:1949H         LINE#         612
  C:1960H         LINE#         613
  C:1961H         LINE#         614
  C:1966H         LINE#         615
  C:1968H         LINE#         616
  C:196AH         LINE#         617
  C:196DH         LINE#         618
  C:1970H         LINE#         619
  C:1974H         LINE#         620
  C:1976H         LINE#         621
  C:197AH         LINE#         622
  C:1980H         LINE#         623
  C:1983H         LINE#         624
  C:1985H         LINE#         625
  C:1988H         LINE#         626
  C:1988H         LINE#         627
  C:1990H         LINE#         629
  C:19A0H         LINE#         630
BL51 BANKED LINKER/LOCATER V6.22.2.0                                                  03/24/2019  09:27:08  PAGE 26


  C:19A0H         LINE#         631
  -------         ENDPROC       HEAT_AUTOCLOSE
  -------         PROC          COOL_AUTOCLOSE
  C:19A1H         LINE#         633
  C:19A1H         LINE#         634
  C:19A1H         LINE#         635
  C:19B8H         LINE#         636
  C:19B9H         LINE#         637
  C:19BEH         LINE#         638
  C:19C0H         LINE#         639
  C:19C2H         LINE#         640
  C:19C5H         LINE#         641
  C:19C8H         LINE#         642
  C:19CCH         LINE#         643
  C:19CEH         LINE#         644
  C:19D2H         LINE#         645
  C:19D8H         LINE#         646
  C:19DBH         LINE#         647
  C:19DDH         LINE#         648
  C:19E0H         LINE#         649
  C:19E0H         LINE#         650
  C:19E8H         LINE#         652
  C:19F8H         LINE#         653
  C:19F8H         LINE#         654
  -------         ENDPROC       COOL_AUTOCLOSE
  -------         PROC          WARM_AUTOCLOSE
  C:1BC2H         LINE#         656
  C:1BC2H         LINE#         657
  C:1BC2H         LINE#         659
  C:1BD9H         LINE#         660
  C:1BDAH         LINE#         661
  C:1BDFH         LINE#         662
  C:1BE1H         LINE#         663
  C:1BE3H         LINE#         664
  C:1BEBH         LINE#         665
  C:1BFBH         LINE#         666
  C:1BFBH         LINE#         668
  -------         ENDPROC       WARM_AUTOCLOSE
  -------         PROC          MASS_AUTOCLOSE
  C:1BFCH         LINE#         670
  C:1BFCH         LINE#         671
  C:1BFCH         LINE#         673
  C:1C13H         LINE#         674
  C:1C14H         LINE#         675
  C:1C19H         LINE#         677
  C:1C1BH         LINE#         678
  C:1C23H         LINE#         679
  C:1C33H         LINE#         680
  C:1C33H         LINE#         682
  -------         ENDPROC       MASS_AUTOCLOSE
  -------         PROC          APP_INIT
  -------         DO            
  D:0008H         SYMBOL        i
  -------         ENDDO         
  C:1321H         LINE#         730
  C:1321H         LINE#         732
  C:1324H         LINE#         733
BL51 BANKED LINKER/LOCATER V6.22.2.0                                                  03/24/2019  09:27:08  PAGE 27


  C:1327H         LINE#         734
  C:132AH         LINE#         735
  C:132FH         LINE#         736
  C:1332H         LINE#         737
  C:1335H         LINE#         738
  C:133AH         LINE#         739
  C:1358H         LINE#         740
  C:135CH         LINE#         741
  C:1369H         LINE#         742
  C:1376H         LINE#         743
  C:1376H         LINE#         744
  C:1383H         LINE#         745
  C:1396H         LINE#         746
  C:1399H         LINE#         747
  C:13A1H         LINE#         748
  C:13B1H         LINE#         749
  C:13B4H         LINE#         750
  C:13BAH         LINE#         751
  C:13BEH         LINE#         752
  C:13C0H         LINE#         753
  -------         ENDPROC       APP_INIT
  -------         PROC          APP_HANDLE
  -------         DO            
  D:0008H         SYMBOL        SentData
  -------         ENDDO         
  C:0772H         LINE#         768
  C:0772H         LINE#         770
  C:0775H         LINE#         775
  C:0778H         LINE#         780
  C:077EH         LINE#         781
  C:0795H         LINE#         783
  C:07B1H         LINE#         784
  C:07B1H         LINE#         785
  C:07BCH         LINE#         786
  C:07BFH         LINE#         787
  C:07C2H         LINE#         788
  C:07C2H         LINE#         789
  C:07C5H         LINE#         790
  C:07C5H         LINE#         792
  C:07C5H         LINE#         793
  C:07D0H         LINE#         794
  C:07D3H         LINE#         795
  C:07D6H         LINE#         796
  C:07D6H         LINE#         797
  C:07D9H         LINE#         798
  C:07D9H         LINE#         800
  C:07D9H         LINE#         801
  C:07E4H         LINE#         802
  C:07E7H         LINE#         803
  C:07EAH         LINE#         804
  C:07EAH         LINE#         805
  C:07ECH         LINE#         806
  C:07ECH         LINE#         808
  C:07ECH         LINE#         809
  C:07F4H         LINE#         810
  C:07F7H         LINE#         811
  C:07F9H         LINE#         812
BL51 BANKED LINKER/LOCATER V6.22.2.0                                                  03/24/2019  09:27:08  PAGE 28


  C:07FBH         LINE#         813
  C:07FBH         LINE#         814
  C:07FDH         LINE#         815
  C:07FDH         LINE#         817
  C:07FDH         LINE#         818
  C:0805H         LINE#         819
  C:0808H         LINE#         820
  C:080BH         LINE#         821
  C:080BH         LINE#         822
  C:080DH         LINE#         823
  C:080DH         LINE#         825
  C:080DH         LINE#         826
  C:0815H         LINE#         827
  C:0818H         LINE#         828
  C:081BH         LINE#         829
  C:081BH         LINE#         830
  C:081DH         LINE#         831
  C:081DH         LINE#         832
  C:081DH         LINE#         833
  C:0823H         LINE#         834
  C:0825H         LINE#         835
  C:0828H         LINE#         836
  C:082AH         LINE#         837
  C:082EH         LINE#         838
  C:0830H         LINE#         840
  C:0832H         LINE#         841
  C:0834H         LINE#         844
  C:083BH         LINE#         845
  C:083FH         LINE#         847
  C:084FH         LINE#         848
  C:0854H         LINE#         849
  C:085AH         LINE#         850
  C:085EH         LINE#         851
  C:0863H         LINE#         852
  C:0863H         LINE#         853
  C:0863H         LINE#         854
  C:0863H         LINE#         855
  C:0863H         LINE#         856
  C:0863H         LINE#         857
  C:0863H         LINE#         862
  C:086FH         LINE#         863
  C:086FH         LINE#         864
  C:086FH         LINE#         865
  C:0875H         LINE#         866
  C:0875H         LINE#         867
  C:0878H         LINE#         868
  C:0878H         LINE#         869
  C:087AH         LINE#         870
  C:087AH         LINE#         871
  C:0880H         LINE#         872
  C:0880H         LINE#         873
  C:0883H         LINE#         874
  C:0886H         LINE#         875
  C:0888H         LINE#         876
  C:088CH         LINE#         877
  C:088CH         LINE#         878
  C:0897H         LINE#         879
BL51 BANKED LINKER/LOCATER V6.22.2.0                                                  03/24/2019  09:27:08  PAGE 29


  C:0897H         LINE#         880
  C:089AH         LINE#         881
  C:089FH         LINE#         882
  C:08A5H         LINE#         883
  C:08A7H         LINE#         884
  C:08A9H         LINE#         885
  C:08AEH         LINE#         886
  C:08AEH         LINE#         887
  C:08B1H         LINE#         888
  C:08B1H         LINE#         890
  C:08B3H         LINE#         891
  C:08B3H         LINE#         892
  C:08B9H         LINE#         893
  C:08B9H         LINE#         894
  C:08BBH         LINE#         895
  C:08BDH         LINE#         896
  C:08BDH         LINE#         897
  C:08BDH         LINE#         898
  C:08BDH         LINE#         899
  C:08BDH         LINE#         900
  C:08BDH         LINE#         905
  C:08C3H         LINE#         906
  C:08D7H         LINE#         907
  C:08DCH         LINE#         908
  C:08E2H         LINE#         909
  C:08E2H         LINE#         914
  C:08EBH         LINE#         915
  C:08F0H         LINE#         916
  C:08F1H         LINE#         921
  C:08FCH         LINE#         922
  C:08FFH         LINE#         923
  C:0902H         LINE#         924
  C:0908H         LINE#         925
  C:090BH         LINE#         926
  C:090EH         LINE#         927
  C:090EH         LINE#         934
  C:091BH         LINE#         935
  C:091EH         LINE#         936
  C:0921H         LINE#         937
  C:0924H         LINE#         938
  C:092CH         LINE#         939
  C:092FH         LINE#         940
  C:0932H         LINE#         941
  C:0935H         LINE#         942
  C:093DH         LINE#         943
  C:0940H         LINE#         944
  C:0943H         LINE#         945
  C:0946H         LINE#         946
  C:0946H         LINE#         965
  C:0951H         LINE#         966
  C:0954H         LINE#         967
  C:0957H         LINE#         968
  C:095AH         LINE#         969
  C:0962H         LINE#         970
  C:0965H         LINE#         971
  C:0968H         LINE#         972
  C:096BH         LINE#         973
BL51 BANKED LINKER/LOCATER V6.22.2.0                                                  03/24/2019  09:27:08  PAGE 30


  C:096DH         LINE#         974
  C:0970H         LINE#         975
  C:0973H         LINE#         976
  C:0976H         LINE#         977
  C:0976H         LINE#         983
  C:0981H         LINE#         984
  C:0981H         LINE#         986
  C:0984H         LINE#         987
  C:0987H         LINE#         989
  C:0989H         LINE#         990
  C:098DH         LINE#         991
  C:098DH         LINE#         993
  C:0990H         LINE#         994
  C:0993H         LINE#         996
  C:0993H         LINE#         1001
  C:099EH         LINE#         1002
  C:099EH         LINE#         1004
  C:09A1H         LINE#         1005
  C:09A4H         LINE#         1007
  C:09A6H         LINE#         1008
  C:09AAH         LINE#         1009
  C:09AAH         LINE#         1011
  C:09ADH         LINE#         1012
  C:09B0H         LINE#         1014
  C:09B0H         LINE#         1017
  C:09BAH         LINE#         1018
  C:09C0H         LINE#         1019
  C:09C0H         LINE#         1024
  C:09C6H         LINE#         1025
  C:09C8H         LINE#         1026
  C:09CCH         LINE#         1027
  C:09D7H         LINE#         1028
  C:09D7H         LINE#         1033
  C:09DAH         LINE#         1034
  C:09DDH         LINE#         1035
  C:09E0H         LINE#         1036
  -------         ENDPROC       APP_HANDLE
  -------         PROC          BSP_UART1IQRHANDLE
  -------         DO            
  D:001DH         SYMBOL        crc
  -------         ENDDO         
  C:1B35H         LINE#         1087
  C:1B42H         LINE#         1088
  C:1B45H         LINE#         1090
  C:1B4AH         LINE#         1091
  C:1B4DH         LINE#         1092
  C:1B5FH         LINE#         1093
  C:1B62H         LINE#         1094
  C:1B66H         LINE#         1096
  C:1B66H         LINE#         1097
  C:1B74H         LINE#         1098
  C:1B74H         LINE#         1148
  -------         ENDPROC       BSP_UART1IQRHANDLE
  -------         PROC          BSP_TIMER0IQRHANDLE
  -------         DO            
  D:0036H         SYMBOL        base_time
  -------         ENDDO         
BL51 BANKED LINKER/LOCATER V6.22.2.0                                                  03/24/2019  09:27:08  PAGE 31


  C:0FF5H         LINE#         1151
  C:1012H         LINE#         1153
  C:1015H         LINE#         1154
  C:1018H         LINE#         1155
  C:101BH         LINE#         1156
  C:101FH         LINE#         1157
  C:101FH         LINE#         1158
  C:1027H         LINE#         1159
  C:1027H         LINE#         1160
  C:103DH         LINE#         1161
  C:1043H         LINE#         1162
  C:1049H         LINE#         1163
  C:105EH         LINE#         1164
  C:1063H         LINE#         1165
  C:1067H         LINE#         1166
  C:1067H         LINE#         1167
  C:1067H         LINE#         1169
  C:106DH         LINE#         1170
  C:1082H         LINE#         1171
  C:1087H         LINE#         1172
  C:1087H         LINE#         1173
  C:1087H         LINE#         1181
  C:108DH         LINE#         1182
  C:108DH         LINE#         1183
  C:10A2H         LINE#         1184
  C:10A7H         LINE#         1185
  C:10A7H         LINE#         1186
  C:10A7H         LINE#         1188
  C:10ADH         LINE#         1189
  C:10ADH         LINE#         1190
  C:10C2H         LINE#         1191
  C:10C2H         LINE#         1192
  C:10C7H         LINE#         1193
  C:10C7H         LINE#         1194
  C:10C7H         LINE#         1196
  C:10C7H         LINE#         1210
  -------         ENDPROC       BSP_TIMER0IQRHANDLE
  -------         ENDMOD        APP

  -------         MODULE        S_TOUCHKEYCFG
  C:0000H         SYMBOL        _ICE_DUMMY_
  X:0000H         PUBLIC        ConfirmTouchCnt
  X:0001H         PUBLIC        BaseLine
  C:1D96H         PUBLIC        TouchKeyCFGInit
  C:1F45H         PUBLIC        _GetBaseLineAdjustValue
  X:000DH         PUBLIC        FloatAreaCnt
  B:00D0H.7       PUBLIC        TK_CY
  C:1CF8H         PUBLIC        _GetCurrFingerValue
  C:1FD6H         PUBLIC        GetCsFunction
  X:0013H         PUBLIC        CurrentChannel
  X:0019H         PUBLIC        RawData
  C:1FB6H         PUBLIC        IsDoubleKeyOrSlideKey
  X:0025H         PUBLIC        TouchCnt
  X:002BH         PUBLIC        LowFingerDataCnt
  C:0B84H         PUBLIC        TouchKeyScan
  C:1F72H         PUBLIC        SetOneKeyPushResetTime
  C:1F33H         PUBLIC        _GetScanTimeValue
BL51 BANKED LINKER/LOCATER V6.22.2.0                                                  03/24/2019  09:27:08  PAGE 32


  C:1F92H         PUBLIC        GetTKYzCnt
  X:0031H         PUBLIC        DifferAccum
  X:003DH         PUBLIC        RestAreaCnt
  C:0046H         PUBLIC        _GetTKYzThreshold
  C:19F9H         PUBLIC        CurrentSensorChoose
  C:1FAEH         PUBLIC        GetInitAutoUpdateTime
  X:0043H         PUBLIC        MultipleLNum
  C:000EH         PUBLIC        _GetCfgMsg
  X:0045H         PUBLIC        SOCAPI_TouchKeyStatus
  C:1FBEH         PUBLIC        GetUpConfirmCnt
  X:0046H         PUBLIC        UpdateBaseLNum
  X:0048H         PUBLIC        SetNoiseThreshold
  C:1F7DH         PUBLIC        GetBaselineUpdateThreshold
  X:0049H         PUBLIC        FilterData
  X:0055H         PUBLIC        NoTouchCnt
  X:005BH         PUBLIC        MultipleDealTpye
  C:1A6EH         PUBLIC        TKChannelCfg
  C:1A4CH         PUBLIC        TKCFG
  D:00D0H         PUBLIC        TK_PSW
  -------         PROC          SETONEKEYPUSHRESETTIME
  C:1F72H         LINE#         94
  C:1F72H         LINE#         95
  C:1F72H         LINE#         96
  C:1F7CH         LINE#         97
  -------         ENDPROC       SETONEKEYPUSHRESETTIME
  -------         PROC          GETBASELINEUPDATETHRESHOLD
  C:1F7DH         LINE#         105
  C:1F7DH         LINE#         106
  C:1F7DH         LINE#         107
  C:1F87H         LINE#         108
  -------         ENDPROC       GETBASELINEUPDATETHRESHOLD
  -------         PROC          GETINITAUTOUPDATETIME
  C:1FAEH         LINE#         117
  C:1FAEH         LINE#         118
  C:1FAEH         LINE#         119
  C:1FB5H         LINE#         120
  -------         ENDPROC       GETINITAUTOUPDATETIME
  -------         PROC          GETCSFUNCTION
  C:1FD6H         LINE#         128
  C:1FD6H         LINE#         129
  C:1FD6H         LINE#         130
  C:1FD8H         LINE#         131
  -------         ENDPROC       GETCSFUNCTION
  -------         PROC          _GETCURRFINGERVALUE
  D:0005H         SYMBOL        i
  C:1CF8H         LINE#         139
  C:1CFAH         LINE#         140
  C:1CFAH         LINE#         141
  C:1D23H         LINE#         142
  -------         ENDPROC       _GETCURRFINGERVALUE
  -------         PROC          _GETSCANTIMEVALUE
  D:0007H         SYMBOL        i
  C:1F33H         LINE#         151
  C:1F33H         LINE#         152
  C:1F33H         LINE#         153
  C:1F44H         LINE#         154
  -------         ENDPROC       _GETSCANTIMEVALUE
BL51 BANKED LINKER/LOCATER V6.22.2.0                                                  03/24/2019  09:27:08  PAGE 33


  -------         PROC          ISDOUBLEKEYORSLIDEKEY
  C:1FB6H         LINE#         162
  C:1FB6H         LINE#         163
  C:1FB6H         LINE#         164
  C:1FBDH         LINE#         165
  -------         ENDPROC       ISDOUBLEKEYORSLIDEKEY
  -------         PROC          _GETBASELINEADJUSTVALUE
  D:0007H         SYMBOL        i
  C:1F45H         LINE#         174
  C:1F45H         LINE#         175
  C:1F45H         LINE#         176
  C:1F56H         LINE#         177
  -------         ENDPROC       _GETBASELINEADJUSTVALUE
  -------         PROC          GETUPCONFIRMCNT
  C:1FBEH         LINE#         185
  C:1FBEH         LINE#         186
  C:1FBEH         LINE#         187
  C:1FC5H         LINE#         188
  -------         ENDPROC       GETUPCONFIRMCNT
  -------         PROC          GETTKYZCNT
  C:1F92H         LINE#         197
  C:1F92H         LINE#         198
  C:1F92H         LINE#         199
  C:1F9BH         LINE#         200
  -------         ENDPROC       GETTKYZCNT
  -------         PROC          _GETTKYZTHRESHOLD
  D:0007H         SYMBOL        i
  -------         DO            
  D:0006H         SYMBOL        SetFingerThresholdtmp
  -------         ENDDO         
  C:0046H         LINE#         209
  C:0046H         LINE#         210
  C:0046H         LINE#         213
  C:0049H         LINE#         214
  -------         ENDPROC       _GETTKYZTHRESHOLD
  -------         PROC          CURRENTSENSORCHOOSE
  -------         DO            
  D:0003H         SYMBOL        i
  D:0002H         SYMBOL        Ctk_Channel_mark
  D:000AH         SYMBOL        CurrentSensorKey
  -------         ENDDO         
  C:19F9H         LINE#         225
  C:19F9H         LINE#         226
  C:19F9H         LINE#         227
  C:19FBH         LINE#         228
  C:19FCH         LINE#         229
  C:1A04H         LINE#         231
  C:1A0DH         LINE#         233
  C:1A17H         LINE#         234
  C:1A17H         LINE#         235
  C:1A2CH         LINE#         236
  C:1A2FH         LINE#         237
  C:1A2FH         LINE#         238
  C:1A3BH         LINE#         239
  C:1A3CH         LINE#         240
  C:1A46H         LINE#         241
  C:1A46H         LINE#         242
BL51 BANKED LINKER/LOCATER V6.22.2.0                                                  03/24/2019  09:27:08  PAGE 34


  C:1A46H         LINE#         243
  C:1A49H         LINE#         244
  C:1A4BH         LINE#         245
  -------         ENDPROC       CURRENTSENSORCHOOSE
  -------         PROC          _GETCFGMSG
  D:0007H         SYMBOL        i
  C:000EH         LINE#         254
  C:000EH         LINE#         255
  C:000EH         LINE#         256
  C:001FH         LINE#         257
  C:001FH         LINE#         258
  C:0024H         LINE#         259
  C:0029H         LINE#         260
  C:002CH         LINE#         261
  C:0030H         LINE#         262
  C:0038H         LINE#         263
  C:003AH         LINE#         264
  C:003AH         LINE#         265
  -------         ENDPROC       _GETCFGMSG
  -------         PROC          TOUCHKEYCFGINIT
  C:1D96H         LINE#         274
  C:1D96H         LINE#         275
  C:1D96H         LINE#         276
  C:1DA0H         LINE#         277
[...]
  D:000BH         SYMBOL        i
  -------         ENDDO         
  C:1C69H         LINE#         233
  C:1C69H         LINE#         234
  C:1C69H         LINE#         237
  C:1C6CH         LINE#         239
  C:1C6CH         LINE#         240
  C:1C6FH         LINE#         241
  C:1C76H         LINE#         242
  C:1C79H         LINE#         244
  C:1C7EH         LINE#         246
  C:1C7EH         LINE#         247
BL51 BANKED LINKER/LOCATER V6.22.2.0                                                  03/24/2019  09:27:08  PAGE 39


  C:1C81H         LINE#         248
  C:1C8BH         LINE#         249
  C:1C8BH         LINE#         250
  C:1C90H         LINE#         251
  C:1C94H         LINE#         252
  C:1C9BH         LINE#         253
  -------         ENDPROC       FILTERAVERGEDEAL
  -------         PROC          INITIALIZEBASELINES
  -------         DO            
  D:0007H         SYMBOL        i
  -------         ENDDO         
  C:1E45H         LINE#         262
  C:1E45H         LINE#         263
  C:1E45H         LINE#         265
  C:1E4DH         LINE#         266
  C:1E4DH         LINE#         267
  C:1E5CH         LINE#         268
  C:1E5FH         LINE#         269
  -------         ENDPROC       INITIALIZEBASELINES
  -------         PROC          SENSORKEYFLAG
  -------         DO            
  D:0013H         SYMBOL        i
  -------         ENDDO         
  C:1D71H         LINE#         278
  C:1D71H         LINE#         279
  C:1D71H         LINE#         282
  C:1D76H         LINE#         283
  C:1D7FH         LINE#         284
  C:1D7FH         LINE#         285
  C:1D84H         LINE#         286
  C:1D89H         LINE#         287
  C:1D8DH         LINE#         288
  C:1D95H         LINE#         289
  -------         ENDPROC       SENSORKEYFLAG
  -------         PROC          _SENSORRENOVATE
  D:0014H         SYMBOL        i
  -------         DO            
  D:0015H         SYMBOL        differData
  D:0017H         SYMBOL        result
  D:0018H         SYMBOL        j
  D:0019H         SYMBOL        RealConfirmTouchCnt
  D:001AH         SYMBOL        SetFingerThresholdtmp
  D:001CH         SYMBOL        testcount
  -------         ENDDO         
  C:005EH         LINE#         298
  C:0060H         LINE#         299
  C:0060H         LINE#         305
  C:0063H         LINE#         307
  C:007BH         LINE#         310
  C:0090H         LINE#         312
  C:0099H         LINE#         314
  C:00A5H         LINE#         315
  C:00A5H         LINE#         316
  C:00A8H         LINE#         317
  C:00AAH         LINE#         319
  C:00AAH         LINE#         320
  C:00ADH         LINE#         321
BL51 BANKED LINKER/LOCATER V6.22.2.0                                                  03/24/2019  09:27:08  PAGE 40


  C:00ADH         LINE#         324
  C:00B6H         LINE#         325
  C:00B6H         LINE#         326
  C:00C3H         LINE#         327
  C:00C3H         LINE#         328
  C:00CDH         LINE#         329
  C:00CDH         LINE#         331
  C:00DEH         LINE#         332
  C:00DEH         LINE#         333
  C:00E4H         LINE#         334
  C:00EAH         LINE#         335
  C:00EAH         LINE#         336
  C:00EDH         LINE#         337
  C:00F6H         LINE#         338
  C:00F6H         LINE#         339
  C:00FFH         LINE#         340
  C:0101H         LINE#         341
  C:0105H         LINE#         342
  C:010CH         LINE#         343
  C:010CH         LINE#         344
  C:0112H         LINE#         345
  C:0112H         LINE#         346
  C:0112H         LINE#         347
  C:0122H         LINE#         348
  C:0122H         LINE#         349
  C:0125H         LINE#         351
  C:012BH         LINE#         352
  C:012BH         LINE#         353
  C:0134H         LINE#         354
  C:0134H         LINE#         355
  C:013AH         LINE#         356
  C:013AH         LINE#         357
  C:0145H         LINE#         358
  C:0145H         LINE#         359
  C:0148H         LINE#         360
  C:014AH         LINE#         361
  C:014AH         LINE#         362
  C:014AH         LINE#         363
  C:014EH         LINE#         364
  C:0154H         LINE#         365
  C:0154H         LINE#         366
  C:0158H         LINE#         367
  C:0158H         LINE#         368
  C:0161H         LINE#         369
  C:0161H         LINE#         370
  C:0167H         LINE#         371
  C:0167H         LINE#         372
  C:0176H         LINE#         373
  C:0176H         LINE#         374
  C:0176H         LINE#         375
  C:0178H         LINE#         376
  C:0178H         LINE#         377
  C:0178H         LINE#         378
  C:017CH         LINE#         379
  C:017CH         LINE#         380
  C:017CH         LINE#         381
  C:017CH         LINE#         383
BL51 BANKED LINKER/LOCATER V6.22.2.0                                                  03/24/2019  09:27:08  PAGE 41


  C:017CH         LINE#         384
  C:0182H         LINE#         385
  C:0182H         LINE#         386
  C:0184H         LINE#         387
  C:018DH         LINE#         388
  C:018DH         LINE#         389
  C:0196H         LINE#         390
  C:0196H         LINE#         391
  C:0198H         LINE#         392
  C:0198H         LINE#         393
  C:019CH         LINE#         394
  C:01A3H         LINE#         395
  C:01A3H         LINE#         396
  C:01A6H         LINE#         397
  C:01A6H         LINE#         398
  C:01A6H         LINE#         399
  C:01A6H         LINE#         401
  C:01ABH         LINE#         402
  C:01ABH         LINE#         403
  C:01ADH         LINE#         404
  C:01ADH         LINE#         405
  C:01C8H         LINE#         406
  C:01C8H         LINE#         407
  C:01C8H         LINE#         410
  C:01CDH         LINE#         411
  C:01D2H         LINE#         412
  C:01D9H         LINE#         413
  C:01E2H         LINE#         414
  C:01E5H         LINE#         417
  C:01E5H         LINE#         418
  C:01EFH         LINE#         419
  C:01EFH         LINE#         420
  C:01EFH         LINE#         421
  C:01EFH         LINE#         422
  C:01F5H         LINE#         423
  C:01F5H         LINE#         424
  C:01F7H         LINE#         426
  C:01F7H         LINE#         427
  C:01FDH         LINE#         428
  C:0202H         LINE#         429
  C:0202H         LINE#         431
  C:021BH         LINE#         432
  C:021BH         LINE#         433
  C:021FH         LINE#         434
  C:0222H         LINE#         435
  C:022AH         LINE#         436
  C:022AH         LINE#         437
  C:0235H         LINE#         438
  C:0245H         LINE#         439
  C:0245H         LINE#         440
  C:024CH         LINE#         441
  C:024CH         LINE#         442
  C:024EH         LINE#         443
  C:0268H         LINE#         444
  C:0268H         LINE#         445
  C:0272H         LINE#         446
  C:0279H         LINE#         447
BL51 BANKED LINKER/LOCATER V6.22.2.0                                                  03/24/2019  09:27:08  PAGE 42


  C:0279H         LINE#         448
  C:0279H         LINE#         449
  C:027CH         LINE#         450
  C:0297H         LINE#         451
  C:0297H         LINE#         452
  C:029AH         LINE#         453
  C:029FH         LINE#         454
  C:02ACH         LINE#         455
  C:02ACH         LINE#         457
  C:02B2H         LINE#         458
  C:02B2H         LINE#         459
  C:02B7H         LINE#         460
  C:02B9H         LINE#         461
  C:02BEH         LINE#         462
  C:02C0H         LINE#         464
  C:02C0H         LINE#         465
  C:02E0H         LINE#         466
  C:02E0H         LINE#         467
  C:02E0H         LINE#         468
  C:02E8H         LINE#         469
  C:02E8H         LINE#         470
  C:02EBH         LINE#         471
  C:02EBH         LINE#         472
  C:02EEH         LINE#         473
  C:02F6H         LINE#         474
  C:02F6H         LINE#         475
  C:02F9H         LINE#         476
  C:02FEH         LINE#         477
  C:02FEH         LINE#         478
  C:0301H         LINE#         479
  C:0308H         LINE#         480
  C:0308H         LINE#         481
  C:030DH         LINE#         482
  C:0325H         LINE#         483
  C:0325H         LINE#         484
  C:0325H         LINE#         485
  C:0325H         LINE#         488
  C:0330H         LINE#         489
  C:0330H         LINE#         490
  C:034EH         LINE#         491
  C:034EH         LINE#         492
  C:0354H         LINE#         493
  C:0359H         LINE#         494
  C:0363H         LINE#         495
  C:0363H         LINE#         496
  C:036CH         LINE#         497
  C:036EH         LINE#         498
  C:0372H         LINE#         499
  C:0379H         LINE#         500
  C:0379H         LINE#         501
  C:037FH         LINE#         502
  C:037FH         LINE#         503
  C:0388H         LINE#         504
  C:0388H         LINE#         505
  C:038DH         LINE#         506
  C:03AFH         LINE#         507
  C:03BCH         LINE#         508
BL51 BANKED LINKER/LOCATER V6.22.2.0                                                  03/24/2019  09:27:08  PAGE 43


  C:03BCH         LINE#         509
  C:03BDH         LINE#         511
  C:03BDH         LINE#         512
  C:03C3H         LINE#         513
  C:03C3H         LINE#         514
  C:03C4H         LINE#         516
  C:03C4H         LINE#         517
  C:03CDH         LINE#         519
  C:03D4H         LINE#         520
  C:03D4H         LINE#         522
  C:03D4H         LINE#         524
  C:03DDH         LINE#         525
  C:03DDH         LINE#         527
  C:03DDH         LINE#         529
  C:03E7H         LINE#         530
  C:03E7H         LINE#         531
  C:03EDH         LINE#         532
  C:03EDH         LINE#         533
  C:03F0H         LINE#         534
  C:03F0H         LINE#         535
  C:03F4H         LINE#         536
  C:03F8H         LINE#         537
  C:03F8H         LINE#         538
  C:03FAH         LINE#         539
  C:03FAH         LINE#         540
  C:03FAH         LINE#         542
  C:03FAH         LINE#         543
  -------         ENDPROC       _SENSORRENOVATE
  -------         PROC          FILTERIIRINIT
  -------         DO            
  D:0007H         SYMBOL        i
  -------         ENDDO         
  C:1DB5H         LINE#         551
  C:1DB5H         LINE#         552
  C:1DB5H         LINE#         554
  C:1DBDH         LINE#         555
  C:1DBDH         LINE#         556
  C:1DCFH         LINE#         557
  C:1DD2H         LINE#         558
  -------         ENDPROC       FILTERIIRINIT
  -------         PROC          _FILTERDATADEAL
  D:0015H         SYMBOL        i
  -------         DO            
  D:0016H         SYMBOL        FilterTemp
  D:0004H         SYMBOL        SetFingerThresholdtmp
  -------         ENDDO         
  C:11C6H         LINE#         567
  C:11C8H         LINE#         568
  C:11C8H         LINE#         572
  C:11D5H         LINE#         574
  C:11DEH         LINE#         576
  C:11F3H         LINE#         577
  C:11F3H         LINE#         578
  C:11FBH         LINE#         579
  C:11FEH         LINE#         580
  C:1217H         LINE#         581
  C:1217H         LINE#         582
BL51 BANKED LINKER/LOCATER V6.22.2.0                                                  03/24/2019  09:27:08  PAGE 44


  C:123CH         LINE#         583
  C:123EH         LINE#         585
  C:123EH         LINE#         586
  C:1276H         LINE#         587
  C:1276H         LINE#         589
  C:1280H         LINE#         590
  -------         ENDPROC       _FILTERDATADEAL
  -------         PROC          GETISNEEDUPDATEBASELINE
  C:1FDCH         LINE#         599
  C:1FDCH         LINE#         600
  C:1FDCH         LINE#         601
  C:1FDEH         LINE#         602
  -------         ENDPROC       GETISNEEDUPDATEBASELINE
  -------         PROC          SETNEEDUPDATEBASELINE
  C:1FDFH         LINE#         611
  C:1FDFH         LINE#         612
  C:1FDFH         LINE#         613
  C:1FE1H         LINE#         614
  -------         ENDPROC       SETNEEDUPDATEBASELINE
  -------         PROC          INITIALIZESENSORFLAG
  -------         DO            
  D:0007H         SYMBOL        i
  -------         ENDDO         
  C:1A9EH         LINE#         623
  C:1A9EH         LINE#         624
  C:1A9EH         LINE#         626
  C:1AA6H         LINE#         627
  C:1AA6H         LINE#         628
  C:1AAEH         LINE#         629
  C:1AB6H         LINE#         630
  C:1ABEH         LINE#         631
  C:1AC6H         LINE#         632
  C:1ACEH         LINE#         633
  C:1AD1H         LINE#         635
  C:1ADAH         LINE#         636
  C:1AE0H         LINE#         637
  C:1AE7H         LINE#         638
  C:1AE9H         LINE#         639
  -------         ENDPROC       INITIALIZESENSORFLAG
  -------         PROC          _MULTIPLEDEAL
  D:0013H         SYMBOL        CycleCnt
  -------         DO            
  X:0099H         SYMBOL        InitSensorCnt
  D:0004H         SYMBOL        FilterTemp
  D:0014H         SYMBOL        t
  -------         ENDDO         
  C:0CB4H         LINE#         648
  C:0CB6H         LINE#         649
  C:0CB6H         LINE#         655
  C:0CBFH         LINE#         656
  C:0CBFH         LINE#         657
  C:0CC1H         LINE#         658
  C:0CC7H         LINE#         659
  C:0CC7H         LINE#         660
  C:0CD0H         LINE#         661
  C:0CD0H         LINE#         662
  C:0CE5H         LINE#         663
BL51 BANKED LINKER/LOCATER V6.22.2.0                                                  03/24/2019  09:27:08  PAGE 45


  C:0CE9H         LINE#         664
  C:0CE9H         LINE#         665
  C:0CECH         LINE#         666
  C:0CEEH         LINE#         667
  C:0CF4H         LINE#         669
  C:0CF4H         LINE#         671
  C:0CFAH         LINE#         672
  C:0CFEH         LINE#         673
  C:0CFEH         LINE#         674
  C:0D01H         LINE#         675
  C:0D06H         LINE#         676
  C:0D06H         LINE#         678
  C:0D12H         LINE#         679
  C:0D12H         LINE#         680
  C:0D1CH         LINE#         681
  C:0D1CH         LINE#         682
  C:0D35H         LINE#         683
  C:0D3BH         LINE#         684
  C:0D3BH         LINE#         685
  C:0D62H         LINE#         686
  C:0D64H         LINE#         689
  C:0D64H         LINE#         690
  C:0D8CH         LINE#         691
  C:0D8CH         LINE#         692
  C:0D8CH         LINE#         693
  C:0D91H         LINE#         694
  C:0D96H         LINE#         696
  C:0D9BH         LINE#         697
  C:0D9BH         LINE#         698
  C:0DA1H         LINE#         699
  C:0DA1H         LINE#         701
  C:0DAEH         LINE#         702
  C:0DAEH         LINE#         703
  C:0DB0H         LINE#         704
  C:0DB2H         LINE#         705
  C:0DB8H         LINE#         706
  C:0DC5H         LINE#         707
  C:0DC5H         LINE#         708
  C:0DCAH         LINE#         709
  C:0DCDH         LINE#         710
  C:0DD0H         LINE#         711
  C:0DD2H         LINE#         712
  C:0DD2H         LINE#         713
  C:0DD2H         LINE#         714
  C:0DD2H         LINE#         715
  -------         ENDPROC       _MULTIPLEDEAL
  -------         ENDMOD        SENSORMETHOD

  -------         MODULE        ?C?COPY
  C:04CBH         PUBLIC        ?C?COPY
  -------         ENDMOD        ?C?COPY

  -------         MODULE        ?C?CLDPTR
  C:04F1H         PUBLIC        ?C?CLDPTR
  -------         ENDMOD        ?C?CLDPTR

  -------         MODULE        ?C?CSTPTR
BL51 BANKED LINKER/LOCATER V6.22.2.0                                                  03/24/2019  09:27:08  PAGE 46


  C:050AH         PUBLIC        ?C?CSTPTR
  -------         ENDMOD        ?C?CSTPTR

  -------         MODULE        ?C?IMUL
  C:051CH         PUBLIC        ?C?IMUL
  -------         ENDMOD        ?C?IMUL

  -------         MODULE        ?C?UIDIV
  C:052EH         PUBLIC        ?C?UIDIV
  -------         ENDMOD        ?C?UIDIV

  -------         MODULE        ?C?IILDX
  C:0583H         PUBLIC        ?C?IILDX
  -------         ENDMOD        ?C?IILDX

  -------         MODULE        ?C?ILDIX
  C:0599H         PUBLIC        ?C?ILDIX
  -------         ENDMOD        ?C?ILDIX

  -------         MODULE        ?C?ILDPTR
  C:05AFH         PUBLIC        ?C?ILDPTR
  -------         ENDMOD        ?C?ILDPTR

  -------         MODULE        ?C?LNOT
  C:05DAH         PUBLIC        ?C?LNOT
  -------         ENDMOD        ?C?LNOT

  -------         MODULE        ?C?ULCMP
  C:05E7H         PUBLIC        ?C?ULCMP
  -------         ENDMOD        ?C?ULCMP

  -------         MODULE        ?C?ULSHR
  C:05F8H         PUBLIC        ?C?ULSHR
  -------         ENDMOD        ?C?ULSHR

  -------         MODULE        ?C?LSHL
  C:060BH         PUBLIC        ?C?LSHL
  -------         ENDMOD        ?C?LSHL

  -------         MODULE        ?C?LLDOPTR
  C:061EH         PUBLIC        ?C?LLDOPTR
  -------         ENDMOD        ?C?LLDOPTR

  -------         MODULE        ?C?LSTPTR
  C:064EH         PUBLIC        ?C?LSTPTR
  -------         ENDMOD        ?C?LSTPTR

  -------         MODULE        ?C?LSTOPTR
  C:0668H         PUBLIC        ?C?LSTOPTR
  -------         ENDMOD        ?C?LSTOPTR

  -------         MODULE        ?C?LLDPTR0
  C:068CH         PUBLIC        ?C?LLDPTR0
  -------         ENDMOD        ?C?LLDPTR0

  -------         MODULE        ?C?OFFXADD
  C:06ACH         PUBLIC        ?C?OFFXADD
BL51 BANKED LINKER/LOCATER V6.22.2.0                                                  03/24/2019  09:27:08  PAGE 47


  -------         ENDMOD        ?C?OFFXADD

  -------         MODULE        ?C?MEMSET
  C:06B8H         PUBLIC        ?C?MEMSET
  -------         ENDMOD        ?C?MEMSET

  -------         MODULE        ?C?LLDIDATA
  C:06E4H         PUBLIC        ?C?LLDIDATA
  -------         ENDMOD        ?C?LLDIDATA

  -------         MODULE        ?C?LLDXDATA
  C:06F0H         PUBLIC        ?C?LLDXDATA
  -------         ENDMOD        ?C?LLDXDATA

  -------         MODULE        ?C?LLDPDATA
  C:06FCH         PUBLIC        ?C?LLDPDATA
  -------         ENDMOD        ?C?LLDPDATA

  -------         MODULE        ?C?LLDCODE
  C:0708H         PUBLIC        ?C?LLDCODE
  -------         ENDMOD        ?C?LLDCODE

  -------         MODULE        ?C?LLDIDATA0
  C:0718H         PUBLIC        ?C?LLDIDATA0
  -------         ENDMOD        ?C?LLDIDATA0

  -------         MODULE        ?C?LLDXDATA0
  C:0725H         PUBLIC        ?C?LLDXDATA0
  -------         ENDMOD        ?C?LLDXDATA0

  -------         MODULE        ?C?LLDPDATA0
  C:0731H         PUBLIC        ?C?LLDPDATA0
  -------         ENDMOD        ?C?LLDPDATA0

  -------         MODULE        ?C?LLDCODE0
  C:073EH         PUBLIC        ?C?LLDCODE0
  -------         ENDMOD        ?C?LLDCODE0

  -------         MODULE        ?C?LSTIDATA
  C:074EH         PUBLIC        ?C?LSTIDATA
  -------         ENDMOD        ?C?LSTIDATA

  -------         MODULE        ?C?LSTXDATA
  C:075AH         PUBLIC        ?C?LSTXDATA
  -------         ENDMOD        ?C?LSTXDATA

  -------         MODULE        ?C?LSTPDATA
  C:0766H         PUBLIC        ?C?LSTPDATA
  -------         ENDMOD        ?C?LSTPDATA

*** WARNING L16: UNCALLED SEGMENT, IGNORED FOR OVERLAY PROCESS
    SEGMENT: ?PR?_TIMEOUT_RECORD?TIMEOUT

*** WARNING L16: UNCALLED SEGMENT, IGNORED FOR OVERLAY PROCESS
    SEGMENT: ?PR?_TIMEOUTDET_CHECK?TIMEOUT

Program Size: data=77.3 xdata=162 code=8160
BL51 BANKED LINKER/LOCATER V6.22.2.0                                                  03/24/2019  09:27:08  PAGE 48


LINK/LOCATE RUN COMPLETE.  2 WARNING(S),  0 ERROR(S)
