BL51 BANKED LINKER/LOCATER V6.22.2.0                                                    11/30/2018  11:09:59  PAGE 1


BL51 BANKED LINKER/LOCATER V6.22.2.0, INVOKED BY:
E:\MDK\C51\BIN\BL51.EXE .\Objects\STARTUP.obj, .\Objects\bsp_pwm.obj, .\Objects\bsp_uart.obj, .\Objects\bsp_timer.obj, .
>> \Objects\TimeOut.obj, .\Objects\bsp_i2c_s.obj, .\Objects\bsp_i2c_port.obj, .\Objects\main.obj, .\Objects\app.obj, .\O
>> bjects\S_TouchKeyCFG.obj, ..\lib\SC93F8XXX_HighSensitive_Lib_T1_V0.0.2.LIB TO .\Objects\soc_pro PRINT (.\Listings\soc
>> _pro.m51) RAMSIZE (256)


MEMORY MODEL: SMALL


INPUT MODULES INCLUDED:
  .\Objects\STARTUP.obj (?C_STARTUP)
  .\Objects\bsp_pwm.obj (BSP_PWM)
  .\Objects\bsp_uart.obj (BSP_UART)
  .\Objects\bsp_timer.obj (BSP_TIMER)
  .\Objects\TimeOut.obj (TIMEOUT)
  .\Objects\bsp_i2c_s.obj (BSP_I2C_S)
  .\Objects\bsp_i2c_port.obj (BSP_I2C_PORT)
  .\Objects\main.obj (MAIN)
  .\Objects\app.obj (APP)
  .\Objects\S_TouchKeyCFG.obj (S_TOUCHKEYCFG)
  ..\lib\SC93F8XXX_HighSensitive_Lib_T1_V0.0.2.LIB (SENSORMETHOD)
  E:\MDK\C51\LIB\C51S.LIB (?C_INIT)
  E:\MDK\C51\LIB\C51S.LIB (?C?COPY)
  E:\MDK\C51\LIB\C51S.LIB (?C?CLDPTR)
  E:\MDK\C51\LIB\C51S.LIB (?C?CSTPTR)
  E:\MDK\C51\LIB\C51S.LIB (?C?IMUL)
  E:\MDK\C51\LIB\C51S.LIB (?C?UIDIV)
  E:\MDK\C51\LIB\C51S.LIB (?C?IILDX)
  E:\MDK\C51\LIB\C51S.LIB (?C?ILDIX)
  E:\MDK\C51\LIB\C51S.LIB (?C?ILDPTR)
  E:\MDK\C51\LIB\C51S.LIB (?C?LNOT)
  E:\MDK\C51\LIB\C51S.LIB (?C?ULCMP)
  E:\MDK\C51\LIB\C51S.LIB (?C?ULSHR)
  E:\MDK\C51\LIB\C51S.LIB (?C?LSHL)
  E:\MDK\C51\LIB\C51S.LIB (?C?LLDOPTR)
  E:\MDK\C51\LIB\C51S.LIB (?C?LSTPTR)
  E:\MDK\C51\LIB\C51S.LIB (?C?LSTOPTR)
  E:\MDK\C51\LIB\C51S.LIB (?C?LLDPTR0)
  E:\MDK\C51\LIB\C51S.LIB (?C?OFFXADD)
  E:\MDK\C51\LIB\C51S.LIB (?C?MEMSET)
  E:\MDK\C51\LIB\C51S.LIB (?C?LLDIDATA)
  E:\MDK\C51\LIB\C51S.LIB (?C?LLDXDATA)
  E:\MDK\C51\LIB\C51S.LIB (?C?LLDPDATA)
  E:\MDK\C51\LIB\C51S.LIB (?C?LLDCODE)
  E:\MDK\C51\LIB\C51S.LIB (?C?LLDIDATA0)
  E:\MDK\C51\LIB\C51S.LIB (?C?LLDXDATA0)
  E:\MDK\C51\LIB\C51S.LIB (?C?LLDPDATA0)
  E:\MDK\C51\LIB\C51S.LIB (?C?LLDCODE0)
  E:\MDK\C51\LIB\C51S.LIB (?C?LSTIDATA)
  E:\MDK\C51\LIB\C51S.LIB (?C?LSTXDATA)
  E:\MDK\C51\LIB\C51S.LIB (?C?LSTPDATA)


LINK MAP OF MODULE:  .\Objects\soc_pro (?C_STARTUP)


            TYPE    BASE      LENGTH    RELOCATION   SEGMENT NAME
BL51 BANKED LINKER/LOCATER V6.22.2.0                                                  11/30/2018  11:09:59  PAGE 2


            -----------------------------------------------------

            * * * * * * *   D A T A   M E M O R Y   * * * * * * *
            REG     0000H     0008H     ABSOLUTE     "REG BANK 0"
            DATA    0008H     0016H     UNIT         _DATA_GROUP_
                    001EH     0002H                  *** GAP ***
            BIT     0020H.0   0000H.2   UNIT         ?BI?SENSORMETHOD
            BIT     0020H.2   0000H.1   UNIT         _BIT_GROUP_
                    0020H.3   0000H.5                *** GAP ***
            DATA    0021H     000CH     UNIT         ?DT?BSP_UART
            DATA    002DH     0009H     UNIT         ?DT?SENSORMETHOD
            DATA    0036H     0008H     UNIT         ?DT?APP
            DATA    003EH     0006H     UNIT         ?DT?BSP_PWM
            DATA    0044H     0004H     UNIT         ?DT?_TIMEOUT_RECORD?TIMEOUT
            DATA    0048H     0004H     UNIT         ?DT?TIMEOUT
            DATA    004CH     0003H     UNIT         ?DT?_TIMEOUTDET_CHECK?TIMEOUT
            IDATA   004FH     0001H     UNIT         ?STACK

            * * * * * * *  X D A T A   M E M O R Y  * * * * * * *
            XDATA   0000H     005CH     UNIT         ?XD?S_TOUCHKEYCFG
            XDATA   005CH     003DH     UNIT         ?XD?APP
            XDATA   0099H     0009H     UNIT         ?XD?SENSORMETHOD

            * * * * * * *   C O D E   M E M O R Y   * * * * * * *
            CODE    0000H     0003H     ABSOLUTE     
            CODE    0003H     0008H     UNIT         ?PR?MAIN?MAIN
            CODE    000BH     0003H     ABSOLUTE     
            CODE    000EH     002DH     UNIT         ?PR?_GETCFGMSG?S_TOUCHKEYCFG
            CODE    003BH     0003H     ABSOLUTE     
            CODE    003EH     0003H     UNIT         ?PR?APP_KEY0HANDLE?APP
                    0041H     0002H                  *** GAP ***
            CODE    0043H     0003H     ABSOLUTE     
            CODE    0046H     0015H     UNIT         ?PR?_GETTKYZTHRESHOLD?S_TOUCHKEYCFG
            CODE    005BH     0003H     ABSOLUTE     
            CODE    005EH     039DH     UNIT         ?PR?_SENSORRENOVATE?SENSORMETHOD
            CODE    03FBH     0377H     UNIT         ?C?LIB_CODE
            CODE    0772H     0270H     UNIT         ?PR?APP_HANDLE?APP
            CODE    09E2H     01A1H     UNIT         ?PR?APP_LOCKKEYHANDLE?APP
            CODE    0B83H     0130H     UNIT         ?PR?TOUCHKEYSCAN?S_TOUCHKEYCFG
            CODE    0CB3H     011FH     UNIT         ?PR?_MULTIPLEDEAL?SENSORMETHOD
            CODE    0DD2H     0118H     UNIT         ?PR?SENSORMETHOD
            CODE    0EEAH     010AH     UNIT         ?PR?_IIC_WRITEDATA?BSP_I2C_S
            CODE    0FF4H     00EDH     UNIT         ?PR?BSP_TIMER0IQRHANDLE?APP
            CODE    10E1H     00E4H     UNIT         ?PR?KEY_SCAN?APP
            CODE    11C5H     00BBH     UNIT         ?PR?_FILTERDATADEAL?SENSORMETHOD
            CODE    1280H     00A0H     UNIT         ?PR?_IIC_READDATA?BSP_I2C_S
            CODE    1320H     00A0H     UNIT         ?PR?APP_INIT?APP
            CODE    13C0H     009AH     UNIT         ?C_C51STARTUP
            CODE    145AH     0092H     UNIT         ?PR?CTK_ISR?SENSORMETHOD
            CODE    14ECH     0075H     UNIT         ?PR?_BSP_UARTSENDBUF?BSP_UART
            CODE    1561H     0071H     UNIT         ?PR?TOUCHKEYINIT?SENSORMETHOD
            CODE    15D2H     006EH     UNIT         ?PR?_IIC_NCK?BSP_I2C_S
            CODE    1640H     006DH     UNIT         ?PR?APP_KEY4HANDLE?APP
            CODE    16ADH     006BH     UNIT         ?PR?APP_HEATCOOLHANDLE?APP
            CODE    1718H     0068H     UNIT         ?PR?_IIC_START?BSP_I2C_S
            CODE    1780H     005EH     UNIT         ?PR?APP_LIGHTKEYHANDLE?APP
            CODE    17DEH     005DH     UNIT         ?PR?BSP_PWMHANDLE?BSP_PWM
BL51 BANKED LINKER/LOCATER V6.22.2.0                                                  11/30/2018  11:09:59  PAGE 3


            CODE    183BH     005BH     UNIT         ?PR?_IIC_STOP?BSP_I2C_S
            CODE    1896H     005AH     UNIT         ?PR?APP_MASSKEYHANDLE?APP
            CODE    18F0H     0058H     UNIT         ?PR?APP_WARMKEYHANDLE?APP
            CODE    1948H     0058H     UNIT         ?PR?HEAT_AUTOCLOSE?APP
            CODE    19A0H     0058H     UNIT         ?PR?COOL_AUTOCLOSE?APP
            CODE    19F8H     0053H     UNIT         ?PR?CURRENTSENSORCHOOSE?S_TOUCHKEYCFG
            CODE    1A4BH     0052H     UNIT         ?CO?S_TOUCHKEYCFG
            CODE    1A9DH     004CH     UNIT         ?PR?INITIALIZESENSORFLAG?SENSORMETHOD
            CODE    1AE9H     004BH     UNIT         ?PR?_IIC_READ_DATA?BSP_I2C_S
            CODE    1B34H     004AH     UNIT         ?PR?BSP_UART1IQRHANDLE?APP
            CODE    1B7EH     0043H     UNIT         ?PR?_IIC_WRITE_DATA?BSP_I2C_S
            CODE    1BC1H     003AH     UNIT         ?PR?WARM_AUTOCLOSE?APP
            CODE    1BFBH     0038H     UNIT         ?PR?MASS_AUTOCLOSE?APP
            CODE    1C33H     0035H     UNIT         ?PR?_SYSTEM_SEND_MESSAGE?APP
            CODE    1C68H     0033H     UNIT         ?PR?FILTERAVERGEDEAL?SENSORMETHOD
            CODE    1C9BH     0030H     UNIT         ?PR?_TIMEOUTDET_CHECK?TIMEOUT
            CODE    1CCBH     002CH     UNIT         ?PR?_BSP_UARTINIT?BSP_UART
            CODE    1CF7H     002CH     UNIT         ?PR?_GETCURRFINGERVALUE?S_TOUCHKEYCFG
            CODE    1D23H     0028H     UNIT         ?PR?_IIC_PORT_WRITE?BSP_I2C_PORT
            CODE    1D4BH     0025H     UNIT         ?PR?FILTERCOMMCODE?SENSORMETHOD
            CODE    1D70H     0025H     UNIT         ?PR?SENSORKEYFLAG?SENSORMETHOD
            CODE    1D95H     001FH     UNIT         ?PR?TOUCHKEYCFGINIT?S_TOUCHKEYCFG
            CODE    1DB4H     001EH     UNIT         ?PR?FILTERIIRINIT?SENSORMETHOD
            CODE    1DD2H     001DH     UNIT         ?PR?_IIC_DELAY_US?BSP_I2C_S
            CODE    1DEFH     001DH     UNIT         ?PR?APP_LEDINIT?APP
            CODE    1E0CH     001CH     UNIT         ?PR?_TIMEOUT_RECORD?TIMEOUT
            CODE    1E28H     001CH     UNIT         ?PR?_IIC_PORT_READ?BSP_I2C_PORT
            CODE    1E44H     001BH     UNIT         ?PR?INITIALIZEBASELINES?SENSORMETHOD
            CODE    1E5FH     001AH     UNIT         ?PR?TIMEOUTDET_DECHANDLE?TIMEOUT
            CODE    1E79H     001AH     UNIT         ?PR?_IIC_PORT_SDA_SET?BSP_I2C_PORT
            CODE    1E93H     0019H     UNIT         ?PR?BSP_PWNFULLON?BSP_PWM
            CODE    1EACH     0019H     UNIT         ?C_INITSEG
            CODE    1EC5H     0018H     UNIT         ?PR?BSP_PWMOFF?BSP_PWM
            CODE    1EDDH     0018H     UNIT         ?PR?APP_CLOSEKEYHANDLE?APP
            CODE    1EF5H     0017H     UNIT         ?PR?APP_OPENKEYHANDLE?APP
            CODE    1F0CH     0013H     UNIT         ?PR?BSP_PWMINIT?BSP_PWM
            CODE    1F1FH     0013H     UNIT         ?PR?BSP_TIMER0INIT?BSP_TIMER
            CODE    1F32H     0012H     UNIT         ?PR?_GETSCANTIMEVALUE?S_TOUCHKEYCFG
            CODE    1F44H     0012H     UNIT         ?PR?_GETBASELINEADJUSTVALUE?S_TOUCHKEYCFG
            CODE    1F56H     000FH     UNIT         ?PR?_IIC_PORT_INIT?BSP_I2C_PORT
            CODE    1F65H     000CH     UNIT         ?PR?_USDELAY?SENSORMETHOD
            CODE    1F71H     000BH     UNIT         ?PR?SETONEKEYPUSHRESETTIME?S_TOUCHKEYCFG
            CODE    1F7CH     000BH     UNIT         ?PR?GETBASELINEUPDATETHRESHOLD?S_TOUCHKEYCFG
            CODE    1F87H     000AH     UNIT         ?PR?TIMEOUTDET_INIT?TIMEOUT
            CODE    1F91H     000AH     UNIT         ?PR?GETTKYZCNT?S_TOUCHKEYCFG
            CODE    1F9BH     0009H     UNIT         ?PR?TIMEOUT_BASEVALUE?TIMEOUT
            CODE    1FA4H     0009H     UNIT         ?PR?_IIC_INIT?BSP_I2C_S
            CODE    1FADH     0008H     UNIT         ?PR?GETINITAUTOUPDATETIME?S_TOUCHKEYCFG
            CODE    1FB5H     0008H     UNIT         ?PR?ISDOUBLEKEYORSLIDEKEY?S_TOUCHKEYCFG
            CODE    1FBDH     0008H     UNIT         ?PR?GETUPCONFIRMCNT?S_TOUCHKEYCFG
            CODE    1FC5H     0007H     UNIT         ?PR?BSP_PWMON?BSP_PWM
            CODE    1FCCH     0003H     UNIT         ?PR?APP_KEY2HANDLE?APP
            CODE    1FCFH     0003H     UNIT         ?PR?APP_KEY3HANDLE?APP
            CODE    1FD2H     0003H     UNIT         ?PR?APP_KEY5HANDLE?APP
            CODE    1FD5H     0003H     UNIT         ?PR?GETCSFUNCTION?S_TOUCHKEYCFG
            CODE    1FD8H     0003H     UNIT         ?PR?TOUCHKEYRESTART?SENSORMETHOD
            CODE    1FDBH     0003H     UNIT         ?PR?GETISNEEDUPDATEBASELINE?SENSORMETHOD
BL51 BANKED LINKER/LOCATER V6.22.2.0                                                  11/30/2018  11:09:59  PAGE 4


            CODE    1FDEH     0003H     UNIT         ?PR?SETNEEDUPDATEBASELINE?SENSORMETHOD



OVERLAY MAP OF MODULE:   .\Objects\soc_pro (?C_STARTUP)


SEGMENT                                             BIT_GROUP          DATA_GROUP 
  +--> CALLED SEGMENT                            START    LENGTH     START    LENGTH
------------------------------------------------------------------------------------
?C_C51STARTUP                                    -----    -----      -----    -----
  +--> ?PR?MAIN?MAIN
  +--> ?C_INITSEG

?PR?MAIN?MAIN                                    -----    -----      -----    -----
  +--> ?PR?APP_INIT?APP
  +--> ?PR?APP_HANDLE?APP

?PR?APP_INIT?APP                                 -----    -----      0008H    0002H
  +--> ?PR?APP_LEDINIT?APP
  +--> ?PR?BSP_PWMINIT?BSP_PWM
  +--> ?PR?BSP_PWMOFF?BSP_PWM
  +--> ?PR?_BSP_UARTINIT?BSP_UART
  +--> ?PR?BSP_TIMER0INIT?BSP_TIMER
  +--> ?PR?TIMEOUTDET_INIT?TIMEOUT
  +--> ?PR?_IIC_INIT?BSP_I2C_S
  +--> ?PR?_IIC_WRITE_DATA?BSP_I2C_S
  +--> ?PR?TOUCHKEYINIT?SENSORMETHOD

?PR?_BSP_UARTINIT?BSP_UART                       -----    -----      000AH    0002H

?PR?_IIC_INIT?BSP_I2C_S                          -----    -----      -----    -----
  +--> ?PR?_IIC_PORT_INIT?BSP_I2C_PORT

?PR?_IIC_WRITE_DATA?BSP_I2C_S                    -----    -----      000AH    0005H
  +--> ?PR?_IIC_START?BSP_I2C_S
  +--> ?PR?_IIC_WRITEDATA?BSP_I2C_S
  +--> ?PR?_IIC_STOP?BSP_I2C_S
  +--> ?PR?_IIC_NCK?BSP_I2C_S

?PR?_IIC_START?BSP_I2C_S                         -----    -----      0011H    0003H
  +--> ?PR?_IIC_PORT_WRITE?BSP_I2C_PORT
  +--> ?PR?_IIC_DELAY_US?BSP_I2C_S

?PR?_IIC_WRITEDATA?BSP_I2C_S                     -----    -----      0011H    0006H
  +--> ?PR?_IIC_PORT_WRITE?BSP_I2C_PORT
  +--> ?PR?_IIC_DELAY_US?BSP_I2C_S
  +--> ?PR?_IIC_PORT_SDA_SET?BSP_I2C_PORT
  +--> ?PR?_IIC_PORT_READ?BSP_I2C_PORT

?PR?_IIC_STOP?BSP_I2C_S                          -----    -----      0011H    0003H
  +--> ?PR?_IIC_PORT_WRITE?BSP_I2C_PORT
  +--> ?PR?_IIC_DELAY_US?BSP_I2C_S

?PR?_IIC_NCK?BSP_I2C_S                           -----    -----      0011H    0003H
  +--> ?PR?_IIC_PORT_WRITE?BSP_I2C_PORT
  +--> ?PR?_IIC_DELAY_US?BSP_I2C_S
BL51 BANKED LINKER/LOCATER V6.22.2.0                                                  11/30/2018  11:09:59  PAGE 5



?PR?TOUCHKEYINIT?SENSORMETHOD                    -----    -----      -----    -----
  +--> ?PR?TOUCHKEYCFGINIT?S_TOUCHKEYCFG
  +--> ?PR?_GETCFGMSG?S_TOUCHKEYCFG
  +--> ?PR?_GETSCANTIMEVALUE?S_TOUCHKEYCFG
  +--> ?PR?SENSORMETHOD
  +--> ?PR?INITIALIZESENSORFLAG?SENSORMETHOD
  +--> ?PR?FILTERAVERGEDEAL?SENSORMETHOD
  +--> ?PR?INITIALIZEBASELINES?SENSORMETHOD

?PR?TOUCHKEYCFGINIT?S_TOUCHKEYCFG                -----    -----      -----    -----
  +--> ?CO?S_TOUCHKEYCFG
  +--> ?PR?CURRENTSENSORCHOOSE?S_TOUCHKEYCFG

?PR?CURRENTSENSORCHOOSE?S_TOUCHKEYCFG            -----    -----      000AH    0004H

?PR?_GETCFGMSG?S_TOUCHKEYCFG                     -----    -----      -----    -----
  +--> ?CO?S_TOUCHKEYCFG

?PR?_GETSCANTIMEVALUE?S_TOUCHKEYCFG              -----    -----      -----    -----
  +--> ?CO?S_TOUCHKEYCFG

?PR?INITIALIZESENSORFLAG?SENSORMETHOD            -----    -----      -----    -----
  +--> ?PR?SENSORMETHOD

?PR?FILTERAVERGEDEAL?SENSORMETHOD                -----    -----      000AH    0002H
  +--> ?PR?FILTERCOMMCODE?SENSORMETHOD
  +--> ?PR?FILTERIIRINIT?SENSORMETHOD
  +--> ?PR?GETINITAUTOUPDATETIME?S_TOUCHKEYCFG
  +--> ?PR?_FILTERDATADEAL?SENSORMETHOD

?PR?FILTERCOMMCODE?SENSORMETHOD                  -----    -----      -----    -----
  +--> ?PR?_USDELAY?SENSORMETHOD

?PR?FILTERIIRINIT?SENSORMETHOD                   -----    -----      -----    -----
  +--> ?PR?SENSORMETHOD

?PR?GETINITAUTOUPDATETIME?S_TOUCHKEYCFG          -----    -----      -----    -----
  +--> ?CO?S_TOUCHKEYCFG

?PR?_FILTERDATADEAL?SENSORMETHOD                 -----    -----      0015H    0003H
  +--> ?PR?SENSORMETHOD
  +--> ?PR?_GETCURRFINGERVALUE?S_TOUCHKEYCFG

?PR?_GETCURRFINGERVALUE?S_TOUCHKEYCFG            -----    -----      -----    -----
  +--> ?CO?S_TOUCHKEYCFG

?PR?INITIALIZEBASELINES?SENSORMETHOD             -----    -----      -----    -----
  +--> ?PR?SENSORMETHOD

?PR?APP_HANDLE?APP                               -----    -----      0008H    0002H
  +--> ?PR?KEY_SCAN?APP
  +--> ?PR?_IIC_READ_DATA?BSP_I2C_S
  +--> ?PR?APP_KEY3HANDLE?APP
  +--> ?PR?APP_WARMKEYHANDLE?APP
  +--> ?PR?APP_KEY4HANDLE?APP
  +--> ?PR?APP_KEY5HANDLE?APP
BL51 BANKED LINKER/LOCATER V6.22.2.0                                                  11/30/2018  11:09:59  PAGE 6


  +--> ?PR?APP_KEY2HANDLE?APP
  +--> ?PR?_IIC_WRITE_DATA?BSP_I2C_S
  +--> ?PR?APP_LIGHTKEYHANDLE?APP
  +--> ?PR?APP_KEY0HANDLE?APP
  +--> ?PR?_SYSTEM_SEND_MESSAGE?APP
  +--> ?PR?COOL_AUTOCLOSE?APP
  +--> ?PR?MASS_AUTOCLOSE?APP
  +--> ?PR?WARM_AUTOCLOSE?APP
  +--> ?PR?HEAT_AUTOCLOSE?APP

?PR?KEY_SCAN?APP                                 -----    -----      -----    -----
  +--> ?PR?TOUCHKEYSCAN?S_TOUCHKEYCFG
  +--> ?PR?APP_KEY5HANDLE?APP
  +--> ?PR?APP_KEY2HANDLE?APP
  +--> ?PR?APP_KEY3HANDLE?APP
  +--> ?PR?APP_WARMKEYHANDLE?APP
  +--> ?PR?APP_KEY4HANDLE?APP
  +--> ?PR?_IIC_WRITE_DATA?BSP_I2C_S
  +--> ?PR?TOUCHKEYRESTART?SENSORMETHOD

?PR?TOUCHKEYSCAN?S_TOUCHKEYCFG                   -----    -----      000AH    0009H
  +--> ?PR?GETISNEEDUPDATEBASELINE?SENSORMETHOD
  +--> ?PR?SENSORKEYFLAG?SENSORMETHOD
  +--> ?PR?SETNEEDUPDATEBASELINE?SENSORMETHOD
  +--> ?PR?ISDOUBLEKEYORSLIDEKEY?S_TOUCHKEYCFG
  +--> ?PR?SETONEKEYPUSHRESETTIME?S_TOUCHKEYCFG
  +--> ?CO?S_TOUCHKEYCFG
  +--> ?PR?_MULTIPLEDEAL?SENSORMETHOD

?PR?SENSORKEYFLAG?SENSORMETHOD                   -----    -----      0013H    0001H
  +--> ?PR?_FILTERDATADEAL?SENSORMETHOD
  +--> ?PR?_SENSORRENOVATE?SENSORMETHOD

?PR?_SENSORRENOVATE?SENSORMETHOD                 -----    -----      0014H    0009H
  +--> ?PR?SENSORMETHOD
  +--> ?PR?_GETCURRFINGERVALUE?S_TOUCHKEYCFG
  +--> ?PR?GETCSFUNCTION?S_TOUCHKEYCFG
  +--> ?PR?ISDOUBLEKEYORSLIDEKEY?S_TOUCHKEYCFG
  +--> ?PR?GETTKYZCNT?S_TOUCHKEYCFG
  +--> ?PR?_GETTKYZTHRESHOLD?S_TOUCHKEYCFG
  +--> ?PR?GETBASELINEUPDATETHRESHOLD?S_TOUC...
  +--> ?PR?GETUPCONFIRMCNT?S_TOUCHKEYCFG

?PR?ISDOUBLEKEYORSLIDEKEY?S_TOUCHKEYCFG          -----    -----      -----    -----
  +--> ?CO?S_TOUCHKEYCFG

?PR?_GETTKYZTHRESHOLD?S_TOUCHKEYCFG              -----    -----      -----    -----
  +--> ?PR?_GETCURRFINGERVALUE?S_TOUCHKEYCFG

?PR?GETBASELINEUPDATETHRESHOLD?S_TOUC...         -----    -----      -----    -----
  +--> ?CO?S_TOUCHKEYCFG

?PR?SETONEKEYPUSHRESETTIME?S_TOUCHKEYCFG         -----    -----      -----    -----
  +--> ?CO?S_TOUCHKEYCFG

?PR?_MULTIPLEDEAL?SENSORMETHOD                   -----    -----      0013H    0002H
  +--> ?PR?SENSORMETHOD
BL51 BANKED LINKER/LOCATER V6.22.2.0                                                  11/30/2018  11:09:59  PAGE 7


  +--> ?PR?INITIALIZESENSORFLAG?SENSORMETHOD
  +--> ?PR?FILTERIIRINIT?SENSORMETHOD
  +--> ?PR?_FILTERDATADEAL?SENSORMETHOD
  +--> ?PR?INITIALIZEBASELINES?SENSORMETHOD

?PR?APP_KEY5HANDLE?APP                           -----    -----      -----    -----
  +--> ?PR?APP_MASSKEYHANDLE?APP

?PR?APP_MASSKEYHANDLE?APP                        -----    -----      -----    -----
  +--> ?PR?_IIC_WRITE_DATA?BSP_I2C_S

?PR?APP_KEY2HANDLE?APP                           -----    -----      -----    -----
  +--> ?PR?APP_CLOSEKEYHANDLE?APP

?PR?APP_KEY3HANDLE?APP                           -----    -----      -----    -----
  +--> ?PR?APP_OPENKEYHANDLE?APP

?PR?APP_WARMKEYHANDLE?APP                        -----    -----      -----    -----
  +--> ?PR?_IIC_WRITE_DATA?BSP_I2C_S

?PR?APP_KEY4HANDLE?APP                           -----    -----      -----    -----
  +--> ?PR?APP_HEATCOOLHANDLE?APP

?PR?APP_HEATCOOLHANDLE?APP                       -----    -----      -----    -----
  +--> ?PR?BSP_PWMOFF?BSP_PWM
  +--> ?PR?BSP_PWNFULLON?BSP_PWM
  +--> ?PR?BSP_PWMON?BSP_PWM
  +--> ?PR?_IIC_WRITE_DATA?BSP_I2C_S

?PR?BSP_PWMON?BSP_PWM                            -----    -----      -----    -----
  +--> ?PR?BSP_PWMINIT?BSP_PWM

?PR?_IIC_READ_DATA?BSP_I2C_S                     -----    -----      000AH    0007H
  +--> ?PR?_IIC_START?BSP_I2C_S
  +--> ?PR?_IIC_WRITEDATA?BSP_I2C_S
  +--> ?PR?_IIC_STOP?BSP_I2C_S
  +--> ?PR?_IIC_READDATA?BSP_I2C_S
  +--> ?PR?_IIC_NCK?BSP_I2C_S

?PR?_IIC_READDATA?BSP_I2C_S                      -----    -----      0011H    0005H
  +--> ?PR?_IIC_PORT_SDA_SET?BSP_I2C_PORT
  +--> ?PR?_IIC_DELAY_US?BSP_I2C_S
  +--> ?PR?_IIC_PORT_WRITE?BSP_I2C_PORT
  +--> ?PR?_IIC_PORT_READ?BSP_I2C_PORT

?PR?APP_LIGHTKEYHANDLE?APP                       -----    -----      -----    -----
  +--> ?PR?BSP_PWMON?BSP_PWM
  +--> ?PR?BSP_PWMOFF?BSP_PWM
  +--> ?PR?_IIC_WRITE_DATA?BSP_I2C_S

?PR?APP_KEY0HANDLE?APP                           -----    -----      -----    -----
  +--> ?PR?APP_LOCKKEYHANDLE?APP

?PR?APP_LOCKKEYHANDLE?APP                        -----    -----      -----    -----
  +--> ?PR?_IIC_WRITE_DATA?BSP_I2C_S

?PR?_SYSTEM_SEND_MESSAGE?APP                     -----    -----      000AH    0007H
BL51 BANKED LINKER/LOCATER V6.22.2.0                                                  11/30/2018  11:09:59  PAGE 8


  +--> ?PR?_BSP_UARTSENDBUF?BSP_UART

?PR?_BSP_UARTSENDBUF?BSP_UART                    -----    -----      0011H    0006H

?PR?COOL_AUTOCLOSE?APP                           -----    -----      -----    -----
  +--> ?PR?BSP_PWMON?BSP_PWM
  +--> ?PR?BSP_PWMOFF?BSP_PWM
  +--> ?PR?_IIC_WRITE_DATA?BSP_I2C_S

?PR?MASS_AUTOCLOSE?APP                           -----    -----      -----    -----
  +--> ?PR?_IIC_WRITE_DATA?BSP_I2C_S

?PR?WARM_AUTOCLOSE?APP                           -----    -----      -----    -----
  +--> ?PR?_IIC_WRITE_DATA?BSP_I2C_S

?PR?HEAT_AUTOCLOSE?APP                           -----    -----      -----    -----
  +--> ?PR?BSP_PWMON?BSP_PWM
  +--> ?PR?BSP_PWMOFF?BSP_PWM
  +--> ?PR?_IIC_WRITE_DATA?BSP_I2C_S

*** NEW ROOT ***************************************************

?PR?BSP_UART1IQRHANDLE?APP                       -----    -----      001DH    0001H

*** NEW ROOT ***************************************************

?PR?BSP_TIMER0IQRHANDLE?APP                      -----    -----      -----    -----
  +--> ?PR?TIMEOUTDET_DECHANDLE?TIMEOUT

*** NEW ROOT ***************************************************

?PR?CTK_ISR?SENSORMETHOD                         0020H.2  0000H.1    -----    -----
  +--> ?PR?SENSORMETHOD
  +--> ?PR?_GETSCANTIMEVALUE?S_TOUCHKEYCFG
  +--> ?PR?_GETBASELINEADJUSTVALUE?S_TOUCHKE...

?PR?_GETBASELINEADJUSTVALUE?S_TOUCHKE...         -----    -----      -----    -----
  +--> ?CO?S_TOUCHKEYCFG



SYMBOL TABLE OF MODULE:  .\Objects\soc_pro (?C_STARTUP)

  VALUE           TYPE          NAME
  ----------------------------------

  -------         MODULE        ?C_STARTUP
  C:13C0H         SEGMENT       ?C_C51STARTUP
  I:004FH         SEGMENT       ?STACK
  C:0000H         PUBLIC        ?C_STARTUP
  D:00E0H         SYMBOL        ACC
  D:00F0H         SYMBOL        B
  D:0083H         SYMBOL        DPH
  D:0082H         SYMBOL        DPL
  N:0000H         SYMBOL        IBPSTACK
  N:0100H         SYMBOL        IBPSTACKTOP
  N:0100H         SYMBOL        IDATALEN
BL51 BANKED LINKER/LOCATER V6.22.2.0                                                  11/30/2018  11:09:59  PAGE 9


  C:13C3H         SYMBOL        IDATALOOP
  N:0000H         SYMBOL        PBPSTACK
  N:0100H         SYMBOL        PBPSTACKTOP
  N:0000H         SYMBOL        PDATALEN
  N:0000H         SYMBOL        PDATASTART
  N:0000H         SYMBOL        PPAGE
  N:0000H         SYMBOL        PPAGEENABLE
  D:00A0H         SYMBOL        PPAGE_SFR
  D:0081H         SYMBOL        SP
  C:13C0H         SYMBOL        STARTUP1
  N:0000H         SYMBOL        XBPSTACK
  N:0000H         SYMBOL        XBPSTACKTOP
  N:0400H         SYMBOL        XDATALEN
  C:13CEH         SYMBOL        XDATALOOP
  N:0000H         SYMBOL        XDATASTART
  C:0000H         LINE#         126
  C:13C0H         LINE#         133
  C:13C2H         LINE#         134
  C:13C3H         LINE#         135
  C:13C4H         LINE#         136
  C:13C6H         LINE#         140
  C:13C9H         LINE#         141
  C:13CBH         LINE#         145
  C:13CDH         LINE#         147
  C:13CEH         LINE#         148
  C:13CFH         LINE#         149
  C:13D0H         LINE#         150
  C:13D2H         LINE#         151
  C:13D4H         LINE#         185
  C:13D7H         LINE#         196
  -------         ENDMOD        ?C_STARTUP

  -------         MODULE        BSP_PWM
  C:0000H         SYMBOL        _ICE_DUMMY_
  D:0080H         PUBLIC        P0
  D:0090H         PUBLIC        P1
  D:00A0H         PUBLIC        P2
  D:00D8H         PUBLIC        P5
  C:17DEH         PUBLIC        Bsp_PwmHandle
  D:00A8H         PUBLIC        IE
  C:1E93H         PUBLIC        Bsp_PwnFullOn
  C:1F0CH         PUBLIC        Bsp_PWMInit
  D:00D6H         PUBLIC        PWMDTY1
  D:00B8H         PUBLIC        IP
  D:003EH         SYMBOL        Pwm_Para
  D:00D4H         PUBLIC        PWMDTYA
  D:0098H         PUBLIC        SCON
  D:0088H         PUBLIC        TCON
  D:00A9H         PUBLIC        IE1
  D:00D1H         PUBLIC        PWMCFG
  D:00D2H         PUBLIC        PWMCON
  C:1EC5H         PUBLIC        Bsp_PwmOff
  C:1FC5H         PUBLIC        Bsp_PwmON
  D:00D3H         PUBLIC        PWMPRD
  D:00C8H         PUBLIC        T2CON
  D:00D0H         PUBLIC        PSW
  -------         PROC          BSP_PWMINIT
BL51 BANKED LINKER/LOCATER V6.22.2.0                                                  11/30/2018  11:09:59  PAGE 10


  C:1F0CH         LINE#         7
  C:1F0CH         LINE#         8
  C:1F0FH         LINE#         9
  C:1F12H         LINE#         10
  C:1F15H         LINE#         11
  C:1F18H         LINE#         12
  C:1F1BH         LINE#         13
  C:1F1EH         LINE#         14
  -------         ENDPROC       BSP_PWMINIT
  -------         PROC          BSP_PWMHANDLE
  C:17DEH         LINE#         16
  C:17E9H         LINE#         17
  C:17ECH         LINE#         18
  C:17FFH         LINE#         19
  C:1805H         LINE#         21
  C:180AH         LINE#         22
  C:180DH         LINE#         23
  C:180FH         LINE#         24
  C:1815H         LINE#         25
  C:1815H         LINE#         27
  C:181CH         LINE#         28
  C:181EH         LINE#         29
  C:1821H         LINE#         30
  C:1826H         LINE#         31
  C:1826H         LINE#         33
  C:182AH         LINE#         34
  C:182CH         LINE#         35
  C:1830H         LINE#         36
  C:1832H         LINE#         37
  C:1832H         LINE#         38
  -------         ENDPROC       BSP_PWMHANDLE
  -------         PROC          BSP_PWMOFF
  C:1EC5H         LINE#         40
  C:1EC5H         LINE#         41
  C:1ED4H         LINE#         42
  C:1ED7H         LINE#         43
  C:1EDAH         LINE#         44
  C:1EDCH         LINE#         45
  -------         ENDPROC       BSP_PWMOFF
  -------         PROC          BSP_PWNFULLON
  C:1E93H         LINE#         47
  C:1E93H         LINE#         48
  C:1EA2H         LINE#         49
  C:1EA5H         LINE#         50
  C:1EA8H         LINE#         51
  C:1EABH         LINE#         52
  -------         ENDPROC       BSP_PWNFULLON
  -------         PROC          BSP_PWMON
  C:1FC5H         LINE#         54
  C:1FC5H         LINE#         55
  C:1FC8H         LINE#         56
  C:1FCBH         LINE#         57
  -------         ENDPROC       BSP_PWMON
  -------         ENDMOD        BSP_PWM

  -------         MODULE        BSP_UART
  C:0000H         SYMBOL        _ICE_DUMMY_
BL51 BANKED LINKER/LOCATER V6.22.2.0                                                  11/30/2018  11:09:59  PAGE 11


  D:0080H         PUBLIC        P0
  D:009FH         PUBLIC        SSDAT
  D:0090H         PUBLIC        P1
  D:00A0H         PUBLIC        P2
  D:008FH         PUBLIC        OTCON
  D:00D8H         PUBLIC        P5
  D:00A8H         PUBLIC        IE
  D:00B8H         PUBLIC        IP
  B:0098H.1       PUBLIC        TI
  D:0099H         PUBLIC        SBUF
  B:00A0H.0       PUBLIC        P20
  D:0098H         PUBLIC        SCON
  D:0088H         PUBLIC        TCON
  D:009DH         PUBLIC        SSCON0
  D:009EH         PUBLIC        SSCON1
  D:0095H         PUBLIC        SSCON2
  C:1CCBH         PUBLIC        _Bsp_UartInit
  D:00A9H         PUBLIC        IE1
  D:0021H         PUBLIC        Tx_Buf
  C:14ECH         PUBLIC        _Bsp_UartSendBuf
  D:00A1H         PUBLIC        P2CON
  D:00C8H         PUBLIC        T2CON
  D:00D0H         PUBLIC        PSW
  -------         PROC          _BSP_UARTINIT
  D:0007H         SYMBOL        id
  -------         DO            
  D:000AH         SYMBOL        baud_set
  -------         ENDDO         
  C:1CCBH         LINE#         22
  C:1CCBH         LINE#         38
  C:1CD0H         LINE#         39
  C:1CD4H         LINE#         40
  C:1CD7H         LINE#         41
  C:1CDAH         LINE#         42
  C:1CDFH         LINE#         43
  C:1CE2H         LINE#         44
  C:1CE6H         LINE#         45
  C:1CE9H         LINE#         46
  C:1CECH         LINE#         47
  C:1CEEH         LINE#         48
  C:1CF2H         LINE#         49
  C:1CF2H         LINE#         50
  C:1CF6H         LINE#         51
  -------         ENDPROC       _BSP_UARTINIT
  -------         PROC          _BSP_UARTSENDBUF
  D:0007H         SYMBOL        id
  D:0012H         SYMBOL        buf
  D:0015H         SYMBOL        len
  C:14ECH         LINE#         68
  C:14F2H         LINE#         69
  C:14F7H         LINE#         70
  C:1504H         LINE#         71
  C:1506H         LINE#         72
  C:1519H         LINE#         73
  C:151EH         LINE#         74
  C:151EH         LINE#         75
  C:1523H         LINE#         76
BL51 BANKED LINKER/LOCATER V6.22.2.0                                                  11/30/2018  11:09:59  PAGE 12


  C:1527H         LINE#         77
  C:1532H         LINE#         79
  C:1541H         LINE#         80
  C:1554H         LINE#         81
  C:155AH         LINE#         82
  C:155DH         LINE#         84
  C:1560H         LINE#         85
  C:1560H         LINE#         86
  C:1560H         LINE#         87
  -------         ENDPROC       _BSP_UARTSENDBUF
  -------         ENDMOD        BSP_UART

  -------         MODULE        BSP_TIMER
  C:0000H         SYMBOL        _ICE_DUMMY_
  D:0080H         PUBLIC        P0
  D:0090H         PUBLIC        P1
  D:00A0H         PUBLIC        P2
  D:008EH         PUBLIC        TMCON
  D:00D8H         PUBLIC        P5
  D:00A8H         PUBLIC        IE
  D:00B8H         PUBLIC        IP
  D:0098H         PUBLIC        SCON
  D:0088H         PUBLIC        TCON
  D:0089H         PUBLIC        TMOD
  B:00A8H.1       PUBLIC        ET0
  D:008CH         PUBLIC        TH0
  D:008AH         PUBLIC        TL0
  C:1F1FH         PUBLIC        Bsp_Timer0Init
  B:0088H.4       PUBLIC        TR0
  D:00C8H         PUBLIC        T2CON
  D:00D0H         PUBLIC        PSW
  -------         PROC          BSP_TIMER0INIT
  C:1F1FH         LINE#         16
  C:1F1FH         LINE#         17
  C:1F22H         LINE#         18
  C:1F25H         LINE#         19
  C:1F28H         LINE#         20
  C:1F2BH         LINE#         21
  C:1F2DH         LINE#         22
  C:1F2FH         LINE#         23
  C:1F31H         LINE#         24
  -------         ENDPROC       BSP_TIMER0INIT
  -------         ENDMOD        BSP_TIMER

  -------         MODULE        TIMEOUT
  C:0000H         SYMBOL        _ICE_DUMMY_
  C:1E0CH         PUBLIC        _TimeOut_Record
  C:1E5FH         PUBLIC        TimeOutDet_DecHandle
  C:1F9BH         PUBLIC        TimeOut_BaseValue
  C:1C9BH         PUBLIC        _TimeOutDet_Check
  D:0048H         PUBLIC        InsBaseNum
  C:1F87H         PUBLIC        TimeOutDet_Init
  -------         PROC          TIMEOUTDET_INIT
  C:1F87H         LINE#         6
  C:1F87H         LINE#         7
  C:1F87H         LINE#         8
  C:1F90H         LINE#         9
BL51 BANKED LINKER/LOCATER V6.22.2.0                                                  11/30/2018  11:09:59  PAGE 13


  -------         ENDPROC       TIMEOUTDET_INIT
  -------         PROC          TIMEOUTDET_DECHANDLE
  C:1E5FH         LINE#         11
  C:1E5FH         LINE#         12
  C:1E5FH         LINE#         13
  C:1E78H         LINE#         14
  -------         ENDPROC       TIMEOUTDET_DECHANDLE
  -------         PROC          TIMEOUT_BASEVALUE
  C:1F9BH         LINE#         16
  C:1F9BH         LINE#         17
  C:1F9BH         LINE#         18
  C:1FA3H         LINE#         19
  -------         ENDPROC       TIMEOUT_BASEVALUE
  -------         PROC          _TIMEOUT_RECORD
  D:0001H         SYMBOL        TimeOutPara
  D:0044H         SYMBOL        timeoutvalue
  C:1E0CH         LINE#         21
  C:1E14H         LINE#         23
  C:1E14H         LINE#         24
  C:1E1AH         LINE#         25
  -------         ENDPROC       _TIMEOUT_RECORD
  -------         PROC          _TIMEOUTDET_CHECK
  D:004CH         SYMBOL        TimeOutPara
  C:1C9BH         LINE#         33
  C:1CA1H         LINE#         34
  C:1CA1H         LINE#         35
  C:1CCAH         LINE#         36
  -------         ENDPROC       _TIMEOUTDET_CHECK
  -------         ENDMOD        TIMEOUT

  -------         MODULE        BSP_I2C_S
  C:0000H         SYMBOL        _ICE_DUMMY_
  D:0080H         PUBLIC        P0
  D:0090H         PUBLIC        P1
  D:00A0H         PUBLIC        P2
  D:00D8H         PUBLIC        P5
  D:00A8H         PUBLIC        IE
  C:1AE9H         PUBLIC        _IIC_Read_Data
  D:00B8H         PUBLIC        IP
  C:1B7EH         PUBLIC        _IIC_Write_Data
  C:1280H         SYMBOL        _IIC_ReadData
  D:0098H         PUBLIC        SCON
  D:0088H         PUBLIC        TCON
  C:0EF0H         SYMBOL        _IIC_WriteData
  C:1718H         SYMBOL        _IIC_Start
  C:1FA4H         PUBLIC        _IIC_Init
  C:15D2H         SYMBOL        _IIC_Nck
  C:183BH         SYMBOL        _IIC_Stop
  D:00C8H         PUBLIC        T2CON
  C:1DD5H         SYMBOL        _IIC_Delay_us
  D:00D0H         PUBLIC        PSW
  -------         PROC          L?0034
  -------         ENDPROC       L?0034
  -------         PROC          _IIC_DELAY_US
  D:0006H         SYMBOL        Delay
  -------         DO            
  D:0005H         SYMBOL        j
BL51 BANKED LINKER/LOCATER V6.22.2.0                                                  11/30/2018  11:09:59  PAGE 14


  -------         ENDDO         
  C:1DD5H         LINE#         7
  C:1DD5H         LINE#         9
  C:1DDFH         LINE#         10
  C:1DEEH         LINE#         11
  C:1DEEH         LINE#         12
  -------         ENDPROC       _IIC_DELAY_US
  -------         PROC          _IIC_INIT
  D:0001H         SYMBOL        p
  C:1FA4H         LINE#         14
  C:1FA4H         LINE#         16
  -------         ENDPROC       _IIC_INIT
  -------         PROC          _IIC_START
  D:0011H         SYMBOL        p
  C:1718H         LINE#         19
  C:171EH         LINE#         20
  C:172EH         LINE#         21
  C:1731H         LINE#         22
  C:1748H         LINE#         23
  C:174BH         LINE#         24
  C:175FH         LINE#         25
  C:1765H         LINE#         26
  C:177AH         LINE#         27
  -------         ENDPROC       _IIC_START
  -------         PROC          L?0035
  -------         ENDPROC       L?0035
  -------         PROC          _IIC_WRITEDATA
  D:0011H         SYMBOL        p
  D:0014H         SYMBOL        Data
  -------         DO            
  D:0015H         SYMBOL        i
  D:0016H         SYMBOL        AckStatus
  -------         ENDDO         
  C:0EF0H         LINE#         30
  C:0EF8H         LINE#         32
  C:0F06H         LINE#         33
  C:0F11H         LINE#         34
  C:0F1CH         LINE#         35
  C:0F1EH         LINE#         36
  C:0F2CH         LINE#         37
  C:0F2CH         LINE#         38
  C:0F32H         LINE#         39
  C:0F38H         LINE#         40
  C:0F4FH         LINE#         41
  C:0F55H         LINE#         42
  C:0F6AH         LINE#         43
  C:0F70H         LINE#         44
  C:0F74H         LINE#         45
  C:0F86H         LINE#         46
  C:0F9DH         LINE#         47
  C:0FA3H         LINE#         49
  C:0FB9H         LINE#         50
  C:0FBCH         LINE#         52
  C:0FBEH         LINE#         53
  C:0FC1H         LINE#         54
  C:0FC1H         LINE#         55
  C:0FD6H         LINE#         56
BL51 BANKED LINKER/LOCATER V6.22.2.0                                                  11/30/2018  11:09:59  PAGE 15


  C:0FDCH         LINE#         57
  C:0FEFH         LINE#         58
  C:0FF3H         LINE#         59
  -------         ENDPROC       _IIC_WRITEDATA
  -------         PROC          _IIC_STOP
  D:0011H         SYMBOL        p
  C:183BH         LINE#         61
  C:1841H         LINE#         62
  C:1850H         LINE#         63
  C:1856H         LINE#         64
  C:186DH         LINE#         65
  C:1873H         LINE#         66
  C:1889H         LINE#         67
  C:188FH         LINE#         68
  -------         ENDPROC       _IIC_STOP
  -------         PROC          _IIC_NCK
  D:0011H         SYMBOL        p
  C:15D2H         LINE#         71
  C:15D8H         LINE#         72
  C:15E8H         LINE#         73
  C:15EEH         LINE#         74
  C:1605H         LINE#         75
  C:160BH         LINE#         76
  C:1620H         LINE#         77
  C:1626H         LINE#         78
  C:163AH         LINE#         79
  -------         ENDPROC       _IIC_NCK
  -------         PROC          _IIC_READDATA
  D:0011H         SYMBOL        p
  -------         DO            
  D:0014H         SYMBOL        Read
  D:0015H         SYMBOL        j
  -------         ENDDO         
  C:1280H         LINE#         94
  C:1286H         LINE#         95
  C:1289H         LINE#         96
  C:1295H         LINE#         97
  C:129BH         LINE#         98
  C:12A9H         LINE#         99
  C:12C0H         LINE#         100
  C:12C6H         LINE#         101
  C:12DCH         LINE#         102
  C:12EBH         LINE#         103
  C:12EBH         LINE#         104
  C:1300H         LINE#         105
  C:1306H         LINE#         106
  C:130AH         LINE#         107
  C:131DH         LINE#         108
  C:131FH         LINE#         109
  -------         ENDPROC       _IIC_READDATA
  -------         PROC          _IIC_READ_DATA
  D:000AH         SYMBOL        p
  D:000DH         SYMBOL        Add
  D:000EH         SYMBOL        Read_Data
  C:1AE9H         LINE#         111
  C:1AF1H         LINE#         112
  C:1AF4H         LINE#         113
BL51 BANKED LINKER/LOCATER V6.22.2.0                                                  11/30/2018  11:09:59  PAGE 16


  C:1B09H         LINE#         114
  C:1B0CH         LINE#         115
  C:1B10H         LINE#         116
  C:1B10H         LINE#         117
  C:1B1DH         LINE#         118
  C:1B26H         LINE#         119
  C:1B2FH         LINE#         120
  C:1B33H         LINE#         121
  -------         ENDPROC       _IIC_READ_DATA
  -------         PROC          _IIC_WRITE_DATA
  D:000AH         SYMBOL        p
  D:000DH         SYMBOL        Add
  D:000EH         SYMBOL        Write_Data
  C:1B7EH         LINE#         123
  C:1B86H         LINE#         124
  C:1B89H         LINE#         125
  C:1B92H         LINE#         126
  C:1B98H         LINE#         127
  C:1B9AH         LINE#         128
  C:1B9AH         LINE#         129
  C:1BA9H         LINE#         130
  C:1BACH         LINE#         131
  C:1BB0H         LINE#         132
  C:1BB0H         LINE#         133
  C:1BB3H         LINE#         134
  C:1BBCH         LINE#         135
  C:1BC0H         LINE#         136
  -------         ENDPROC       _IIC_WRITE_DATA
  -------         ENDMOD        BSP_I2C_S

  -------         MODULE        BSP_I2C_PORT
  C:0000H         SYMBOL        _ICE_DUMMY_
  D:0080H         PUBLIC        P0
  D:0090H         PUBLIC        P1
  D:00A0H         PUBLIC        P2
  D:00D8H         PUBLIC        P5
  D:00A8H         PUBLIC        IE
  D:00B8H         PUBLIC        IP
  C:1E79H         PUBLIC        _IIC_Port_SDA_Set
  D:0098H         PUBLIC        SCON
  B:0090H.4       PUBLIC        P14
  D:0088H         PUBLIC        TCON
  B:0090H.5       PUBLIC        P15
  C:1E28H         PUBLIC        _IIC_Port_Read
  C:1D23H         PUBLIC        _IIC_Port_Write
  C:1F56H         PUBLIC        _IIC_Port_Init
  D:0091H         PUBLIC        P1CON
  D:00C8H         PUBLIC        T2CON
  D:00D0H         PUBLIC        PSW
  -------         PROC          _IIC_PORT_INIT
  D:0006H         SYMBOL        ID
  C:1F56H         LINE#         11
  C:1F56H         LINE#         12
  C:1F5AH         LINE#         13
  C:1F5DH         LINE#         14
  C:1F60H         LINE#         15
  C:1F60H         LINE#         16
BL51 BANKED LINKER/LOCATER V6.22.2.0                                                  11/30/2018  11:09:59  PAGE 17


  C:1F64H         LINE#         17
  -------         ENDPROC       _IIC_PORT_INIT
  -------         PROC          _IIC_PORT_SDA_SET
  D:0006H         SYMBOL        ID
  D:0004H         SYMBOL        Func
  C:1E79H         LINE#         21
  C:1E79H         LINE#         22
  C:1E7DH         LINE#         23
  C:1E81H         LINE#         24
  C:1E84H         LINE#         25
  C:1E8CH         LINE#         26
  C:1E8FH         LINE#         27
  C:1E8FH         LINE#         29
  C:1E8FH         LINE#         30
  C:1E8FH         LINE#         31
  C:1E92H         LINE#         33
  -------         ENDPROC       _IIC_PORT_SDA_SET
  -------         PROC          _IIC_PORT_WRITE
  D:0006H         SYMBOL        ID
  D:0004H         SYMBOL        Func
  D:0002H         SYMBOL        Data
  C:1D23H         LINE#         38
  C:1D23H         LINE#         39
  C:1D27H         LINE#         40
  C:1D2BH         LINE#         41
  C:1D35H         LINE#         42
  C:1D3DH         LINE#         43
  C:1D47H         LINE#         44
  C:1D47H         LINE#         46
  C:1D47H         LINE#         47
  C:1D47H         LINE#         48
  C:1D4AH         LINE#         50
  -------         ENDPROC       _IIC_PORT_WRITE
  -------         PROC          _IIC_PORT_READ
  D:0006H         SYMBOL        ID
  D:0004H         SYMBOL        Func
  C:1E28H         LINE#         52
  C:1E28H         LINE#         53
  C:1E2CH         LINE#         54
  C:1E30H         LINE#         55
  C:1E34H         LINE#         56
  C:1E3AH         LINE#         57
  C:1E40H         LINE#         58
  C:1E40H         LINE#         60
  C:1E40H         LINE#         61
  C:1E40H         LINE#         62
  C:1E43H         LINE#         63
  -------         ENDPROC       _IIC_PORT_READ
  -------         ENDMOD        BSP_I2C_PORT

  -------         MODULE        MAIN
  C:0000H         SYMBOL        _ICE_DUMMY_
  D:0080H         PUBLIC        P0
  D:0090H         PUBLIC        P1
  D:00A0H         PUBLIC        P2
  D:00D8H         PUBLIC        P5
  D:00A8H         PUBLIC        IE
BL51 BANKED LINKER/LOCATER V6.22.2.0                                                  11/30/2018  11:09:59  PAGE 18


  D:00B8H         PUBLIC        IP
  C:0003H         PUBLIC        main
  D:0098H         PUBLIC        SCON
  D:0088H         PUBLIC        TCON
  D:00C8H         PUBLIC        T2CON
  D:00D0H         PUBLIC        PSW
  -------         PROC          MAIN
  C:0003H         LINE#         13
  C:0003H         LINE#         14
  C:0006H         LINE#         15
  C:0006H         LINE#         16
  C:0009H         LINE#         17
  -------         ENDPROC       MAIN
  -------         ENDMOD        MAIN

  -------         MODULE        APP
  C:0000H         SYMBOL        _ICE_DUMMY_
  D:0080H         PUBLIC        P0
  D:009FH         PUBLIC        SSDAT
  D:0090H         PUBLIC        P1
  D:00A0H         PUBLIC        P2
  D:0038H         PUBLIC        key_press_cnt
  C:19A0H         PUBLIC        Cool_AutoClose
  D:00D8H         PUBLIC        P5
  B:00A8H.7       PUBLIC        EA
  X:005CH         SYMBOL        App_Para
  C:09E2H         PUBLIC        App_LockKeyHandle
  C:1BFBH         PUBLIC        Mass_AutoClose
  D:00A8H         PUBLIC        IE
  C:1BC1H         PUBLIC        Warm_AutoClose
  C:10E1H         PUBLIC        Key_Scan
  C:1EF5H         PUBLIC        App_OpenKeyHandle
  C:1896H         PUBLIC        App_MassKeyHandle
  C:18F0H         PUBLIC        App_WarmKeyHandle
  C:1320H         PUBLIC        App_Init
  D:00B8H         PUBLIC        IP
  D:0092H         PUBLIC        P1PH
  D:00A2H         PUBLIC        P2PH
  C:1C33H         SYMBOL        _System_Send_Message
  D:003AH         PUBLIC        HEAT_COOL_START
  D:003BH         PUBLIC        status
  C:003EH         PUBLIC        App_Key0Handle
  C:1FCCH         PUBLIC        App_Key2Handle
  C:1DEFH         SYMBOL        App_LedInit
  C:1FCFH         PUBLIC        App_Key3Handle
  B:0080H.1       PUBLIC        P01
  C:1640H         PUBLIC        App_Key4Handle
  B:00A0H.0       PUBLIC        P20
  C:1FD2H         PUBLIC        App_Key5Handle
  B:00A0H.2       PUBLIC        P22
  D:0098H         PUBLIC        SCON
  B:00D8H.0       PUBLIC        P50
  B:00A0H.3       PUBLIC        P23
  D:0088H         PUBLIC        TCON
  B:00D8H.1       PUBLIC        P51
  B:00A0H.4       PUBLIC        P24
  D:003CH         PUBLIC        key_static
BL51 BANKED LINKER/LOCATER V6.22.2.0                                                  11/30/2018  11:09:59  PAGE 19


  B:00A0H.5       PUBLIC        P25
  B:0090H.7       PUBLIC        P17
  D:009DH         PUBLIC        SSCON0
  B:00A0H.7       PUBLIC        P27
  C:0FF4H         PUBLIC        Bsp_Timer0IqrHandle
  X:0092H         SYMBOL        I2c_Para
  D:008CH         PUBLIC        TH0
  D:008AH         PUBLIC        TL0
  D:00CFH         PUBLIC        WDTCON
  C:0772H         PUBLIC        App_Handle
  C:1B34H         PUBLIC        Bsp_Uart1IqrHandle
  C:1EDDH         PUBLIC        App_CLoseKeyHandle
  D:003DH         PUBLIC        key_press_flag
  D:009AH         PUBLIC        P0CON
  D:00A1H         PUBLIC        P2CON
  D:00D9H         PUBLIC        P5CON
  C:16ADH         PUBLIC        App_HeatCoolHandle
  D:00C8H         PUBLIC        T2CON
  X:0096H         SYMBOL        HEAT_COOL_ARR
  C:1948H         PUBLIC        Heat_AutoClose
  C:1780H         PUBLIC        App_LightKeyHandle
  D:00D0H         PUBLIC        PSW
  -------         PROC          APP_LEDINIT
  C:1DEFH         LINE#         47
  C:1DEFH         LINE#         48
  C:1DF2H         LINE#         49
  C:1DF5H         LINE#         50
  C:1DF8H         LINE#         51
  C:1DFBH         LINE#         52
  C:1E09H         LINE#         54
  C:1E0BH         LINE#         55
  -------         ENDPROC       APP_LEDINIT
  -------         PROC          APP_HEATCOOLHANDLE
  C:16ADH         LINE#         70
  C:16ADH         LINE#         74
  C:16B5H         LINE#         76
  C:16B7H         LINE#         77
  C:16B9H         LINE#         78
  C:16C0H         LINE#         79
  C:16C3H         LINE#         80
  C:16C3H         LINE#         82
  C:16CDH         LINE#         84
  C:16CFH         LINE#         85
  C:16D6H         LINE#         86
  C:16D9H         LINE#         87
  C:16DCH         LINE#         88
  C:16EDH         LINE#         90
  C:16EFH         LINE#         92
  C:16F2H         LINE#         93
  C:16F8H         LINE#         94
  C:16FBH         LINE#         95
  C:16FBH         LINE#         96
  C:16FDH         LINE#         97
  C:16FFH         LINE#         98
  C:1707H         LINE#         99
  C:1717H         LINE#         101
  C:1717H         LINE#         102
BL51 BANKED LINKER/LOCATER V6.22.2.0                                                  11/30/2018  11:09:59  PAGE 20


  -------         ENDPROC       APP_HEATCOOLHANDLE
  -------         PROC          APP_LOCKKEYHANDLE
  C:09E2H         LINE#         105
  C:09E2H         LINE#         106
  C:09EBH         LINE#         107
  C:09F1H         LINE#         109
  C:09FDH         LINE#         110
  C:0A04H         LINE#         111
  C:0A06H         LINE#         112
  C:0A08H         LINE#         113
  C:0A0FH         LINE#         114
  C:0A11H         LINE#         115
  C:0A11H         LINE#         117
  C:0A1AH         LINE#         118
  C:0A21H         LINE#         119
  C:0A23H         LINE#         120
  C:0A33H         LINE#         121
  C:0A3AH         LINE#         122
  C:0A3CH         LINE#         123
  C:0A3CH         LINE#         125
  C:0A44H         LINE#         126
  C:0A44H         LINE#         127
  C:0A46H         LINE#         128
  C:0A4DH         LINE#         129
  C:0A4FH         LINE#         131
  C:0A4FH         LINE#         132
  C:0A51H         LINE#         133
  C:0A58H         LINE#         134
  C:0A58H         LINE#         136
  C:0A60H         LINE#         137
  C:0A60H         LINE#         138
  C:0A62H         LINE#         139
  C:0A69H         LINE#         140
  C:0A6BH         LINE#         142
  C:0A6BH         LINE#         143
  C:0A6DH         LINE#         144
  C:0A74H         LINE#         145
  C:0A74H         LINE#         147
  C:0A76H         LINE#         150
  C:0A7EH         LINE#         151
  C:0A8EH         LINE#         152
  C:0A91H         LINE#         153
  C:0A97H         LINE#         154
  C:0A99H         LINE#         155
  C:0A9EH         LINE#         156
  C:0AA5H         LINE#         157
  C:0AA9H         LINE#         158
  C:0AADH         LINE#         159
  C:0AB5H         LINE#         160
  C:0AC5H         LINE#         161
  C:0AD1H         LINE#         162
  C:0AD4H         LINE#         164
  C:0AD4H         LINE#         165
  C:0ADCH         LINE#         167
  C:0AE5H         LINE#         168
  C:0AECH         LINE#         169
  C:0AEEH         LINE#         171
BL51 BANKED LINKER/LOCATER V6.22.2.0                                                  11/30/2018  11:09:59  PAGE 21


  C:0AFEH         LINE#         172
  C:0B05H         LINE#         173
  C:0B07H         LINE#         174
  C:0B07H         LINE#         175
  C:0B13H         LINE#         176
  C:0B1AH         LINE#         177
  C:0B1CH         LINE#         178
  C:0B1EH         LINE#         179
  C:0B25H         LINE#         180
  C:0B27H         LINE#         181
  C:0B27H         LINE#         183
  C:0B2FH         LINE#         184
  C:0B2FH         LINE#         185
  C:0B31H         LINE#         186
  C:0B38H         LINE#         187
  C:0B3AH         LINE#         189
  C:0B3AH         LINE#         190
  C:0B3CH         LINE#         191
  C:0B43H         LINE#         192
  C:0B43H         LINE#         194
  C:0B4BH         LINE#         195
  C:0B4BH         LINE#         196
  C:0B4DH         LINE#         197
  C:0B54H         LINE#         198
  C:0B56H         LINE#         200
  C:0B56H         LINE#         201
  C:0B58H         LINE#         202
  C:0B5FH         LINE#         203
  C:0B5FH         LINE#         205
  C:0B73H         LINE#         214
  C:0B75H         LINE#         217
  C:0B75H         LINE#         218
  C:0B7BH         LINE#         219
  C:0B82H         LINE#         220
  -------         ENDPROC       APP_LOCKKEYHANDLE
  -------         PROC          APP_OPENKEYHANDLE
  C:1EF5H         LINE#         222
  C:1EF5H         LINE#         223
  C:1EFBH         LINE#         224
  C:1F00H         LINE#         225
  C:1F04H         LINE#         226
  C:1F0BH         LINE#         227
  C:1F0BH         LINE#         228
  -------         ENDPROC       APP_OPENKEYHANDLE
  -------         PROC          APP_CLOSEKEYHANDLE
  C:1EDDH         LINE#         230
  C:1EDDH         LINE#         231
  C:1EE3H         LINE#         232
  C:1EE8H         LINE#         233
  C:1EEDH         LINE#         234
  C:1EF4H         LINE#         235
  C:1EF4H         LINE#         236
  -------         ENDPROC       APP_CLOSEKEYHANDLE
  -------         PROC          APP_LIGHTKEYHANDLE
  C:1780H         LINE#         238
  C:1780H         LINE#         239
  C:1786H         LINE#         240
BL51 BANKED LINKER/LOCATER V6.22.2.0                                                  11/30/2018  11:09:59  PAGE 22


  C:178BH         LINE#         242
  C:1791H         LINE#         243
  C:1798H         LINE#         244
  C:179AH         LINE#         245
  C:17A0H         LINE#         246
  C:17A6H         LINE#         247
  C:17A9H         LINE#         248
  C:17A9H         LINE#         249
  C:17ABH         LINE#         250
  C:17B2H         LINE#         251
  C:17B4H         LINE#         252
  C:17B9H         LINE#         253
  C:17BFH         LINE#         254
  C:17C2H         LINE#         255
  C:17C2H         LINE#         256
  C:17C2H         LINE#         257
  C:17D6H         LINE#         258
  C:17DDH         LINE#         259
  C:17DDH         LINE#         260
  -------         ENDPROC       APP_LIGHTKEYHANDLE
  -------         PROC          APP_MASSKEYHANDLE
  C:1896H         LINE#         262
  C:1896H         LINE#         263
  C:189CH         LINE#         264
  C:18A1H         LINE#         266
  C:18ACH         LINE#         267
  C:18B0H         LINE#         268
  C:18B6H         LINE#         269
  C:18BAH         LINE#         270
  C:18C1H         LINE#         271
  C:18C3H         LINE#         272
  C:18C5H         LINE#         273
  C:18C9H         LINE#         274
  C:18CBH         LINE#         275
  C:18D0H         LINE#         276
  C:18D4H         LINE#         277
  C:18D4H         LINE#         278
  C:18E8H         LINE#         279
  C:18EFH         LINE#         280
  C:18EFH         LINE#         281
  -------         ENDPROC       APP_MASSKEYHANDLE
  -------         PROC          APP_WARMKEYHANDLE
  C:18F0H         LINE#         283
  C:18F0H         LINE#         284
  C:18F6H         LINE#         285
  C:18FBH         LINE#         287
  C:1904H         LINE#         288
  C:1908H         LINE#         289
  C:190EH         LINE#         290
  C:1912H         LINE#         291
  C:1919H         LINE#         292
  C:191BH         LINE#         293
  C:191DH         LINE#         294
  C:1921H         LINE#         295
  C:1923H         LINE#         296
  C:1928H         LINE#         297
  C:192CH         LINE#         298
BL51 BANKED LINKER/LOCATER V6.22.2.0                                                  11/30/2018  11:09:59  PAGE 23


  C:192CH         LINE#         299
  C:1940H         LINE#         300
  C:1947H         LINE#         301
  C:1947H         LINE#         302
  -------         ENDPROC       APP_WARMKEYHANDLE
  -------         PROC          APP_KEY0HANDLE
  C:003EH         LINE#         321
  C:003EH         LINE#         322
  -------         ENDPROC       APP_KEY0HANDLE
  -------         PROC          APP_KEY2HANDLE
  C:1FCCH         LINE#         378
  C:1FCCH         LINE#         379
  -------         ENDPROC       APP_KEY2HANDLE
  -------         PROC          APP_KEY3HANDLE
  C:1FCFH         LINE#         395
  C:1FCFH         LINE#         396
  -------         ENDPROC       APP_KEY3HANDLE
  -------         PROC          APP_KEY4HANDLE
  C:1640H         LINE#         413
  C:1640H         LINE#         436
  C:1646H         LINE#         437
  C:164BH         LINE#         438
  C:164FH         LINE#         439
  C:164FH         LINE#         440
  C:1652H         LINE#         441
  C:1663H         LINE#         442
  C:1663H         LINE#         443
  C:1663H         LINE#         444
  C:166BH         LINE#         445
  C:166EH         LINE#         446
  C:1673H         LINE#         447
  C:1677H         LINE#         448
  C:1677H         LINE#         449
  C:1679H         LINE#         450
  C:1679H         LINE#         451
  C:1681H         LINE#         452
  C:1684H         LINE#         453
  C:1688H         LINE#         454
  C:168FH         LINE#         455
  C:168FH         LINE#         456
  C:1691H         LINE#         457
  C:1691H         LINE#         463
  C:1691H         LINE#         464
  C:1696H         LINE#         465
  C:169AH         LINE#         466
  C:169EH         LINE#         467
  C:16A2H         LINE#         468
  C:16A2H         LINE#         469
  C:16A2H         LINE#         470
  C:16A2H         LINE#         471
  C:16A5H         LINE#         472
  C:16ACH         LINE#         473
  C:16ACH         LINE#         476
  -------         ENDPROC       APP_KEY4HANDLE
  -------         PROC          APP_KEY5HANDLE
  C:1FD2H         LINE#         494
  C:1FD2H         LINE#         495
BL51 BANKED LINKER/LOCATER V6.22.2.0                                                  11/30/2018  11:09:59  PAGE 24


  -------         ENDPROC       APP_KEY5HANDLE
  -------         PROC          _SYSTEM_SEND_MESSAGE
  D:0004H         SYMBOL        cont
  -------         DO            
  D:000AH         SYMBOL        TX_Buf
  -------         ENDDO         
  C:1C33H         LINE#         499
  C:1C37H         LINE#         501
  C:1C3AH         LINE#         502
  C:1C3DH         LINE#         503
  C:1C40H         LINE#         504
  C:1C43H         LINE#         505
  C:1C4DH         LINE#         507
  C:1C50H         LINE#         508
  C:1C53H         LINE#         509
  C:1C64H         LINE#         510
  C:1C67H         LINE#         511
  -------         ENDPROC       _SYSTEM_SEND_MESSAGE
  -------         PROC          KEY_SCAN
  C:10E1H         LINE#         526
  C:10E1H         LINE#         527
  C:10EBH         LINE#         528
  C:10EBH         LINE#         529
  C:10EEH         LINE#         530
  C:10F6H         LINE#         531
  C:110DH         LINE#         532
  C:110DH         LINE#         533
  C:1118H         LINE#         534
  C:111BH         LINE#         535
  C:111EH         LINE#         536
  C:1121H         LINE#         537
  C:1121H         LINE#         538
  C:1124H         LINE#         539
  C:1124H         LINE#         541
  C:1124H         LINE#         542
  C:112FH         LINE#         543
  C:1132H         LINE#         544
  C:1135H         LINE#         545
  C:1135H         LINE#         546
  C:1138H         LINE#         547
  C:1138H         LINE#         549
  C:1138H         LINE#         550
  C:1143H         LINE#         551
  C:1146H         LINE#         552
  C:1149H         LINE#         554
  C:1149H         LINE#         555
  C:114BH         LINE#         556
  C:114BH         LINE#         558
  C:114BH         LINE#         559
  C:1153H         LINE#         560
  C:1156H         LINE#         561
  C:1159H         LINE#         562
  C:1159H         LINE#         563
  C:115BH         LINE#         564
  C:115BH         LINE#         566
  C:115BH         LINE#         567
  C:1163H         LINE#         568
BL51 BANKED LINKER/LOCATER V6.22.2.0                                                  11/30/2018  11:09:59  PAGE 25


  C:1166H         LINE#         569
  C:1169H         LINE#         570
  C:1169H         LINE#         571
  C:116BH         LINE#         572
  C:116BH         LINE#         574
  C:116BH         LINE#         575
  C:1173H         LINE#         576
  C:1176H         LINE#         577
  C:1179H         LINE#         578
  C:1179H         LINE#         579
  C:117BH         LINE#         580
  C:117BH         LINE#         581
  C:117BH         LINE#         582
  C:1181H         LINE#         583
  C:1183H         LINE#         584
  C:1186H         LINE#         585
  C:1188H         LINE#         586
  C:118CH         LINE#         587
  C:118EH         LINE#         589
  C:1190H         LINE#         590
  C:1192H         LINE#         593
  C:1199H         LINE#         594
  C:119DH         LINE#         596
  C:11ADH         LINE#         597
  C:11B2H         LINE#         598
  C:11B8H         LINE#         599
  C:11BCH         LINE#         600
  C:11C1H         LINE#         601
  C:11C1H         LINE#         602
  C:11C1H         LINE#         603
  C:11C1H         LINE#         604
  C:11C1H         LINE#         605
  C:11C1H         LINE#         606
  C:11C4H         LINE#         607
  C:11C4H         LINE#         608
  -------         ENDPROC       KEY_SCAN
  -------         PROC          HEAT_AUTOCLOSE
  C:1948H         LINE#         610
  C:1948H         LINE#         611
  C:1948H         LINE#         612
  C:195FH         LINE#         613
  C:1960H         LINE#         614
  C:1965H         LINE#         615
  C:1967H         LINE#         616
  C:1969H         LINE#         617
  C:196CH         LINE#         618
  C:196FH         LINE#         619
  C:1973H         LINE#         620
  C:1975H         LINE#         621
  C:1979H         LINE#         622
  C:197FH         LINE#         623
  C:1982H         LINE#         624
  C:1984H         LINE#         625
  C:1987H         LINE#         626
  C:1987H         LINE#         627
  C:198FH         LINE#         629
  C:199FH         LINE#         630
BL51 BANKED LINKER/LOCATER V6.22.2.0                                                  11/30/2018  11:09:59  PAGE 26


  C:199FH         LINE#         631
  -------         ENDPROC       HEAT_AUTOCLOSE
  -------         PROC          COOL_AUTOCLOSE
  C:19A0H         LINE#         633
  C:19A0H         LINE#         634
  C:19A0H         LINE#         635
  C:19B7H         LINE#         636
  C:19B8H         LINE#         637
  C:19BDH         LINE#         638
  C:19BFH         LINE#         639
  C:19C1H         LINE#         640
  C:19C4H         LINE#         641
  C:19C7H         LINE#         642
  C:19CBH         LINE#         643
  C:19CDH         LINE#         644
  C:19D1H         LINE#         645
  C:19D7H         LINE#         646
  C:19DAH         LINE#         647
  C:19DCH         LINE#         648
  C:19DFH         LINE#         649
  C:19DFH         LINE#         650
  C:19E7H         LINE#         652
  C:19F7H         LINE#         653
  C:19F7H         LINE#         654
  -------         ENDPROC       COOL_AUTOCLOSE
  -------         PROC          WARM_AUTOCLOSE
  C:1BC1H         LINE#         656
  C:1BC1H         LINE#         657
  C:1BC1H         LINE#         659
  C:1BD8H         LINE#         660
  C:1BD9H         LINE#         661
  C:1BDEH         LINE#         662
  C:1BE0H         LINE#         663
  C:1BE2H         LINE#         664
  C:1BEAH         LINE#         665
  C:1BFAH         LINE#         666
  C:1BFAH         LINE#         668
  -------         ENDPROC       WARM_AUTOCLOSE
  -------         PROC          MASS_AUTOCLOSE
  C:1BFBH         LINE#         670
  C:1BFBH         LINE#         671
  C:1BFBH         LINE#         673
  C:1C12H         LINE#         674
  C:1C13H         LINE#         675
  C:1C18H         LINE#         677
  C:1C1AH         LINE#         678
  C:1C22H         LINE#         679
  C:1C32H         LINE#         680
  C:1C32H         LINE#         682
  -------         ENDPROC       MASS_AUTOCLOSE
  -------         PROC          APP_INIT
  -------         DO            
  D:0008H         SYMBOL        i
  -------         ENDDO         
  C:1320H         LINE#         730
  C:1320H         LINE#         732
  C:1323H         LINE#         733
BL51 BANKED LINKER/LOCATER V6.22.2.0                                                  11/30/2018  11:09:59  PAGE 27


  C:1326H         LINE#         734
  C:1329H         LINE#         735
  C:132EH         LINE#         736
  C:1331H         LINE#         737
  C:1334H         LINE#         738
  C:1339H         LINE#         739
  C:1357H         LINE#         740
  C:135BH         LINE#         741
  C:1368H         LINE#         742
  C:1375H         LINE#         743
  C:1375H         LINE#         744
  C:1382H         LINE#         745
  C:1395H         LINE#         746
  C:1398H         LINE#         747
  C:13A0H         LINE#         748
  C:13B0H         LINE#         749
  C:13B3H         LINE#         750
  C:13B9H         LINE#         751
  C:13BDH         LINE#         752
  C:13BFH         LINE#         753
  -------         ENDPROC       APP_INIT
  -------         PROC          APP_HANDLE
  -------         DO            
  D:0008H         SYMBOL        SentData
  -------         ENDDO         
  C:0772H         LINE#         768
  C:0772H         LINE#         770
  C:0775H         LINE#         775
  C:0778H         LINE#         780
  C:077EH         LINE#         781
  C:0795H         LINE#         783
  C:07B1H         LINE#         784
  C:07B1H         LINE#         785
  C:07BCH         LINE#         786
  C:07BFH         LINE#         787
  C:07C2H         LINE#         788
  C:07C2H         LINE#         789
  C:07C5H         LINE#         790
  C:07C5H         LINE#         792
  C:07C5H         LINE#         793
  C:07D0H         LINE#         794
  C:07D3H         LINE#         795
  C:07D6H         LINE#         796
  C:07D6H         LINE#         797
  C:07D9H         LINE#         798
  C:07D9H         LINE#         800
  C:07D9H         LINE#         801
  C:07E4H         LINE#         802
  C:07E7H         LINE#         803
  C:07EAH         LINE#         804
  C:07EAH         LINE#         805
  C:07ECH         LINE#         806
  C:07ECH         LINE#         808
  C:07ECH         LINE#         809
  C:07F4H         LINE#         810
  C:07F7H         LINE#         811
  C:07F9H         LINE#         812
BL51 BANKED LINKER/LOCATER V6.22.2.0                                                  11/30/2018  11:09:59  PAGE 28


  C:07FBH         LINE#         813
  C:07FBH         LINE#         814
  C:07FDH         LINE#         815
  C:07FDH         LINE#         817
  C:07FDH         LINE#         818
  C:0805H         LINE#         819
  C:0808H         LINE#         820
  C:080BH         LINE#         821
  C:080BH         LINE#         822
  C:080DH         LINE#         823
  C:080DH         LINE#         825
  C:080DH         LINE#         826
  C:0815H         LINE#         827
  C:0818H         LINE#         828
  C:081BH         LINE#         829
  C:081BH         LINE#         830
  C:081DH         LINE#         831
  C:081DH         LINE#         832
  C:081DH         LINE#         833
  C:0823H         LINE#         834
  C:0825H         LINE#         835
  C:0828H         LINE#         836
  C:082AH         LINE#         837
  C:082EH         LINE#         838
  C:0830H         LINE#         840
  C:0832H         LINE#         841
  C:0834H         LINE#         844
  C:083BH         LINE#         845
  C:083FH         LINE#         847
  C:084FH         LINE#         848
  C:0854H         LINE#         849
  C:085AH         LINE#         850
  C:085EH         LINE#         851
  C:0863H         LINE#         852
  C:0863H         LINE#         853
  C:0863H         LINE#         854
  C:0863H         LINE#         855
  C:0863H         LINE#         856
  C:0863H         LINE#         857
  C:0863H         LINE#         862
  C:086FH         LINE#         863
  C:086FH         LINE#         864
  C:086FH         LINE#         865
  C:0875H         LINE#         866
  C:0875H         LINE#         867
  C:0878H         LINE#         868
  C:0878H         LINE#         869
  C:087AH         LINE#         870
  C:087AH         LINE#         871
  C:0880H         LINE#         872
  C:0880H         LINE#         873
  C:0883H         LINE#         874
  C:0886H         LINE#         875
  C:0888H         LINE#         876
  C:088CH         LINE#         877
  C:088CH         LINE#         878
  C:0897H         LINE#         879
BL51 BANKED LINKER/LOCATER V6.22.2.0                                                  11/30/2018  11:09:59  PAGE 29


  C:0897H         LINE#         880
  C:089AH         LINE#         881
  C:089FH         LINE#         882
  C:08A5H         LINE#         883
  C:08A7H         LINE#         884
  C:08A9H         LINE#         885
  C:08AEH         LINE#         886
  C:08AEH         LINE#         887
  C:08B1H         LINE#         888
  C:08B1H         LINE#         890
  C:08B3H         LINE#         891
  C:08B3H         LINE#         892
  C:08B9H         LINE#         893
  C:08B9H         LINE#         894
  C:08BBH         LINE#         895
  C:08BDH         LINE#         896
  C:08BDH         LINE#         897
  C:08BDH         LINE#         898
  C:08BDH         LINE#         899
  C:08BDH         LINE#         900
  C:08BDH         LINE#         905
  C:08C3H         LINE#         906
  C:08D7H         LINE#         907
  C:08DCH         LINE#         908
  C:08E2H         LINE#         909
  C:08E2H         LINE#         914
  C:08EBH         LINE#         915
  C:08F0H         LINE#         916
  C:08F1H         LINE#         921
  C:08FCH         LINE#         922
  C:08FFH         LINE#         923
  C:0902H         LINE#         924
  C:0908H         LINE#         925
  C:090BH         LINE#         926
  C:090EH         LINE#         927
  C:090EH         LINE#         934
  C:091BH         LINE#         935
  C:091EH         LINE#         936
  C:0921H         LINE#         937
  C:0924H         LINE#         938
  C:092CH         LINE#         939
  C:092FH         LINE#         940
  C:0932H         LINE#         941
  C:0935H         LINE#         942
  C:093DH         LINE#         943
  C:0940H         LINE#         944
  C:0943H         LINE#         945
  C:0946H         LINE#         946
  C:0946H         LINE#         965
  C:0951H         LINE#         966
  C:0954H         LINE#         967
  C:0957H         LINE#         968
  C:095AH         LINE#         969
  C:0962H         LINE#         970
  C:0965H         LINE#         971
  C:0968H         LINE#         972
  C:096BH         LINE#         973
BL51 BANKED LINKER/LOCATER V6.22.2.0                                                  11/30/2018  11:09:59  PAGE 30


  C:096DH         LINE#         974
  C:0970H         LINE#         975
  C:0973H         LINE#         976
  C:0976H         LINE#         977
  C:0976H         LINE#         983
  C:0981H         LINE#         984
  C:0981H         LINE#         985
  C:0984H         LINE#         986
  C:0987H         LINE#         987
  C:0989H         LINE#         988
  C:098DH         LINE#         989
  C:098DH         LINE#         990
  C:0990H         LINE#         991
  C:0993H         LINE#         992
  C:0993H         LINE#         997
  C:099BH         LINE#         998
  C:099BH         LINE#         999
  C:099EH         LINE#         1000
  C:09A1H         LINE#         1001
  C:09A3H         LINE#         1002
  C:09A9H         LINE#         1003
  C:09A9H         LINE#         1004
  C:09ACH         LINE#         1005
  C:09AFH         LINE#         1006
  C:09AFH         LINE#         1009
  C:09B9H         LINE#         1010
  C:09BFH         LINE#         1011
  C:09BFH         LINE#         1016
  C:09C5H         LINE#         1017
  C:09C7H         LINE#         1018
  C:09CBH         LINE#         1019
  C:09D6H         LINE#         1020
  C:09D6H         LINE#         1025
  C:09D9H         LINE#         1026
  C:09DCH         LINE#         1027
  C:09DFH         LINE#         1028
  -------         ENDPROC       APP_HANDLE
  -------         PROC          BSP_UART1IQRHANDLE
  -------         DO            
  D:001DH         SYMBOL        crc
  -------         ENDDO         
  C:1B34H         LINE#         1079
  C:1B41H         LINE#         1080
  C:1B44H         LINE#         1082
  C:1B49H         LINE#         1083
  C:1B4CH         LINE#         1084
  C:1B5EH         LINE#         1085
  C:1B61H         LINE#         1086
  C:1B65H         LINE#         1088
  C:1B65H         LINE#         1089
  C:1B73H         LINE#         1090
  C:1B73H         LINE#         1140
  -------         ENDPROC       BSP_UART1IQRHANDLE
  -------         PROC          BSP_TIMER0IQRHANDLE
  -------         DO            
  D:0036H         SYMBOL        base_time
  -------         ENDDO         
BL51 BANKED LINKER/LOCATER V6.22.2.0                                                  11/30/2018  11:09:59  PAGE 31


  C:0FF4H         LINE#         1143
  C:1011H         LINE#         1145
  C:1014H         LINE#         1146
  C:1017H         LINE#         1147
  C:101AH         LINE#         1148
  C:101EH         LINE#         1149
  C:101EH         LINE#         1150
  C:1026H         LINE#         1151
  C:1026H         LINE#         1152
  C:103CH         LINE#         1153
  C:1042H         LINE#         1154
  C:1048H         LINE#         1155
  C:105DH         LINE#         1156
  C:1062H         LINE#         1157
  C:1066H         LINE#         1158
  C:1066H         LINE#         1159
  C:1066H         LINE#         1161
  C:106CH         LINE#         1162
  C:1081H         LINE#         1163
  C:1086H         LINE#         1164
  C:1086H         LINE#         1165
  C:1086H         LINE#         1173
  C:108CH         LINE#         1174
  C:108CH         LINE#         1175
  C:10A1H         LINE#         1176
  C:10A6H         LINE#         1177
  C:10A6H         LINE#         1178
  C:10A6H         LINE#         1180
  C:10ACH         LINE#         1181
  C:10ACH         LINE#         1182
  C:10C1H         LINE#         1183
  C:10C1H         LINE#         1184
  C:10C6H         LINE#         1185
  C:10C6H         LINE#         1186
  C:10C6H         LINE#         1188
  C:10C6H         LINE#         1202
  -------         ENDPROC       BSP_TIMER0IQRHANDLE
  -------         ENDMOD        APP

  -------         MODULE        S_TOUCHKEYCFG
  C:0000H         SYMBOL        _ICE_DUMMY_
  X:0000H         PUBLIC        ConfirmTouchCnt
  X:0001H         PUBLIC        BaseLine
  C:1D95H         PUBLIC        TouchKeyCFGInit
  C:1F44H         PUBLIC        _GetBaseLineAdjustValue
  X:000DH         PUBLIC        FloatAreaCnt
  B:00D0H.7       PUBLIC        TK_CY
  C:1CF7H         PUBLIC        _GetCurrFingerValue
  C:1FD5H         PUBLIC        GetCsFunction
  X:0013H         PUBLIC        CurrentChannel
  X:0019H         PUBLIC        RawData
  C:1FB5H         PUBLIC        IsDoubleKeyOrSlideKey
  X:0025H         PUBLIC        TouchCnt
  X:002BH         PUBLIC        LowFingerDataCnt
  C:0B83H         PUBLIC        TouchKeyScan
  C:1F71H         PUBLIC        SetOneKeyPushResetTime
  C:1F32H         PUBLIC        _GetScanTimeValue
BL51 BANKED LINKER/LOCATER V6.22.2.0                                                  11/30/2018  11:09:59  PAGE 32


  C:1F91H         PUBLIC        GetTKYzCnt
  X:0031H         PUBLIC        DifferAccum
  X:003DH         PUBLIC        RestAreaCnt
  C:0046H         PUBLIC        _GetTKYzThreshold
  C:19F8H         PUBLIC        CurrentSensorChoose
  C:1FADH         PUBLIC        GetInitAutoUpdateTime
  X:0043H         PUBLIC        MultipleLNum
  C:000EH         PUBLIC        _GetCfgMsg
  X:0045H         PUBLIC        SOCAPI_TouchKeyStatus
  C:1FBDH         PUBLIC        GetUpConfirmCnt
  X:0046H         PUBLIC        UpdateBaseLNum
  X:0048H         PUBLIC        SetNoiseThreshold
  C:1F7CH         PUBLIC        GetBaselineUpdateThreshold
  X:0049H         PUBLIC        FilterData
  X:0055H         PUBLIC        NoTouchCnt
  X:005BH         PUBLIC        MultipleDealTpye
  C:1A6DH         PUBLIC        TKChannelCfg
  C:1A4BH         PUBLIC        TKCFG
  D:00D0H         PUBLIC        TK_PSW
  -------         PROC          SETONEKEYPUSHRESETTIME
  C:1F71H         LINE#         94
  C:1F71H         LINE#         95
  C:1F71H         LINE#         96
  C:1F7BH         LINE#         97
  -------         ENDPROC       SETONEKEYPUSHRESETTIME
  -------         PROC          GETBASELINEUPDATETHRESHOLD
  C:1F7CH         LINE#         105
  C:1F7CH         LINE#         106
  C:1F7CH         LINE#         107
  C:1F86H         LINE#         108
  -------         ENDPROC       GETBASELINEUPDATETHRESHOLD
  -------         PROC          GETINITAUTOUPDATETIME
  C:1FADH         LINE#         117
  C:1FADH         LINE#         118
  C:1FADH         LINE#         119
  C:1FB4H         LINE#         120
  -------         ENDPROC       GETINITAUTOUPDATETIME
  -------         PROC          GETCSFUNCTION
  C:1FD5H         LINE#         128
  C:1FD5H         LINE#         129
  C:1FD5H         LINE#         130
  C:1FD7H         LINE#         131
  -------         ENDPROC       GETCSFUNCTION
  -------         PROC          _GETCURRFINGERVALUE
  D:0005H         SYMBOL        i
  C:1CF7H         LINE#         139
  C:1CF9H         LINE#         140
  C:1CF9H         LINE#         141
  C:1D22H         LINE#         142
  -------         ENDPROC       _GETCURRFINGERVALUE
  -------         PROC          _GETSCANTIMEVALUE
  D:0007H         SYMBOL        i
  C:1F32H         LINE#         151
  C:1F32H         LINE#         152
  C:1F32H         LINE#         153
  C:1F43H         LINE#         154
  -------         ENDPROC       _GETSCANTIMEVALUE
BL51 BANKED LINKER/LOCATER V6.22.2.0                                                  11/30/2018  11:09:59  PAGE 33


  -------         PROC          ISDOUBLEKEYORSLIDEKEY
  C:1FB5H         LINE#         162
  C:1FB5H         LINE#         163
  C:1FB5H         LINE#         164
  C:1FBCH         LINE#         165
  -------         ENDPROC       ISDOUBLEKEYORSLIDEKEY
  -------         PROC          _GETBASELINEADJUSTVALUE
  D:0007H         SYMBOL        i
  C:1F44H         LINE#         174
  C:1F44H         LINE#         175
  C:1F44H         LINE#         176
  C:1F55H         LINE#         177
  -------         ENDPROC       _GETBASELINEADJUSTVALUE
  -------         PROC          GETUPCONFIRMCNT
  C:1FBDH         LINE#         185
  C:1FBDH         LINE#         186
  C:1FBDH         LINE#         187
  C:1FC4H         LINE#         188
  -------         ENDPROC       GETUPCONFIRMCNT
  -------         PROC          GETTKYZCNT
  C:1F91H         LINE#         197
  C:1F91H         LINE#         198
  C:1F91H         LINE#         199
  C:1F9AH         LINE#         200
  -------         ENDPROC       GETTKYZCNT
  -------         PROC          _GETTKYZTHRESHOLD
  D:0007H         SYMBOL        i
  -------         DO            
  D:0006H         SYMBOL        SetFingerThresholdtmp
  -------         ENDDO         
  C:0046H         LINE#         209
  C:0046H         LINE#         210
  C:0046H         LINE#         213
  C:0049H         LINE#         214
  -------         ENDPROC       _GETTKYZTHRESHOLD
  -------         PROC          CURRENTSENSORCHOOSE
  -------         DO            
  D:0003H         SYMBOL        i
  D:0002H         SYMBOL        Ctk_Channel_mark
  D:000AH         SYMBOL        CurrentSensorKey
  -------         ENDDO         
  C:19F8H         LINE#         225
  C:19F8H         LINE#         226
  C:19F8H         LINE#         227
  C:19FAH         LINE#         228
  C:19FBH         LINE#         229
  C:1A03H         LINE#         231
  C:1A0CH         LINE#         233
  C:1A16H         LINE#         234
  C:1A16H         LINE#         235
  C:1A2BH         LINE#         236
  C:1A2EH         LINE#         237
  C:1A2EH         LINE#         238
  C:1A3AH         LINE#         239
  C:1A3BH         LINE#         240
  C:1A45H         LINE#         241
  C:1A45H         LINE#         242
BL51 BANKED LINKER/LOCATER V6.22.2.0                                                  11/30/2018  11:09:59  PAGE 34


  C:1A45H         LINE#         243
  C:1A48H         LINE#         244
  C:1A4AH         LINE#         245
  -------         ENDPROC       CURRENTSENSORCHOOSE
  -------         PROC          _GETCFGMSG
  D:0007H         SYMBOL        i
  C:000EH         LINE#         254
  C:000EH         LINE#         255
  C:000EH         LINE#         256
  C:001FH         LINE#         257
  C:001FH         LINE#         258
  C:0024H         LINE#         259
  C:0029H         LINE#         260
  C:002CH         LINE#         261
  C:0030H         LINE#         262
  C:0038H         LINE#         263
  C:003AH         LINE#         264
  C:003AH         LINE#         265
  -------         ENDPROC       _GETCFGMSG
  -------         PROC          TOUCHKEYCFGINIT
  C:1D95H         LINE#         274
  C:1D95H         LINE#         275
  C:1D95H         LINE#         276
  C:1D9FH         LINE#         277
[...]
  D:000BH         SYMBOL        i
  -------         ENDDO         
  C:1C68H         LINE#         233
  C:1C68H         LINE#         234
  C:1C68H         LINE#         237
  C:1C6BH         LINE#         239
  C:1C6BH         LINE#         240
  C:1C6EH         LINE#         241
  C:1C75H         LINE#         242
  C:1C78H         LINE#         244
  C:1C7DH         LINE#         246
  C:1C7DH         LINE#         247
BL51 BANKED LINKER/LOCATER V6.22.2.0                                                  11/30/2018  11:09:59  PAGE 39


  C:1C80H         LINE#         248
  C:1C8AH         LINE#         249
  C:1C8AH         LINE#         250
  C:1C8FH         LINE#         251
  C:1C93H         LINE#         252
  C:1C9AH         LINE#         253
  -------         ENDPROC       FILTERAVERGEDEAL
  -------         PROC          INITIALIZEBASELINES
  -------         DO            
  D:0007H         SYMBOL        i
  -------         ENDDO         
  C:1E44H         LINE#         262
  C:1E44H         LINE#         263
  C:1E44H         LINE#         265
  C:1E4CH         LINE#         266
  C:1E4CH         LINE#         267
  C:1E5BH         LINE#         268
  C:1E5EH         LINE#         269
  -------         ENDPROC       INITIALIZEBASELINES
  -------         PROC          SENSORKEYFLAG
  -------         DO            
  D:0013H         SYMBOL        i
  -------         ENDDO         
  C:1D70H         LINE#         278
  C:1D70H         LINE#         279
  C:1D70H         LINE#         282
  C:1D75H         LINE#         283
  C:1D7EH         LINE#         284
  C:1D7EH         LINE#         285
  C:1D83H         LINE#         286
  C:1D88H         LINE#         287
  C:1D8CH         LINE#         288
  C:1D94H         LINE#         289
  -------         ENDPROC       SENSORKEYFLAG
  -------         PROC          _SENSORRENOVATE
  D:0014H         SYMBOL        i
  -------         DO            
  D:0015H         SYMBOL        differData
  D:0017H         SYMBOL        result
  D:0018H         SYMBOL        j
  D:0019H         SYMBOL        RealConfirmTouchCnt
  D:001AH         SYMBOL        SetFingerThresholdtmp
  D:001CH         SYMBOL        testcount
  -------         ENDDO         
  C:005EH         LINE#         298
  C:0060H         LINE#         299
  C:0060H         LINE#         305
  C:0063H         LINE#         307
  C:007BH         LINE#         310
  C:0090H         LINE#         312
  C:0099H         LINE#         314
  C:00A5H         LINE#         315
  C:00A5H         LINE#         316
  C:00A8H         LINE#         317
  C:00AAH         LINE#         319
  C:00AAH         LINE#         320
  C:00ADH         LINE#         321
BL51 BANKED LINKER/LOCATER V6.22.2.0                                                  11/30/2018  11:09:59  PAGE 40


  C:00ADH         LINE#         324
  C:00B6H         LINE#         325
  C:00B6H         LINE#         326
  C:00C3H         LINE#         327
  C:00C3H         LINE#         328
  C:00CDH         LINE#         329
  C:00CDH         LINE#         331
  C:00DEH         LINE#         332
  C:00DEH         LINE#         333
  C:00E4H         LINE#         334
  C:00EAH         LINE#         335
  C:00EAH         LINE#         336
  C:00EDH         LINE#         337
  C:00F6H         LINE#         338
  C:00F6H         LINE#         339
  C:00FFH         LINE#         340
  C:0101H         LINE#         341
  C:0105H         LINE#         342
  C:010CH         LINE#         343
  C:010CH         LINE#         344
  C:0112H         LINE#         345
  C:0112H         LINE#         346
  C:0112H         LINE#         347
  C:0122H         LINE#         348
  C:0122H         LINE#         349
  C:0125H         LINE#         351
  C:012BH         LINE#         352
  C:012BH         LINE#         353
  C:0134H         LINE#         354
  C:0134H         LINE#         355
  C:013AH         LINE#         356
  C:013AH         LINE#         357
  C:0145H         LINE#         358
  C:0145H         LINE#         359
  C:0148H         LINE#         360
  C:014AH         LINE#         361
  C:014AH         LINE#         362
  C:014AH         LINE#         363
  C:014EH         LINE#         364
  C:0154H         LINE#         365
  C:0154H         LINE#         366
  C:0158H         LINE#         367
  C:0158H         LINE#         368
  C:0161H         LINE#         369
  C:0161H         LINE#         370
  C:0167H         LINE#         371
  C:0167H         LINE#         372
  C:0176H         LINE#         373
  C:0176H         LINE#         374
  C:0176H         LINE#         375
  C:0178H         LINE#         376
  C:0178H         LINE#         377
  C:0178H         LINE#         378
  C:017CH         LINE#         379
  C:017CH         LINE#         380
  C:017CH         LINE#         381
  C:017CH         LINE#         383
BL51 BANKED LINKER/LOCATER V6.22.2.0                                                  11/30/2018  11:09:59  PAGE 41


  C:017CH         LINE#         384
  C:0182H         LINE#         385
  C:0182H         LINE#         386
  C:0184H         LINE#         387
  C:018DH         LINE#         388
  C:018DH         LINE#         389
  C:0196H         LINE#         390
  C:0196H         LINE#         391
  C:0198H         LINE#         392
  C:0198H         LINE#         393
  C:019CH         LINE#         394
  C:01A3H         LINE#         395
  C:01A3H         LINE#         396
  C:01A6H         LINE#         397
  C:01A6H         LINE#         398
  C:01A6H         LINE#         399
  C:01A6H         LINE#         401
  C:01ABH         LINE#         402
  C:01ABH         LINE#         403
  C:01ADH         LINE#         404
  C:01ADH         LINE#         405
  C:01C8H         LINE#         406
  C:01C8H         LINE#         407
  C:01C8H         LINE#         410
  C:01CDH         LINE#         411
  C:01D2H         LINE#         412
  C:01D9H         LINE#         413
  C:01E2H         LINE#         414
  C:01E5H         LINE#         417
  C:01E5H         LINE#         418
  C:01EFH         LINE#         419
  C:01EFH         LINE#         420
  C:01EFH         LINE#         421
  C:01EFH         LINE#         422
  C:01F5H         LINE#         423
  C:01F5H         LINE#         424
  C:01F7H         LINE#         426
  C:01F7H         LINE#         427
  C:01FDH         LINE#         428
  C:0202H         LINE#         429
  C:0202H         LINE#         431
  C:021BH         LINE#         432
  C:021BH         LINE#         433
  C:021FH         LINE#         434
  C:0222H         LINE#         435
  C:022AH         LINE#         436
  C:022AH         LINE#         437
  C:0235H         LINE#         438
  C:0245H         LINE#         439
  C:0245H         LINE#         440
  C:024CH         LINE#         441
  C:024CH         LINE#         442
  C:024EH         LINE#         443
  C:0268H         LINE#         444
  C:0268H         LINE#         445
  C:0272H         LINE#         446
  C:0279H         LINE#         447
BL51 BANKED LINKER/LOCATER V6.22.2.0                                                  11/30/2018  11:09:59  PAGE 42


  C:0279H         LINE#         448
  C:0279H         LINE#         449
  C:027CH         LINE#         450
  C:0297H         LINE#         451
  C:0297H         LINE#         452
  C:029AH         LINE#         453
  C:029FH         LINE#         454
  C:02ACH         LINE#         455
  C:02ACH         LINE#         457
  C:02B2H         LINE#         458
  C:02B2H         LINE#         459
  C:02B7H         LINE#         460
  C:02B9H         LINE#         461
  C:02BEH         LINE#         462
  C:02C0H         LINE#         464
  C:02C0H         LINE#         465
  C:02E0H         LINE#         466
  C:02E0H         LINE#         467
  C:02E0H         LINE#         468
  C:02E8H         LINE#         469
  C:02E8H         LINE#         470
  C:02EBH         LINE#         471
  C:02EBH         LINE#         472
  C:02EEH         LINE#         473
  C:02F6H         LINE#         474
  C:02F6H         LINE#         475
  C:02F9H         LINE#         476
  C:02FEH         LINE#         477
  C:02FEH         LINE#         478
  C:0301H         LINE#         479
  C:0308H         LINE#         480
  C:0308H         LINE#         481
  C:030DH         LINE#         482
  C:0325H         LINE#         483
  C:0325H         LINE#         484
  C:0325H         LINE#         485
  C:0325H         LINE#         488
  C:0330H         LINE#         489
  C:0330H         LINE#         490
  C:034EH         LINE#         491
  C:034EH         LINE#         492
  C:0354H         LINE#         493
  C:0359H         LINE#         494
  C:0363H         LINE#         495
  C:0363H         LINE#         496
  C:036CH         LINE#         497
  C:036EH         LINE#         498
  C:0372H         LINE#         499
  C:0379H         LINE#         500
  C:0379H         LINE#         501
  C:037FH         LINE#         502
  C:037FH         LINE#         503
  C:0388H         LINE#         504
  C:0388H         LINE#         505
  C:038DH         LINE#         506
  C:03AFH         LINE#         507
  C:03BCH         LINE#         508
BL51 BANKED LINKER/LOCATER V6.22.2.0                                                  11/30/2018  11:09:59  PAGE 43


  C:03BCH         LINE#         509
  C:03BDH         LINE#         511
  C:03BDH         LINE#         512
  C:03C3H         LINE#         513
  C:03C3H         LINE#         514
  C:03C4H         LINE#         516
  C:03C4H         LINE#         517
  C:03CDH         LINE#         519
  C:03D4H         LINE#         520
  C:03D4H         LINE#         522
  C:03D4H         LINE#         524
  C:03DDH         LINE#         525
  C:03DDH         LINE#         527
  C:03DDH         LINE#         529
  C:03E7H         LINE#         530
  C:03E7H         LINE#         531
  C:03EDH         LINE#         532
  C:03EDH         LINE#         533
  C:03F0H         LINE#         534
  C:03F0H         LINE#         535
  C:03F4H         LINE#         536
  C:03F8H         LINE#         537
  C:03F8H         LINE#         538
  C:03FAH         LINE#         539
  C:03FAH         LINE#         540
  C:03FAH         LINE#         542
  C:03FAH         LINE#         543
  -------         ENDPROC       _SENSORRENOVATE
  -------         PROC          FILTERIIRINIT
  -------         DO            
  D:0007H         SYMBOL        i
  -------         ENDDO         
  C:1DB4H         LINE#         551
  C:1DB4H         LINE#         552
  C:1DB4H         LINE#         554
  C:1DBCH         LINE#         555
  C:1DBCH         LINE#         556
  C:1DCEH         LINE#         557
  C:1DD1H         LINE#         558
  -------         ENDPROC       FILTERIIRINIT
  -------         PROC          _FILTERDATADEAL
  D:0015H         SYMBOL        i
  -------         DO            
  D:0016H         SYMBOL        FilterTemp
  D:0004H         SYMBOL        SetFingerThresholdtmp
  -------         ENDDO         
  C:11C5H         LINE#         567
  C:11C7H         LINE#         568
  C:11C7H         LINE#         572
  C:11D4H         LINE#         574
  C:11DDH         LINE#         576
  C:11F2H         LINE#         577
  C:11F2H         LINE#         578
  C:11FAH         LINE#         579
  C:11FDH         LINE#         580
  C:1216H         LINE#         581
  C:1216H         LINE#         582
BL51 BANKED LINKER/LOCATER V6.22.2.0                                                  11/30/2018  11:09:59  PAGE 44


  C:123BH         LINE#         583
  C:123DH         LINE#         585
  C:123DH         LINE#         586
  C:1275H         LINE#         587
  C:1275H         LINE#         589
  C:127FH         LINE#         590
  -------         ENDPROC       _FILTERDATADEAL
  -------         PROC          GETISNEEDUPDATEBASELINE
  C:1FDBH         LINE#         599
  C:1FDBH         LINE#         600
  C:1FDBH         LINE#         601
  C:1FDDH         LINE#         602
  -------         ENDPROC       GETISNEEDUPDATEBASELINE
  -------         PROC          SETNEEDUPDATEBASELINE
  C:1FDEH         LINE#         611
  C:1FDEH         LINE#         612
  C:1FDEH         LINE#         613
  C:1FE0H         LINE#         614
  -------         ENDPROC       SETNEEDUPDATEBASELINE
  -------         PROC          INITIALIZESENSORFLAG
  -------         DO            
  D:0007H         SYMBOL        i
  -------         ENDDO         
  C:1A9DH         LINE#         623
  C:1A9DH         LINE#         624
  C:1A9DH         LINE#         626
  C:1AA5H         LINE#         627
  C:1AA5H         LINE#         628
  C:1AADH         LINE#         629
  C:1AB5H         LINE#         630
  C:1ABDH         LINE#         631
  C:1AC5H         LINE#         632
  C:1ACDH         LINE#         633
  C:1AD0H         LINE#         635
  C:1AD9H         LINE#         636
  C:1ADFH         LINE#         637
  C:1AE6H         LINE#         638
  C:1AE8H         LINE#         639
  -------         ENDPROC       INITIALIZESENSORFLAG
  -------         PROC          _MULTIPLEDEAL
  D:0013H         SYMBOL        CycleCnt
  -------         DO            
  X:0099H         SYMBOL        InitSensorCnt
  D:0004H         SYMBOL        FilterTemp
  D:0014H         SYMBOL        t
  -------         ENDDO         
  C:0CB3H         LINE#         648
  C:0CB5H         LINE#         649
  C:0CB5H         LINE#         655
  C:0CBEH         LINE#         656
  C:0CBEH         LINE#         657
  C:0CC0H         LINE#         658
  C:0CC6H         LINE#         659
  C:0CC6H         LINE#         660
  C:0CCFH         LINE#         661
  C:0CCFH         LINE#         662
  C:0CE4H         LINE#         663
BL51 BANKED LINKER/LOCATER V6.22.2.0                                                  11/30/2018  11:09:59  PAGE 45


  C:0CE8H         LINE#         664
  C:0CE8H         LINE#         665
  C:0CEBH         LINE#         666
  C:0CEDH         LINE#         667
  C:0CF3H         LINE#         669
  C:0CF3H         LINE#         671
  C:0CF9H         LINE#         672
  C:0CFDH         LINE#         673
  C:0CFDH         LINE#         674
  C:0D00H         LINE#         675
  C:0D05H         LINE#         676
  C:0D05H         LINE#         678
  C:0D11H         LINE#         679
  C:0D11H         LINE#         680
  C:0D1BH         LINE#         681
  C:0D1BH         LINE#         682
  C:0D34H         LINE#         683
  C:0D3AH         LINE#         684
  C:0D3AH         LINE#         685
  C:0D61H         LINE#         686
  C:0D63H         LINE#         689
  C:0D63H         LINE#         690
  C:0D8BH         LINE#         691
  C:0D8BH         LINE#         692
  C:0D8BH         LINE#         693
  C:0D90H         LINE#         694
  C:0D95H         LINE#         696
  C:0D9AH         LINE#         697
  C:0D9AH         LINE#         698
  C:0DA0H         LINE#         699
  C:0DA0H         LINE#         701
  C:0DADH         LINE#         702
  C:0DADH         LINE#         703
  C:0DAFH         LINE#         704
  C:0DB1H         LINE#         705
  C:0DB7H         LINE#         706
  C:0DC4H         LINE#         707
  C:0DC4H         LINE#         708
  C:0DC9H         LINE#         709
  C:0DCCH         LINE#         710
  C:0DCFH         LINE#         711
  C:0DD1H         LINE#         712
  C:0DD1H         LINE#         713
  C:0DD1H         LINE#         714
  C:0DD1H         LINE#         715
  -------         ENDPROC       _MULTIPLEDEAL
  -------         ENDMOD        SENSORMETHOD

  -------         MODULE        ?C?COPY
  C:04CBH         PUBLIC        ?C?COPY
  -------         ENDMOD        ?C?COPY

  -------         MODULE        ?C?CLDPTR
  C:04F1H         PUBLIC        ?C?CLDPTR
  -------         ENDMOD        ?C?CLDPTR

  -------         MODULE        ?C?CSTPTR
BL51 BANKED LINKER/LOCATER V6.22.2.0                                                  11/30/2018  11:09:59  PAGE 46


  C:050AH         PUBLIC        ?C?CSTPTR
  -------         ENDMOD        ?C?CSTPTR

  -------         MODULE        ?C?IMUL
  C:051CH         PUBLIC        ?C?IMUL
  -------         ENDMOD        ?C?IMUL

  -------         MODULE        ?C?UIDIV
  C:052EH         PUBLIC        ?C?UIDIV
  -------         ENDMOD        ?C?UIDIV

  -------         MODULE        ?C?IILDX
  C:0583H         PUBLIC        ?C?IILDX
  -------         ENDMOD        ?C?IILDX

  -------         MODULE        ?C?ILDIX
  C:0599H         PUBLIC        ?C?ILDIX
  -------         ENDMOD        ?C?ILDIX

  -------         MODULE        ?C?ILDPTR
  C:05AFH         PUBLIC        ?C?ILDPTR
  -------         ENDMOD        ?C?ILDPTR

  -------         MODULE        ?C?LNOT
  C:05DAH         PUBLIC        ?C?LNOT
  -------         ENDMOD        ?C?LNOT

  -------         MODULE        ?C?ULCMP
  C:05E7H         PUBLIC        ?C?ULCMP
  -------         ENDMOD        ?C?ULCMP

  -------         MODULE        ?C?ULSHR
  C:05F8H         PUBLIC        ?C?ULSHR
  -------         ENDMOD        ?C?ULSHR

  -------         MODULE        ?C?LSHL
  C:060BH         PUBLIC        ?C?LSHL
  -------         ENDMOD        ?C?LSHL

  -------         MODULE        ?C?LLDOPTR
  C:061EH         PUBLIC        ?C?LLDOPTR
  -------         ENDMOD        ?C?LLDOPTR

  -------         MODULE        ?C?LSTPTR
  C:064EH         PUBLIC        ?C?LSTPTR
  -------         ENDMOD        ?C?LSTPTR

  -------         MODULE        ?C?LSTOPTR
  C:0668H         PUBLIC        ?C?LSTOPTR
  -------         ENDMOD        ?C?LSTOPTR

  -------         MODULE        ?C?LLDPTR0
  C:068CH         PUBLIC        ?C?LLDPTR0
  -------         ENDMOD        ?C?LLDPTR0

  -------         MODULE        ?C?OFFXADD
  C:06ACH         PUBLIC        ?C?OFFXADD
BL51 BANKED LINKER/LOCATER V6.22.2.0                                                  11/30/2018  11:09:59  PAGE 47


  -------         ENDMOD        ?C?OFFXADD

  -------         MODULE        ?C?MEMSET
  C:06B8H         PUBLIC        ?C?MEMSET
  -------         ENDMOD        ?C?MEMSET

  -------         MODULE        ?C?LLDIDATA
  C:06E4H         PUBLIC        ?C?LLDIDATA
  -------         ENDMOD        ?C?LLDIDATA

  -------         MODULE        ?C?LLDXDATA
  C:06F0H         PUBLIC        ?C?LLDXDATA
  -------         ENDMOD        ?C?LLDXDATA

  -------         MODULE        ?C?LLDPDATA
  C:06FCH         PUBLIC        ?C?LLDPDATA
  -------         ENDMOD        ?C?LLDPDATA

  -------         MODULE        ?C?LLDCODE
  C:0708H         PUBLIC        ?C?LLDCODE
  -------         ENDMOD        ?C?LLDCODE

  -------         MODULE        ?C?LLDIDATA0
  C:0718H         PUBLIC        ?C?LLDIDATA0
  -------         ENDMOD        ?C?LLDIDATA0

  -------         MODULE        ?C?LLDXDATA0
  C:0725H         PUBLIC        ?C?LLDXDATA0
  -------         ENDMOD        ?C?LLDXDATA0

  -------         MODULE        ?C?LLDPDATA0
  C:0731H         PUBLIC        ?C?LLDPDATA0
  -------         ENDMOD        ?C?LLDPDATA0

  -------         MODULE        ?C?LLDCODE0
  C:073EH         PUBLIC        ?C?LLDCODE0
  -------         ENDMOD        ?C?LLDCODE0

  -------         MODULE        ?C?LSTIDATA
  C:074EH         PUBLIC        ?C?LSTIDATA
  -------         ENDMOD        ?C?LSTIDATA

  -------         MODULE        ?C?LSTXDATA
  C:075AH         PUBLIC        ?C?LSTXDATA
  -------         ENDMOD        ?C?LSTXDATA

  -------         MODULE        ?C?LSTPDATA
  C:0766H         PUBLIC        ?C?LSTPDATA
  -------         ENDMOD        ?C?LSTPDATA

*** WARNING L16: UNCALLED SEGMENT, IGNORED FOR OVERLAY PROCESS
    SEGMENT: ?PR?_TIMEOUT_RECORD?TIMEOUT

*** WARNING L16: UNCALLED SEGMENT, IGNORED FOR OVERLAY PROCESS
    SEGMENT: ?PR?_TIMEOUTDET_CHECK?TIMEOUT

Program Size: data=77.3 xdata=162 code=8159
BL51 BANKED LINKER/LOCATER V6.22.2.0                                                  11/30/2018  11:09:59  PAGE 48


LINK/LOCATE RUN COMPLETE.  2 WARNING(S),  0 ERROR(S)
